155.198.14.148 - - [06/Oct/2009:16:11:30 +0000] "GET /clubs-and-societies/a-to-z/a/assassins-guild/ HTTP/1.1" 200 13943 "http://imperialcollegeunion.org/clubs-and-societies/a-to-z/?lp=303" "Mozilla/4.0 (compatible; MSIE 8.0; Windows NT 5.1; Trident/4.0; .NET CLR 1.1.4322; Imperial College; .NET CLR 2.0.50727; .NET CLR 3.0.4506.2152; .NET CLR 3.5.30729; InfoPath.2; Imperial College)"
155.198.57.38 - - [06/Oct/2009:16:11:36 +0000] "GET /news.xml HTTP/1.1" 200 6406 "-" "Java/1.4.2_14"
66.249.71.72 - - [06/Oct/2009:16:11:36 +0000] "GET /clubs-and-societies/a-to-z/e/equinox/ HTTP/1.1" 302 261 "-" "Mozilla/5.0 (compatible; Googlebot/2.1; +http://www.google.com/bot.html)"
65.55.115.151 - - [06/Oct/2009:16:11:37 +0000] "GET /robots.txt HTTP/1.1" 302 261 "-" "msnbot/2.0b (+http://search.msn.com/msnbot.htm)"
129.31.77.132 - - [06/Oct/2009:16:11:37 +0000] "GET /events.xml HTTP/1.1" 200 5128 "http://www.imperialcollegeunion.org/clubs-and-societies/a-to-z/t/tea/" "Mozilla/4.0 (compatible; MSIE 7.0; Windows NT 6.0; GTB5; SLCC1; .NET CLR 2.0.50727; Media Center PC 5.0; .NET CLR 3.5.30729; .NET CLR 3.0.30618)"
155.198.57.38 - - [06/Oct/2009:16:11:38 +0000] "GET /events.xml HTTP/1.1" 200 5128 "-" "Java/1.4.2_14"
129.31.77.132 - - [06/Oct/2009:16:11:39 +0000] "GET /favicon.ico HTTP/1.1" 404 9452 "-" "Mozilla/4.0 (compatible; MSIE 7.0; Windows NT 6.0; GTB5; SLCC1; .NET CLR 2.0.50727; Media Center PC 5.0; .NET CLR 3.5.30729; .NET CLR 3.0.30618)"
65.55.207.131 - - [06/Oct/2009:16:11:41 +0000] "GET /acc/badminton/news/news.php?story=45 HTTP/1.1" 302 254 "-" "msnbot/2.0b (+http://search.msn.com/msnbot.htm)"
155.198.125.120 - - [06/Oct/2009:16:11:43 +0000] "GET / HTTP/1.1" 200 37887 "-" "Mozilla/5.0 (X11; U; Linux x86_64; en-GB; rv:1.9.0.14) Gecko/2009090216 Ubuntu/8.04 (hardy) Firefox/3.0.14"
155.198.125.120 - - [06/Oct/2009:16:11:44 +0000] "GET /unions/home-news.vm?id=com.othermedia.imperial.model.clubsociety.UnionTab-L-1 HTTP/1.1" 200 9757 "http://imperialcollegeunion.org/" "Mozilla/5.0 (X11; U; Linux x86_64; en-GB; rv:1.9.0.14) Gecko/2009090216 Ubuntu/8.04 (hardy) Firefox/3.0.14"
155.198.57.23 - - [06/Oct/2009:16:11:45 +0000] "GET /events.xml HTTP/1.1" 200 5128 "-" "Java/1.4.2_14"
155.198.14.148 - - [06/Oct/2009:16:11:46 +0000] "GET /clubs-and-societies/a-to-z/a/alternative-music/contact.html?Pcs=com.othermedia.imperial.model.ClubSocietyHandle-L-179 HTTP/1.1" 200 11216 "http://imperialcollegeunion.org/clubs-and-societies/a-to-z/a/alternative-music/" "Mozilla/4.0 (compatible; MSIE 8.0; Windows NT 5.1; Trident/4.0; .NET CLR 1.1.4322; Imperial College; .NET CLR 2.0.50727; .NET CLR 3.0.4506.2152; .NET CLR 3.5.30729; InfoPath.2; Imperial College)"
89.28.208.5 - - [06/Oct/2009:16:11:48 +0000] "GET /contact-us/ HTTP/1.0" 200 15980 "-" "check_http/v1861 (nagios-plugins 1.4.11)"
66.249.71.72 - - [06/Oct/2009:16:11:50 +0000] "GET /clubs-and-societies/a-to-z/r/rugby-womens/ HTTP/1.1" 302 261 "-" "Mozilla/5.0 (compatible; Googlebot/2.1; +http://www.google.com/bot.html)"
74.6.22.94 - - [06/Oct/2009:16:11:50 +0000] "GET /women-in-set-332/ HTTP/1.0" 302 249 "-" "Mozilla/5.0 (compatible; Yahoo! Slurp/3.0; http://help.yahoo.com/help/us/ysearch/slurp)"
155.198.16.51 - - [06/Oct/2009:16:11:51 +0000] "GET /news-events/ HTTP/1.1" 302 87 "http://www.imperialcollegeunion.org/clubs-and-societies/" "Mozilla/5.0 (Windows; U; Windows NT 5.1; en-GB; rv:1.9.1.1) Gecko/20090715 Firefox/3.5.1 (.NET CLR 3.5.30729)"
155.198.16.51 - - [06/Oct/2009:16:11:51 +0000] "GET /news?opt=news HTTP/1.1" 200 20385 "http://www.imperialcollegeunion.org/clubs-and-societies/" "Mozilla/5.0 (Windows; U; Windows NT 5.1; en-GB; rv:1.9.1.1) Gecko/20090715 Firefox/3.5.1 (.NET CLR 3.5.30729)"
155.198.125.120 - - [06/Oct/2009:16:11:52 +0000] "GET /news-events/ HTTP/1.1" 302 87 "http://imperialcollegeunion.org/" "Mozilla/5.0 (X11; U; Linux x86_64; en-GB; rv:1.9.0.14) Gecko/2009090216 Ubuntu/8.04 (hardy) Firefox/3.0.14"
155.198.125.120 - - [06/Oct/2009:16:11:52 +0000] "GET /news?opt=news HTTP/1.1" 200 20375 "http://imperialcollegeunion.org/" "Mozilla/5.0 (X11; U; Linux x86_64; en-GB; rv:1.9.0.14) Gecko/2009090216 Ubuntu/8.04 (hardy) Firefox/3.0.14"
67.195.110.182 - - [06/Oct/2009:16:11:52 +0000] "GET /contact-us/map-of-south-kensington-campus/?lp=164 HTTP/1.0" 302 256 "-" "Mozilla/5.0 (compatible; Yahoo! Slurp/3.0; http://help.yahoo.com/help/us/ysearch/slurp)"
66.249.71.111 - - [06/Oct/2009:16:11:53 +0000] "GET /representation/governance/elections/?lp=357 HTTP/1.1" 302 268 "-" "Mozilla/5.0 (compatible; Googlebot/2.1; +http://www.google.com/bot.html)"
155.198.57.38 - - [06/Oct/2009:16:11:53 +0000] "GET /events.xml HTTP/1.1" 200 5128 "-" "Java/1.4.2_14"
89.28.208.5 - - [06/Oct/2009:16:11:54 +0000] "GET / HTTP/1.0" 200 37887 "-" "check_http/v1861 (nagios-plugins 1.4.11)"
155.198.16.51 - - [06/Oct/2009:16:11:54 +0000] "GET /news/changes-to-our-freshers-week-line-up,301,ICUNS.html HTTP/1.1" 200 9694 "http://www.imperialcollegeunion.org/news?opt=news" "Mozilla/5.0 (Windows; U; Windows NT 5.1; en-GB; rv:1.9.1.1) Gecko/20090715 Firefox/3.5.1 (.NET CLR 3.5.30729)"
155.198.57.38 - - [06/Oct/2009:16:11:54 +0000] "GET /events.xml HTTP/1.1" 200 5128 "-" "Java/1.4.2_14"
129.31.77.132 - - [06/Oct/2009:16:11:54 +0000] "GET /clubs-and-societies/a-to-z/t/tea/ HTTP/1.1" 200 10352 "http://www.imperialcollegeunion.org/clubs-and-societies/a-to-z/t/" "Mozilla/4.0 (compatible; MSIE 7.0; Windows NT 6.0; GTB5; SLCC1; .NET CLR 2.0.50727; Media Center PC 5.0; .NET CLR 3.5.30729; .NET CLR 3.0.30618)"
129.31.77.132 - - [06/Oct/2009:16:11:58 +0000] "GET /clubs-and-societies/a-to-z/t/ HTTP/1.1" 200 13172 "http://www.imperialcollegeunion.org/clubs-and-societies/a-to-z/e/" "Mozilla/4.0 (compatible; MSIE 7.0; Windows NT 6.0; GTB5; SLCC1; .NET CLR 2.0.50727; Media Center PC 5.0; .NET CLR 3.5.30729; .NET CLR 3.0.30618)"
155.198.57.38 - - [06/Oct/2009:16:11:59 +0000] "GET /events.xml HTTP/1.1" 200 5128 "-" "Java/1.4.2_14"
155.198.57.38 - - [06/Oct/2009:16:11:59 +0000] "GET /events.xml HTTP/1.1" 200 5128 "-" "Java/1.4.2_14"
155.198.16.51 - - [06/Oct/2009:16:11:59 +0000] "GET /clubs-and-societies/ HTTP/1.1" 200 64597 "http://www.imperialcollegeunion.org/news/changes-to-our-freshers-week-line-up,301,ICUNS.html" "Mozilla/5.0 (Windows; U; Windows NT 5.1; en-GB; rv:1.9.1.1) Gecko/20090715 Firefox/3.5.1 (.NET CLR 3.5.30729)"
155.198.16.51 - - [06/Oct/2009:16:11:59 +0000] "GET /unions/news.vm?id=com.othermedia.imperial.model.clubsociety.UnionTab-L-6 HTTP/1.1" 200 5370 "http://www.imperialcollegeunion.org/clubs-and-societies/" "Mozilla/5.0 (Windows; U; Windows NT 5.1; en-GB; rv:1.9.1.1) Gecko/20090715 Firefox/3.5.1 (.NET CLR 3.5.30729)"
155.198.16.51 - - [06/Oct/2009:16:11:59 +0000] "GET /membership.vm?id=com.othercommerce.imperial.shop.model.ProductGroupHandle-L-38 HTTP/1.1" 200 210 "http://www.imperialcollegeunion.org/clubs-and-societies/" "Mozilla/5.0 (Windows; U; Windows NT 5.1; en-GB; rv:1.9.1.1) Gecko/20090715 Firefox/3.5.1 (.NET CLR 3.5.30729)"
129.31.219.180 - - [06/Oct/2009:16:12:00 +0000] "GET /events-tickets-296/simon-bird-presents-an-experimental-game-show-1416/product.html HTTP/1.1" 200 12092 "http://www.imperialcollegeunion.org/events-tickets-296" "Mozilla/5.0 (Macintosh; U; Intel Mac OS X 10.6; en-US; rv:1.9.1.3) Gecko/20090824 Firefox/3.5.3"
78.147.247.213 - - [06/Oct/2009:16:12:01 +0000] "GET / HTTP/1.1" 302 261 "-" "Mozilla/4.0 (compatible; MSIE 8.0; Windows NT 6.0; Trident/4.0; SLCC1; .NET CLR 2.0.50727; Media Center PC 5.0; InfoPath.1; .NET CLR 3.5.30729; .NET CLR 3.0.30618)"
155.198.57.38 - - [06/Oct/2009:16:12:02 +0000] "GET /events.xml HTTP/1.1" 200 5128 "-" "Java/1.4.2_14"
78.32.248.18 - - [06/Oct/2009:16:12:03 +0000] "GET / HTTP/1.1" 302 261 "-" "Mozilla/5.0 (Windows; U; Windows NT 6.0; en-US; rv:1.9.1.3) Gecko/20090824 Firefox/3.5.3 (.NET CLR 3.5.30729)"
155.198.170.180 - - [06/Oct/2009:16:12:03 +0000] "GET /login.html?requestedUrl=%2F HTTP/1.1" 200 212 "http://imperialcollegeunion.org/" "Mozilla/4.0 (compatible; MSIE 8.0; Windows NT 5.1; Trident/4.0; .NET CLR 1.1.4322; .NET CLR 2.0.50727; .NET CLR 3.0.4506.2152; .NET CLR 3.5.30729; InfoPath.2; Imperial College)"
66.249.71.72 - - [06/Oct/2009:16:12:03 +0000] "GET /clubs-and-societies/a-to-z/f/felix/ HTTP/1.1" 302 261 "-" "Mozilla/5.0 (compatible; Googlebot/2.1; +http://www.google.com/bot.html)"
66.249.71.120 - - [06/Oct/2009:16:12:04 +0000] "GET /events/?Pcs=com.othermedia.imperial.model.ClubSocietyHandle-L-279&Gmonth=20080401000000 HTTP/1.1" 302 345 "-" "Mozilla/5.0 (compatible; Googlebot/2.1; +http://www.google.com/bot.html)"
155.198.57.38 - - [06/Oct/2009:16:12:04 +0000] "GET /news.xml HTTP/1.1" 200 6406 "-" "Java/1.4.2_14"
155.198.57.23 - - [06/Oct/2009:16:12:05 +0000] "GET /events.xml HTTP/1.1" 200 5128 "-" "Java/1.4.2_14"
155.198.125.120 - - [06/Oct/2009:16:12:06 +0000] "GET /clubs-and-societies/ HTTP/1.1" 200 64661 "http://www.imperialcollegeunion.org/news?opt=news" "Mozilla/5.0 (X11; U; Linux x86_64; en-GB; rv:1.9.0.14) Gecko/2009090216 Ubuntu/8.04 (hardy) Firefox/3.0.14"
155.198.57.38 - - [06/Oct/2009:16:12:06 +0000] "GET /events.xml HTTP/1.1" 200 5128 "-" "Java/1.4.2_14"
155.198.125.120 - - [06/Oct/2009:16:12:07 +0000] "GET /unions/news.vm?id=com.othermedia.imperial.model.clubsociety.UnionTab-L-6 HTTP/1.1" 200 5370 "http://www.imperialcollegeunion.org/clubs-and-societies/" "Mozilla/5.0 (X11; U; Linux x86_64; en-GB; rv:1.9.0.14) Gecko/2009090216 Ubuntu/8.04 (hardy) Firefox/3.0.14"
155.198.57.38 - - [06/Oct/2009:16:12:08 +0000] "GET /news.xml HTTP/1.1" 200 6406 "-" "Java/1.4.2_14"
155.198.57.38 - - [06/Oct/2009:16:12:08 +0000] "GET /events.xml HTTP/1.1" 200 5128 "-" "Java/1.4.2_14"
155.198.16.51 - - [06/Oct/2009:16:12:10 +0000] "GET / HTTP/1.1" 200 37877 "http://www.imperialcollegeunion.org/clubs-and-societies/" "Mozilla/5.0 (Windows; U; Windows NT 5.1; en-GB; rv:1.9.1.1) Gecko/20090715 Firefox/3.5.1 (.NET CLR 3.5.30729)"
155.198.16.51 - - [06/Oct/2009:16:12:11 +0000] "GET /unions/home-news.vm?id=com.othermedia.imperial.model.clubsociety.UnionTab-L-1 HTTP/1.1" 200 2053 "http://www.imperialcollegeunion.org/" "Mozilla/5.0 (Windows; U; Windows NT 5.1; en-GB; rv:1.9.1.1) Gecko/20090715 Firefox/3.5.1 (.NET CLR 3.5.30729)"
129.31.101.202 - - [06/Oct/2009:16:12:11 +0000] "GET /clubs-and-societies/a-to-z/b/badminton-medics/ HTTP/1.1" 200 14432 "http://www.imperialcollegeunion.org/clubs-and-societies/a-to-z/?lp=303" "Mozilla/4.0 (compatible; MSIE 8.0; Windows NT 5.1; Trident/4.0; .NET CLR 1.1.4322; Imperial College; .NET CLR 2.0.50727; .NET CLR 3.0.4506.2152; .NET CLR 3.5.30729; InfoPath.2; Imperial College)"
155.198.125.120 - - [06/Oct/2009:16:12:11 +0000] "GET /clubs-and-societies/joining-a-club-or-society/?lp=303 HTTP/1.1" 200 12013 "http://www.imperialcollegeunion.org/clubs-and-societies/" "Mozilla/5.0 (X11; U; Linux x86_64; en-GB; rv:1.9.0.14) Gecko/2009090216 Ubuntu/8.04 (hardy) Firefox/3.0.14"
155.198.57.38 - - [06/Oct/2009:16:12:13 +0000] "GET /news.xml HTTP/1.1" 200 6406 "-" "Java/1.4.2_14"
129.31.101.202 - - [06/Oct/2009:16:12:13 +0000] "GET /clubs-and-societies/a-to-z/?lp=303 HTTP/1.1" 200 41549 "-" "Mozilla/4.0 (compatible; MSIE 8.0; Windows NT 5.1; Trident/4.0; .NET CLR 1.1.4322; Imperial College; .NET CLR 2.0.50727; .NET CLR 3.0.4506.2152; .NET CLR 3.5.30729; InfoPath.2; Imperial College)"
155.198.16.51 - - [06/Oct/2009:16:12:14 +0000] "GET /news/get-your-freshers-week-tickets-now,295,ICUNS.html HTTP/1.1" 200 14758 "http://www.imperialcollegeunion.org/" "Mozilla/5.0 (Windows; U; Windows NT 5.1; en-GB; rv:1.9.1.1) Gecko/20090715 Firefox/3.5.1 (.NET CLR 3.5.30729)"
129.31.77.132 - - [06/Oct/2009:16:12:15 +0000] "GET /clubs-and-societies/a-to-z/y/ HTTP/1.1" 200 12440 "http://www.imperialcollegeunion.org/clubs-and-societies/a-to-z/t/" "Mozilla/4.0 (compatible; MSIE 7.0; Windows NT 6.0; GTB5; SLCC1; .NET CLR 2.0.50727; Media Center PC 5.0; .NET CLR 3.5.30729; .NET CLR 3.0.30618)"
72.30.79.55 - - [06/Oct/2009:16:12:16 +0000] "GET / HTTP/1.0" 302 249 "-" "Mozilla/5.0 (compatible; Yahoo! Slurp; http://help.yahoo.com/help/us/ysearch/slurp)"
66.249.71.72 - - [06/Oct/2009:16:12:17 +0000] "GET /union-services/bars-catering/dbs,53,ICUAP.html HTTP/1.1" 302 261 "-" "Mozilla/5.0 (compatible; Googlebot/2.1; +http://www.google.com/bot.html)"
155.198.57.38 - - [06/Oct/2009:16:12:17 +0000] "GET /news.xml HTTP/1.1" 200 6406 "-" "Java/1.4.2_14"
155.198.243.139 - imperial [06/Oct/2009:16:12:17 +0000] "PROPFIND /data/export/ HTTP/1.1" 207 5165 "-" "Microsoft Data Access Internet Publishing Provider DAV"
155.198.243.139 - imperial [06/Oct/2009:16:12:17 +0000] "PROPFIND /data/export/ HTTP/1.1" 207 5165 "-" "Microsoft Data Access Internet Publishing Provider DAV"
155.198.243.139 - imperial [06/Oct/2009:16:12:17 +0000] "PROPFIND /data/export/ HTTP/1.1" 207 5165 "-" "Microsoft Data Access Internet Publishing Provider DAV"
155.198.125.120 - - [06/Oct/2009:16:12:17 +0000] "GET /information-and-advice/ HTTP/1.1" 200 14037 "http://www.imperialcollegeunion.org/clubs-and-societies/joining-a-club-or-society/?lp=303" "Mozilla/5.0 (X11; U; Linux x86_64; en-GB; rv:1.9.0.14) Gecko/2009090216 Ubuntu/8.04 (hardy) Firefox/3.0.14"
155.198.243.139 - imperial [06/Oct/2009:16:12:18 +0000] "PROPFIND /data/export/ HTTP/1.1" 207 5165 "-" "Microsoft Data Access Internet Publishing Provider DAV"
129.31.77.132 - - [06/Oct/2009:16:12:19 +0000] "GET /clubs-and-societies/a-to-z/y/yoga/ HTTP/1.1" 200 11364 "http://www.imperialcollegeunion.org/clubs-and-societies/a-to-z/y/" "Mozilla/4.0 (compatible; MSIE 7.0; Windows NT 6.0; GTB5; SLCC1; .NET CLR 2.0.50727; Media Center PC 5.0; .NET CLR 3.5.30729; .NET CLR 3.0.30618)"
129.31.219.52 - - [06/Oct/2009:16:12:20 +0000] "GET /events/freshers-fair-afterparty,501,EV.html HTTP/1.1" 200 9574 "http://www3.imperial.ac.uk/myimperial" "Mozilla/5.0 (Windows; U; Windows NT 6.0; en-US; rv:1.9.1.3) Gecko/20090824 Firefox/3.5.3 (.NET CLR 3.5.30729)"
129.31.101.202 - - [06/Oct/2009:16:12:20 +0000] "GET /clubs-and-societies/a-to-z/d/debating/ HTTP/1.1" 200 12596 "http://www.imperialcollegeunion.org/clubs-and-societies/a-to-z/?lp=303" "Mozilla/4.0 (compatible; MSIE 8.0; Windows NT 5.1; Trident/4.0; .NET CLR 1.1.4322; Imperial College; .NET CLR 2.0.50727; .NET CLR 3.0.4506.2152; .NET CLR 3.5.30729; InfoPath.2; Imperial College)"
155.198.57.38 - - [06/Oct/2009:16:12:22 +0000] "GET /news.xml HTTP/1.1" 200 6406 "-" "Java/1.4.2_14"
155.198.202.30 - - [06/Oct/2009:16:12:22 +0000] "GET /clubs-and-societies/a-to-z/d/dodgeball/shop.html?Pcs=com.othermedia.imperial.model.ClubSocietyHandle-L-385 HTTP/1.1" 302 88 "http://www.imperialcollegeunion.org/clubs-and-societies/a-to-z/index,73,ICUIP.html?f=SPORTS" "Mozilla/4.0 (compatible; MSIE 8.0; Windows NT 5.1; Trident/4.0; .NET CLR 1.1.4322; .NET CLR 2.0.50727; .NET CLR 3.0.4506.2152; .NET CLR 3.5.30729; InfoPath.2; Imperial College)"
155.198.202.30 - - [06/Oct/2009:16:12:22 +0000] "GET /dodgeball-367/ HTTP/1.1" 200 8828 "http://www.imperialcollegeunion.org/clubs-and-societies/a-to-z/index,73,ICUIP.html?f=SPORTS" "Mozilla/4.0 (compatible; MSIE 8.0; Windows NT 5.1; Trident/4.0; .NET CLR 1.1.4322; .NET CLR 2.0.50727; .NET CLR 3.0.4506.2152; .NET CLR 3.5.30729; InfoPath.2; Imperial College)"
129.31.101.202 - - [06/Oct/2009:16:12:24 +0000] "GET /clubs-and-societies/a-to-z/?lp=303 HTTP/1.1" 200 41549 "-" "Mozilla/4.0 (compatible; MSIE 8.0; Windows NT 5.1; Trident/4.0; .NET CLR 1.1.4322; Imperial College; .NET CLR 2.0.50727; .NET CLR 3.0.4506.2152; .NET CLR 3.5.30729; InfoPath.2; Imperial College)"
155.198.202.30 - - [06/Oct/2009:16:12:25 +0000] "GET /dodgeball-367/dodgeball-membership-728/product.html HTTP/1.1" 200 11926 "http://www.imperialcollegeunion.org/dodgeball-367/" "Mozilla/4.0 (compatible; MSIE 8.0; Windows NT 5.1; Trident/4.0; .NET CLR 1.1.4322; .NET CLR 2.0.50727; .NET CLR 3.0.4506.2152; .NET CLR 3.5.30729; InfoPath.2; Imperial College)"
66.249.85.66 - - [06/Oct/2009:16:12:25 +0000] "GET /news.xml?rnd=542 HTTP/1.1" 302 269 "-" "Feedfetcher-Google; (+http://www.google.com/feedfetcher.html; feed-id=511651725675742656)"
129.31.214.19 - - [06/Oct/2009:16:12:27 +0000] "GET / HTTP/1.1" 200 37877 "-" "Mozilla/5.0 (iPhone; U; CPU iPhone OS 3_0 like Mac OS X; en-us) AppleWebKit/528.18 (KHTML, like Gecko) Version/4.0 Mobile/7A341 Safari/528.16"
129.31.66.172 - - [06/Oct/2009:16:12:28 +0000] "GET /news-events/ HTTP/1.1" 302 87 "http://www.imperialcollegeunion.org/clubs-and-societies/a-to-z/?lp=303" "Mozilla/4.0 (compatible; MSIE 7.0; Windows NT 6.0; GTB6; SLCC1; .NET CLR 2.0.50727; Media Center PC 5.0; .NET CLR 3.5.30729; .NET CLR 3.0.30618)"
129.31.66.172 - - [06/Oct/2009:16:12:28 +0000] "GET /news?opt=news HTTP/1.1" 200 20385 "http://www.imperialcollegeunion.org/clubs-and-societies/a-to-z/?lp=303" "Mozilla/4.0 (compatible; MSIE 7.0; Windows NT 6.0; GTB6; SLCC1; .NET CLR 2.0.50727; Media Center PC 5.0; .NET CLR 3.5.30729; .NET CLR 3.0.30618)"
155.198.202.30 - - [06/Oct/2009:16:12:29 +0000] "GET /dodgeball-367/ HTTP/1.1" 200 8828 "http://www.imperialcollegeunion.org/clubs-and-societies/a-to-z/index,73,ICUIP.html?f=SPORTS" "Mozilla/4.0 (compatible; MSIE 8.0; Windows NT 5.1; Trident/4.0; .NET CLR 1.1.4322; .NET CLR 2.0.50727; .NET CLR 3.0.4506.2152; .NET CLR 3.5.30729; InfoPath.2; Imperial College)"
155.198.125.120 - - [06/Oct/2009:16:12:29 +0000] "GET /representation/ HTTP/1.1" 200 10286 "http://www.imperialcollegeunion.org/information-and-advice/" "Mozilla/5.0 (X11; U; Linux x86_64; en-GB; rv:1.9.0.14) Gecko/2009090216 Ubuntu/8.04 (hardy) Firefox/3.0.14"
129.31.101.202 - - [06/Oct/2009:16:12:31 +0000] "GET /clubs-and-societies/a-to-z/b/boat-medics/ HTTP/1.1" 200 12036 "http://www.imperialcollegeunion.org/clubs-and-societies/a-to-z/?lp=303" "Mozilla/4.0 (compatible; MSIE 8.0; Windows NT 5.1; Trident/4.0; .NET CLR 1.1.4322; Imperial College; .NET CLR 2.0.50727; .NET CLR 3.0.4506.2152; .NET CLR 3.5.30729; InfoPath.2; Imperial College)"
64.233.173.2 - - [06/Oct/2009:16:12:31 +0000] "GET /news.xml?rnd=381 HTTP/1.1" 302 269 "-" "Feedfetcher-Google; (+http://www.google.com/feedfetcher.html; feed-id=18080307958830895070)"
155.198.202.30 - - [06/Oct/2009:16:12:31 +0000] "GET /clubs-and-societies/a-to-z/index,73,ICUIP.html?f=SPORTS HTTP/1.1" 200 30808 "http://www.imperialcollegeunion.org/clubs-and-societies/a-to-z/index,73,ICUIP.html?f=SOCIAL" "Mozilla/4.0 (compatible; MSIE 8.0; Windows NT 5.1; Trident/4.0; .NET CLR 1.1.4322; .NET CLR 2.0.50727; .NET CLR 3.0.4506.2152; .NET CLR 3.5.30729; InfoPath.2; Imperial College)"
129.31.204.10 - - [06/Oct/2009:16:12:31 +0000] "GET / HTTP/1.1" 200 37967 "-" "Mozilla/5.0 (Macintosh; U; Intel Mac OS X 10_5_8; en-us) AppleWebKit/531.9 (KHTML, like Gecko) Version/4.0.3 Safari/531.9"
129.31.204.10 - - [06/Oct/2009:16:12:32 +0000] "GET /unions/home-news.vm?id=com.othermedia.imperial.model.clubsociety.UnionTab-L-1 HTTP/1.1" 200 2056 "https://www.imperialcollegeunion.org/" "Mozilla/5.0 (Macintosh; U; Intel Mac OS X 10_5_8; en-us) AppleWebKit/531.9 (KHTML, like Gecko) Version/4.0.3 Safari/531.9"
155.198.57.38 - - [06/Oct/2009:16:12:33 +0000] "GET /events.xml HTTP/1.1" 200 5128 "-" "Java/1.4.2_14"
155.198.202.30 - - [06/Oct/2009:16:12:34 +0000] "GET /clubs-and-societies/a-to-z/d/dodgeball/shop.html?Pcs=com.othermedia.imperial.model.ClubSocietyHandle-L-385 HTTP/1.1" 302 88 "http://www.imperialcollegeunion.org/clubs-and-societies/a-to-z/index,73,ICUIP.html?f=SPORTS" "Mozilla/4.0 (compatible; MSIE 8.0; Windows NT 5.1; Trident/4.0; .NET CLR 1.1.4322; .NET CLR 2.0.50727; .NET CLR 3.0.4506.2152; .NET CLR 3.5.30729; InfoPath.2; Imperial College)"
155.198.202.30 - - [06/Oct/2009:16:12:34 +0000] "GET /dodgeball-367/ HTTP/1.1" 200 8828 "http://www.imperialcollegeunion.org/clubs-and-societies/a-to-z/index,73,ICUIP.html?f=SPORTS" "Mozilla/4.0 (compatible; MSIE 8.0; Windows NT 5.1; Trident/4.0; .NET CLR 1.1.4322; .NET CLR 2.0.50727; .NET CLR 3.0.4506.2152; .NET CLR 3.5.30729; InfoPath.2; Imperial College)"
155.198.125.120 - - [06/Oct/2009:16:12:35 +0000] "GET /representation/governance/?lp=350 HTTP/1.1" 200 11177 "http://www.imperialcollegeunion.org/representation/" "Mozilla/5.0 (X11; U; Linux x86_64; en-GB; rv:1.9.0.14) Gecko/2009090216 Ubuntu/8.04 (hardy) Firefox/3.0.14"
129.31.204.39 - - [06/Oct/2009:16:12:36 +0000] "GET /clubs-and-societies/a-to-z/t/lawn-tennis/ HTTP/1.1" 200 13293 "http://www.imperial.ac.uk/search/results" "Mozilla/4.0 (compatible; MSIE 8.0; Windows NT 6.0; Trident/4.0; SLCC1; .NET CLR 2.0.50727; OfficeLiveConnector.1.3; OfficeLivePatch.0.0; .NET CLR 3.5.30729; .NET CLR 3.0.30618)"
129.31.101.202 - - [06/Oct/2009:16:12:36 +0000] "GET /clubs-and-societies/a-to-z/b/boat-medics/www.ICSMBC.co.uk?Pcs=com.othermedia.imperial.model.ClubSocietyHandle-L-92 HTTP/1.1" 302 131 "http://www.imperialcollegeunion.org/clubs-and-societies/a-to-z/b/boat-medics/" "Mozilla/4.0 (compatible; MSIE 8.0; Windows NT 5.1; Trident/4.0; .NET CLR 1.1.4322; Imperial College; .NET CLR 2.0.50727; .NET CLR 3.0.4506.2152; .NET CLR 3.5.30729; InfoPath.2; Imperial College)"
129.31.101.202 - - [06/Oct/2009:16:12:36 +0000] "GET /clubs-and-societies/a-to-z/b/boat-medics/www.ICSMBC.co.uk HTTP/1.1" 302 131 "http://www.imperialcollegeunion.org/clubs-and-societies/a-to-z/b/boat-medics/" "Mozilla/4.0 (compatible; MSIE 8.0; Windows NT 5.1; Trident/4.0; .NET CLR 1.1.4322; Imperial College; .NET CLR 2.0.50727; .NET CLR 3.0.4506.2152; .NET CLR 3.5.30729; InfoPath.2; Imperial College)"
129.31.101.202 - - [06/Oct/2009:16:12:36 +0000] "GET /clubs-and-societies/a-to-z/b/boat-medics/www.ICSMBC.co.uk HTTP/1.1" 302 131 "http://www.imperialcollegeunion.org/clubs-and-societies/a-to-z/b/boat-medics/" "Mozilla/4.0 (compatible; MSIE 8.0; Windows NT 5.1; Trident/4.0; .NET CLR 1.1.4322; Imperial College; .NET CLR 2.0.50727; .NET CLR 3.0.4506.2152; .NET CLR 3.5.30729; InfoPath.2; Imperial College)"
129.31.101.202 - - [06/Oct/2009:16:12:36 +0000] "GET /clubs-and-societies/a-to-z/b/boat-medics/www.ICSMBC.co.uk HTTP/1.1" 302 131 "http://www.imperialcollegeunion.org/clubs-and-societies/a-to-z/b/boat-medics/" "Mozilla/4.0 (compatible; MSIE 8.0; Windows NT 5.1; Trident/4.0; .NET CLR 1.1.4322; Imperial College; .NET CLR 2.0.50727; .NET CLR 3.0.4506.2152; .NET CLR 3.5.30729; InfoPath.2; Imperial College)"
129.31.101.202 - - [06/Oct/2009:16:12:36 +0000] "GET /clubs-and-societies/a-to-z/b/boat-medics/www.ICSMBC.co.uk HTTP/1.1" 302 131 "http://www.imperialcollegeunion.org/clubs-and-societies/a-to-z/b/boat-medics/" "Mozilla/4.0 (compatible; MSIE 8.0; Windows NT 5.1; Trident/4.0; .NET CLR 1.1.4322; Imperial College; .NET CLR 2.0.50727; .NET CLR 3.0.4506.2152; .NET CLR 3.5.30729; InfoPath.2; Imperial College)"
129.31.101.202 - - [06/Oct/2009:16:12:36 +0000] "GET /clubs-and-societies/a-to-z/b/boat-medics/www.ICSMBC.co.uk HTTP/1.1" 302 131 "http://www.imperialcollegeunion.org/clubs-and-societies/a-to-z/b/boat-medics/" "Mozilla/4.0 (compatible; MSIE 8.0; Windows NT 5.1; Trident/4.0; .NET CLR 1.1.4322; Imperial College; .NET CLR 2.0.50727; .NET CLR 3.0.4506.2152; .NET CLR 3.5.30729; InfoPath.2; Imperial College)"
129.31.101.202 - - [06/Oct/2009:16:12:36 +0000] "GET /clubs-and-societies/a-to-z/b/boat-medics/www.ICSMBC.co.uk HTTP/1.1" 302 131 "http://www.imperialcollegeunion.org/clubs-and-societies/a-to-z/b/boat-medics/" "Mozilla/4.0 (compatible; MSIE 8.0; Windows NT 5.1; Trident/4.0; .NET CLR 1.1.4322; Imperial College; .NET CLR 2.0.50727; .NET CLR 3.0.4506.2152; .NET CLR 3.5.30729; InfoPath.2; Imperial College)"
129.31.101.202 - - [06/Oct/2009:16:12:36 +0000] "GET /clubs-and-societies/a-to-z/b/boat-medics/www.ICSMBC.co.uk HTTP/1.1" 302 131 "http://www.imperialcollegeunion.org/clubs-and-societies/a-to-z/b/boat-medics/" "Mozilla/4.0 (compatible; MSIE 8.0; Windows NT 5.1; Trident/4.0; .NET CLR 1.1.4322; Imperial College; .NET CLR 2.0.50727; .NET CLR 3.0.4506.2152; .NET CLR 3.5.30729; InfoPath.2; Imperial College)"
129.31.101.202 - - [06/Oct/2009:16:12:36 +0000] "GET /clubs-and-societies/a-to-z/b/boat-medics/www.ICSMBC.co.uk HTTP/1.1" 302 131 "http://www.imperialcollegeunion.org/clubs-and-societies/a-to-z/b/boat-medics/" "Mozilla/4.0 (compatible; MSIE 8.0; Windows NT 5.1; Trident/4.0; .NET CLR 1.1.4322; Imperial College; .NET CLR 2.0.50727; .NET CLR 3.0.4506.2152; .NET CLR 3.5.30729; InfoPath.2; Imperial College)"
129.31.101.202 - - [06/Oct/2009:16:12:36 +0000] "GET /clubs-and-societies/a-to-z/b/boat-medics/www.ICSMBC.co.uk HTTP/1.1" 302 131 "http://www.imperialcollegeunion.org/clubs-and-societies/a-to-z/b/boat-medics/" "Mozilla/4.0 (compatible; MSIE 8.0; Windows NT 5.1; Trident/4.0; .NET CLR 1.1.4322; Imperial College; .NET CLR 2.0.50727; .NET CLR 3.0.4506.2152; .NET CLR 3.5.30729; InfoPath.2; Imperial College)"
129.31.101.202 - - [06/Oct/2009:16:12:36 +0000] "GET /clubs-and-societies/a-to-z/b/boat-medics/www.ICSMBC.co.uk HTTP/1.1" 302 131 "http://www.imperialcollegeunion.org/clubs-and-societies/a-to-z/b/boat-medics/" "Mozilla/4.0 (compatible; MSIE 8.0; Windows NT 5.1; Trident/4.0; .NET CLR 1.1.4322; Imperial College; .NET CLR 2.0.50727; .NET CLR 3.0.4506.2152; .NET CLR 3.5.30729; InfoPath.2; Imperial College)"
129.31.101.202 - - [06/Oct/2009:16:12:36 +0000] "GET /clubs-and-societies/a-to-z/b/boat-medics/www.ICSMBC.co.uk HTTP/1.1" 302 131 "http://www.imperialcollegeunion.org/clubs-and-societies/a-to-z/b/boat-medics/" "Mozilla/4.0 (compatible; MSIE 8.0; Windows NT 5.1; Trident/4.0; .NET CLR 1.1.4322; Imperial College; .NET CLR 2.0.50727; .NET CLR 3.0.4506.2152; .NET CLR 3.5.30729; InfoPath.2; Imperial College)"
129.31.101.202 - - [06/Oct/2009:16:12:36 +0000] "GET /clubs-and-societies/a-to-z/b/boat-medics/www.ICSMBC.co.uk HTTP/1.1" 302 131 "http://www.imperialcollegeunion.org/clubs-and-societies/a-to-z/b/boat-medics/" "Mozilla/4.0 (compatible; MSIE 8.0; Windows NT 5.1; Trident/4.0; .NET CLR 1.1.4322; Imperial College; .NET CLR 2.0.50727; .NET CLR 3.0.4506.2152; .NET CLR 3.5.30729; InfoPath.2; Imperial College)"
129.31.101.202 - - [06/Oct/2009:16:12:36 +0000] "GET /clubs-and-societies/a-to-z/b/boat-medics/www.ICSMBC.co.uk HTTP/1.1" 302 131 "http://www.imperialcollegeunion.org/clubs-and-societies/a-to-z/b/boat-medics/" "Mozilla/4.0 (compatible; MSIE 8.0; Windows NT 5.1; Trident/4.0; .NET CLR 1.1.4322; Imperial College; .NET CLR 2.0.50727; .NET CLR 3.0.4506.2152; .NET CLR 3.5.30729; InfoPath.2; Imperial College)"
129.31.101.202 - - [06/Oct/2009:16:12:36 +0000] "GET /clubs-and-societies/a-to-z/b/boat-medics/www.ICSMBC.co.uk HTTP/1.1" 302 131 "http://www.imperialcollegeunion.org/clubs-and-societies/a-to-z/b/boat-medics/" "Mozilla/4.0 (compatible; MSIE 8.0; Windows NT 5.1; Trident/4.0; .NET CLR 1.1.4322; Imperial College; .NET CLR 2.0.50727; .NET CLR 3.0.4506.2152; .NET CLR 3.5.30729; InfoPath.2; Imperial College)"
129.31.101.202 - - [06/Oct/2009:16:12:36 +0000] "GET /clubs-and-societies/a-to-z/b/boat-medics/www.ICSMBC.co.uk HTTP/1.1" 302 131 "http://www.imperialcollegeunion.org/clubs-and-societies/a-to-z/b/boat-medics/" "Mozilla/4.0 (compatible; MSIE 8.0; Windows NT 5.1; Trident/4.0; .NET CLR 1.1.4322; Imperial College; .NET CLR 2.0.50727; .NET CLR 3.0.4506.2152; .NET CLR 3.5.30729; InfoPath.2; Imperial College)"
129.31.101.202 - - [06/Oct/2009:16:12:36 +0000] "GET /clubs-and-societies/a-to-z/b/boat-medics/www.ICSMBC.co.uk HTTP/1.1" 302 131 "http://www.imperialcollegeunion.org/clubs-and-societies/a-to-z/b/boat-medics/" "Mozilla/4.0 (compatible; MSIE 8.0; Windows NT 5.1; Trident/4.0; .NET CLR 1.1.4322; Imperial College; .NET CLR 2.0.50727; .NET CLR 3.0.4506.2152; .NET CLR 3.5.30729; InfoPath.2; Imperial College)"
129.31.101.202 - - [06/Oct/2009:16:12:36 +0000] "GET /clubs-and-societies/a-to-z/b/boat-medics/www.ICSMBC.co.uk HTTP/1.1" 302 131 "http://www.imperialcollegeunion.org/clubs-and-societies/a-to-z/b/boat-medics/" "Mozilla/4.0 (compatible; MSIE 8.0; Windows NT 5.1; Trident/4.0; .NET CLR 1.1.4322; Imperial College; .NET CLR 2.0.50727; .NET CLR 3.0.4506.2152; .NET CLR 3.5.30729; InfoPath.2; Imperial College)"
129.31.101.202 - - [06/Oct/2009:16:12:36 +0000] "GET /clubs-and-societies/a-to-z/b/boat-medics/www.ICSMBC.co.uk HTTP/1.1" 302 131 "http://www.imperialcollegeunion.org/clubs-and-societies/a-to-z/b/boat-medics/" "Mozilla/4.0 (compatible; MSIE 8.0; Windows NT 5.1; Trident/4.0; .NET CLR 1.1.4322; Imperial College; .NET CLR 2.0.50727; .NET CLR 3.0.4506.2152; .NET CLR 3.5.30729; InfoPath.2; Imperial College)"
129.31.101.202 - - [06/Oct/2009:16:12:36 +0000] "GET /clubs-and-societies/a-to-z/b/boat-medics/www.ICSMBC.co.uk HTTP/1.1" 302 131 "http://www.imperialcollegeunion.org/clubs-and-societies/a-to-z/b/boat-medics/" "Mozilla/4.0 (compatible; MSIE 8.0; Windows NT 5.1; Trident/4.0; .NET CLR 1.1.4322; Imperial College; .NET CLR 2.0.50727; .NET CLR 3.0.4506.2152; .NET CLR 3.5.30729; InfoPath.2; Imperial College)"
129.31.101.202 - - [06/Oct/2009:16:12:36 +0000] "GET /clubs-and-societies/a-to-z/b/boat-medics/www.ICSMBC.co.uk HTTP/1.1" 302 131 "http://www.imperialcollegeunion.org/clubs-and-societies/a-to-z/b/boat-medics/" "Mozilla/4.0 (compatible; MSIE 8.0; Windows NT 5.1; Trident/4.0; .NET CLR 1.1.4322; Imperial College; .NET CLR 2.0.50727; .NET CLR 3.0.4506.2152; .NET CLR 3.5.30729; InfoPath.2; Imperial College)"
129.31.101.202 - - [06/Oct/2009:16:12:36 +0000] "GET /clubs-and-societies/a-to-z/b/boat-medics/www.ICSMBC.co.uk HTTP/1.1" 302 131 "http://www.imperialcollegeunion.org/clubs-and-societies/a-to-z/b/boat-medics/" "Mozilla/4.0 (compatible; MSIE 8.0; Windows NT 5.1; Trident/4.0; .NET CLR 1.1.4322; Imperial College; .NET CLR 2.0.50727; .NET CLR 3.0.4506.2152; .NET CLR 3.5.30729; InfoPath.2; Imperial College)"
129.31.101.202 - - [06/Oct/2009:16:12:36 +0000] "GET /clubs-and-societies/a-to-z/b/boat-medics/www.ICSMBC.co.uk HTTP/1.1" 302 131 "http://www.imperialcollegeunion.org/clubs-and-societies/a-to-z/b/boat-medics/" "Mozilla/4.0 (compatible; MSIE 8.0; Windows NT 5.1; Trident/4.0; .NET CLR 1.1.4322; Imperial College; .NET CLR 2.0.50727; .NET CLR 3.0.4506.2152; .NET CLR 3.5.30729; InfoPath.2; Imperial College)"
129.31.101.202 - - [06/Oct/2009:16:12:36 +0000] "GET /clubs-and-societies/a-to-z/b/boat-medics/www.ICSMBC.co.uk HTTP/1.1" 302 131 "http://www.imperialcollegeunion.org/clubs-and-societies/a-to-z/b/boat-medics/" "Mozilla/4.0 (compatible; MSIE 8.0; Windows NT 5.1; Trident/4.0; .NET CLR 1.1.4322; Imperial College; .NET CLR 2.0.50727; .NET CLR 3.0.4506.2152; .NET CLR 3.5.30729; InfoPath.2; Imperial College)"
129.31.101.202 - - [06/Oct/2009:16:12:36 +0000] "GET /clubs-and-societies/a-to-z/b/boat-medics/www.ICSMBC.co.uk HTTP/1.1" 302 131 "http://www.imperialcollegeunion.org/clubs-and-societies/a-to-z/b/boat-medics/" "Mozilla/4.0 (compatible; MSIE 8.0; Windows NT 5.1; Trident/4.0; .NET CLR 1.1.4322; Imperial College; .NET CLR 2.0.50727; .NET CLR 3.0.4506.2152; .NET CLR 3.5.30729; InfoPath.2; Imperial College)"
129.31.101.202 - - [06/Oct/2009:16:12:36 +0000] "GET /clubs-and-societies/a-to-z/b/boat-medics/www.ICSMBC.co.uk HTTP/1.1" 302 131 "http://www.imperialcollegeunion.org/clubs-and-societies/a-to-z/b/boat-medics/" "Mozilla/4.0 (compatible; MSIE 8.0; Windows NT 5.1; Trident/4.0; .NET CLR 1.1.4322; Imperial College; .NET CLR 2.0.50727; .NET CLR 3.0.4506.2152; .NET CLR 3.5.30729; InfoPath.2; Imperial College)"
129.31.101.202 - - [06/Oct/2009:16:12:36 +0000] "GET /clubs-and-societies/a-to-z/b/boat-medics/www.ICSMBC.co.uk HTTP/1.1" 302 131 "http://www.imperialcollegeunion.org/clubs-and-societies/a-to-z/b/boat-medics/" "Mozilla/4.0 (compatible; MSIE 8.0; Windows NT 5.1; Trident/4.0; .NET CLR 1.1.4322; Imperial College; .NET CLR 2.0.50727; .NET CLR 3.0.4506.2152; .NET CLR 3.5.30729; InfoPath.2; Imperial College)"
129.31.101.202 - - [06/Oct/2009:16:12:36 +0000] "GET /clubs-and-societies/a-to-z/b/boat-medics/www.ICSMBC.co.uk HTTP/1.1" 302 131 "http://www.imperialcollegeunion.org/clubs-and-societies/a-to-z/b/boat-medics/" "Mozilla/4.0 (compatible; MSIE 8.0; Windows NT 5.1; Trident/4.0; .NET CLR 1.1.4322; Imperial College; .NET CLR 2.0.50727; .NET CLR 3.0.4506.2152; .NET CLR 3.5.30729; InfoPath.2; Imperial College)"
129.31.101.202 - - [06/Oct/2009:16:12:36 +0000] "GET /clubs-and-societies/a-to-z/b/boat-medics/www.ICSMBC.co.uk HTTP/1.1" 302 131 "http://www.imperialcollegeunion.org/clubs-and-societies/a-to-z/b/boat-medics/" "Mozilla/4.0 (compatible; MSIE 8.0; Windows NT 5.1; Trident/4.0; .NET CLR 1.1.4322; Imperial College; .NET CLR 2.0.50727; .NET CLR 3.0.4506.2152; .NET CLR 3.5.30729; InfoPath.2; Imperial College)"
129.31.101.202 - - [06/Oct/2009:16:12:37 +0000] "GET /clubs-and-societies/a-to-z/b/boat-medics/www.ICSMBC.co.uk HTTP/1.1" 302 131 "http://www.imperialcollegeunion.org/clubs-and-societies/a-to-z/b/boat-medics/" "Mozilla/4.0 (compatible; MSIE 8.0; Windows NT 5.1; Trident/4.0; .NET CLR 1.1.4322; Imperial College; .NET CLR 2.0.50727; .NET CLR 3.0.4506.2152; .NET CLR 3.5.30729; InfoPath.2; Imperial College)"
129.31.101.202 - - [06/Oct/2009:16:12:37 +0000] "GET /clubs-and-societies/a-to-z/b/boat-medics/www.ICSMBC.co.uk HTTP/1.1" 302 131 "http://www.imperialcollegeunion.org/clubs-and-societies/a-to-z/b/boat-medics/" "Mozilla/4.0 (compatible; MSIE 8.0; Windows NT 5.1; Trident/4.0; .NET CLR 1.1.4322; Imperial College; .NET CLR 2.0.50727; .NET CLR 3.0.4506.2152; .NET CLR 3.5.30729; InfoPath.2; Imperial College)"
129.31.101.202 - - [06/Oct/2009:16:12:37 +0000] "GET /clubs-and-societies/a-to-z/b/boat-medics/www.ICSMBC.co.uk HTTP/1.1" 302 131 "http://www.imperialcollegeunion.org/clubs-and-societies/a-to-z/b/boat-medics/" "Mozilla/4.0 (compatible; MSIE 8.0; Windows NT 5.1; Trident/4.0; .NET CLR 1.1.4322; Imperial College; .NET CLR 2.0.50727; .NET CLR 3.0.4506.2152; .NET CLR 3.5.30729; InfoPath.2; Imperial College)"
129.31.101.202 - - [06/Oct/2009:16:12:37 +0000] "GET /clubs-and-societies/a-to-z/b/boat-medics/www.ICSMBC.co.uk HTTP/1.1" 302 131 "http://www.imperialcollegeunion.org/clubs-and-societies/a-to-z/b/boat-medics/" "Mozilla/4.0 (compatible; MSIE 8.0; Windows NT 5.1; Trident/4.0; .NET CLR 1.1.4322; Imperial College; .NET CLR 2.0.50727; .NET CLR 3.0.4506.2152; .NET CLR 3.5.30729; InfoPath.2; Imperial College)"
129.31.101.202 - - [06/Oct/2009:16:12:37 +0000] "GET /clubs-and-societies/a-to-z/b/boat-medics/www.ICSMBC.co.uk HTTP/1.1" 302 131 "http://www.imperialcollegeunion.org/clubs-and-societies/a-to-z/b/boat-medics/" "Mozilla/4.0 (compatible; MSIE 8.0; Windows NT 5.1; Trident/4.0; .NET CLR 1.1.4322; Imperial College; .NET CLR 2.0.50727; .NET CLR 3.0.4506.2152; .NET CLR 3.5.30729; InfoPath.2; Imperial College)"
129.31.101.202 - - [06/Oct/2009:16:12:37 +0000] "GET /clubs-and-societies/a-to-z/b/boat-medics/www.ICSMBC.co.uk HTTP/1.1" 302 131 "http://www.imperialcollegeunion.org/clubs-and-societies/a-to-z/b/boat-medics/" "Mozilla/4.0 (compatible; MSIE 8.0; Windows NT 5.1; Trident/4.0; .NET CLR 1.1.4322; Imperial College; .NET CLR 2.0.50727; .NET CLR 3.0.4506.2152; .NET CLR 3.5.30729; InfoPath.2; Imperial College)"
129.31.101.202 - - [06/Oct/2009:16:12:37 +0000] "GET /clubs-and-societies/a-to-z/b/boat-medics/www.ICSMBC.co.uk HTTP/1.1" 302 131 "http://www.imperialcollegeunion.org/clubs-and-societies/a-to-z/b/boat-medics/" "Mozilla/4.0 (compatible; MSIE 8.0; Windows NT 5.1; Trident/4.0; .NET CLR 1.1.4322; Imperial College; .NET CLR 2.0.50727; .NET CLR 3.0.4506.2152; .NET CLR 3.5.30729; InfoPath.2; Imperial College)"
129.31.101.202 - - [06/Oct/2009:16:12:37 +0000] "GET /clubs-and-societies/a-to-z/b/boat-medics/www.ICSMBC.co.uk HTTP/1.1" 302 131 "http://www.imperialcollegeunion.org/clubs-and-societies/a-to-z/b/boat-medics/" "Mozilla/4.0 (compatible; MSIE 8.0; Windows NT 5.1; Trident/4.0; .NET CLR 1.1.4322; Imperial College; .NET CLR 2.0.50727; .NET CLR 3.0.4506.2152; .NET CLR 3.5.30729; InfoPath.2; Imperial College)"
129.31.101.202 - - [06/Oct/2009:16:12:37 +0000] "GET /clubs-and-societies/a-to-z/b/boat-medics/www.ICSMBC.co.uk HTTP/1.1" 302 131 "http://www.imperialcollegeunion.org/clubs-and-societies/a-to-z/b/boat-medics/" "Mozilla/4.0 (compatible; MSIE 8.0; Windows NT 5.1; Trident/4.0; .NET CLR 1.1.4322; Imperial College; .NET CLR 2.0.50727; .NET CLR 3.0.4506.2152; .NET CLR 3.5.30729; InfoPath.2; Imperial College)"
129.31.101.202 - - [06/Oct/2009:16:12:37 +0000] "GET /clubs-and-societies/a-to-z/b/boat-medics/www.ICSMBC.co.uk HTTP/1.1" 302 131 "http://www.imperialcollegeunion.org/clubs-and-societies/a-to-z/b/boat-medics/" "Mozilla/4.0 (compatible; MSIE 8.0; Windows NT 5.1; Trident/4.0; .NET CLR 1.1.4322; Imperial College; .NET CLR 2.0.50727; .NET CLR 3.0.4506.2152; .NET CLR 3.5.30729; InfoPath.2; Imperial College)"
129.31.101.202 - - [06/Oct/2009:16:12:37 +0000] "GET /clubs-and-societies/a-to-z/b/boat-medics/www.ICSMBC.co.uk HTTP/1.1" 302 131 "http://www.imperialcollegeunion.org/clubs-and-societies/a-to-z/b/boat-medics/" "Mozilla/4.0 (compatible; MSIE 8.0; Windows NT 5.1; Trident/4.0; .NET CLR 1.1.4322; Imperial College; .NET CLR 2.0.50727; .NET CLR 3.0.4506.2152; .NET CLR 3.5.30729; InfoPath.2; Imperial College)"
129.31.101.202 - - [06/Oct/2009:16:12:37 +0000] "GET /clubs-and-societies/a-to-z/b/boat-medics/www.ICSMBC.co.uk HTTP/1.1" 302 131 "http://www.imperialcollegeunion.org/clubs-and-societies/a-to-z/b/boat-medics/" "Mozilla/4.0 (compatible; MSIE 8.0; Windows NT 5.1; Trident/4.0; .NET CLR 1.1.4322; Imperial College; .NET CLR 2.0.50727; .NET CLR 3.0.4506.2152; .NET CLR 3.5.30729; InfoPath.2; Imperial College)"
129.31.101.202 - - [06/Oct/2009:16:12:37 +0000] "GET /clubs-and-societies/a-to-z/b/boat-medics/www.ICSMBC.co.uk HTTP/1.1" 302 131 "http://www.imperialcollegeunion.org/clubs-and-societies/a-to-z/b/boat-medics/" "Mozilla/4.0 (compatible; MSIE 8.0; Windows NT 5.1; Trident/4.0; .NET CLR 1.1.4322; Imperial College; .NET CLR 2.0.50727; .NET CLR 3.0.4506.2152; .NET CLR 3.5.30729; InfoPath.2; Imperial College)"
129.31.101.202 - - [06/Oct/2009:16:12:37 +0000] "GET /clubs-and-societies/a-to-z/b/boat-medics/www.ICSMBC.co.uk HTTP/1.1" 302 131 "http://www.imperialcollegeunion.org/clubs-and-societies/a-to-z/b/boat-medics/" "Mozilla/4.0 (compatible; MSIE 8.0; Windows NT 5.1; Trident/4.0; .NET CLR 1.1.4322; Imperial College; .NET CLR 2.0.50727; .NET CLR 3.0.4506.2152; .NET CLR 3.5.30729; InfoPath.2; Imperial College)"
129.31.101.202 - - [06/Oct/2009:16:12:37 +0000] "GET /clubs-and-societies/a-to-z/b/boat-medics/www.ICSMBC.co.uk HTTP/1.1" 302 131 "http://www.imperialcollegeunion.org/clubs-and-societies/a-to-z/b/boat-medics/" "Mozilla/4.0 (compatible; MSIE 8.0; Windows NT 5.1; Trident/4.0; .NET CLR 1.1.4322; Imperial College; .NET CLR 2.0.50727; .NET CLR 3.0.4506.2152; .NET CLR 3.5.30729; InfoPath.2; Imperial College)"
129.31.101.202 - - [06/Oct/2009:16:12:37 +0000] "GET /clubs-and-societies/a-to-z/b/boat-medics/www.ICSMBC.co.uk HTTP/1.1" 302 131 "http://www.imperialcollegeunion.org/clubs-and-societies/a-to-z/b/boat-medics/" "Mozilla/4.0 (compatible; MSIE 8.0; Windows NT 5.1; Trident/4.0; .NET CLR 1.1.4322; Imperial College; .NET CLR 2.0.50727; .NET CLR 3.0.4506.2152; .NET CLR 3.5.30729; InfoPath.2; Imperial College)"
129.31.101.202 - - [06/Oct/2009:16:12:37 +0000] "GET /clubs-and-societies/a-to-z/b/boat-medics/www.ICSMBC.co.uk HTTP/1.1" 302 131 "http://www.imperialcollegeunion.org/clubs-and-societies/a-to-z/b/boat-medics/" "Mozilla/4.0 (compatible; MSIE 8.0; Windows NT 5.1; Trident/4.0; .NET CLR 1.1.4322; Imperial College; .NET CLR 2.0.50727; .NET CLR 3.0.4506.2152; .NET CLR 3.5.30729; InfoPath.2; Imperial College)"
129.31.101.202 - - [06/Oct/2009:16:12:37 +0000] "GET /clubs-and-societies/a-to-z/b/boat-medics/www.ICSMBC.co.uk HTTP/1.1" 302 131 "http://www.imperialcollegeunion.org/clubs-and-societies/a-to-z/b/boat-medics/" "Mozilla/4.0 (compatible; MSIE 8.0; Windows NT 5.1; Trident/4.0; .NET CLR 1.1.4322; Imperial College; .NET CLR 2.0.50727; .NET CLR 3.0.4506.2152; .NET CLR 3.5.30729; InfoPath.2; Imperial College)"
129.31.101.202 - - [06/Oct/2009:16:12:37 +0000] "GET /clubs-and-societies/a-to-z/b/boat-medics/www.ICSMBC.co.uk HTTP/1.1" 302 131 "http://www.imperialcollegeunion.org/clubs-and-societies/a-to-z/b/boat-medics/" "Mozilla/4.0 (compatible; MSIE 8.0; Windows NT 5.1; Trident/4.0; .NET CLR 1.1.4322; Imperial College; .NET CLR 2.0.50727; .NET CLR 3.0.4506.2152; .NET CLR 3.5.30729; InfoPath.2; Imperial College)"
129.31.101.202 - - [06/Oct/2009:16:12:37 +0000] "GET /clubs-and-societies/a-to-z/b/boat-medics/www.ICSMBC.co.uk HTTP/1.1" 302 131 "http://www.imperialcollegeunion.org/clubs-and-societies/a-to-z/b/boat-medics/" "Mozilla/4.0 (compatible; MSIE 8.0; Windows NT 5.1; Trident/4.0; .NET CLR 1.1.4322; Imperial College; .NET CLR 2.0.50727; .NET CLR 3.0.4506.2152; .NET CLR 3.5.30729; InfoPath.2; Imperial College)"
129.31.101.202 - - [06/Oct/2009:16:12:37 +0000] "GET /clubs-and-societies/a-to-z/b/boat-medics/www.ICSMBC.co.uk HTTP/1.1" 302 131 "http://www.imperialcollegeunion.org/clubs-and-societies/a-to-z/b/boat-medics/" "Mozilla/4.0 (compatible; MSIE 8.0; Windows NT 5.1; Trident/4.0; .NET CLR 1.1.4322; Imperial College; .NET CLR 2.0.50727; .NET CLR 3.0.4506.2152; .NET CLR 3.5.30729; InfoPath.2; Imperial College)"
129.31.101.202 - - [06/Oct/2009:16:12:37 +0000] "GET /clubs-and-societies/a-to-z/b/boat-medics/www.ICSMBC.co.uk HTTP/1.1" 302 131 "http://www.imperialcollegeunion.org/clubs-and-societies/a-to-z/b/boat-medics/" "Mozilla/4.0 (compatible; MSIE 8.0; Windows NT 5.1; Trident/4.0; .NET CLR 1.1.4322; Imperial College; .NET CLR 2.0.50727; .NET CLR 3.0.4506.2152; .NET CLR 3.5.30729; InfoPath.2; Imperial College)"
129.31.101.202 - - [06/Oct/2009:16:12:37 +0000] "GET /clubs-and-societies/a-to-z/b/boat-medics/www.ICSMBC.co.uk HTTP/1.1" 302 131 "http://www.imperialcollegeunion.org/clubs-and-societies/a-to-z/b/boat-medics/" "Mozilla/4.0 (compatible; MSIE 8.0; Windows NT 5.1; Trident/4.0; .NET CLR 1.1.4322; Imperial College; .NET CLR 2.0.50727; .NET CLR 3.0.4506.2152; .NET CLR 3.5.30729; InfoPath.2; Imperial College)"
129.31.101.202 - - [06/Oct/2009:16:12:37 +0000] "GET /clubs-and-societies/a-to-z/b/boat-medics/www.ICSMBC.co.uk HTTP/1.1" 302 131 "http://www.imperialcollegeunion.org/clubs-and-societies/a-to-z/b/boat-medics/" "Mozilla/4.0 (compatible; MSIE 8.0; Windows NT 5.1; Trident/4.0; .NET CLR 1.1.4322; Imperial College; .NET CLR 2.0.50727; .NET CLR 3.0.4506.2152; .NET CLR 3.5.30729; InfoPath.2; Imperial College)"
129.31.101.202 - - [06/Oct/2009:16:12:37 +0000] "GET /clubs-and-societies/a-to-z/b/boat-medics/www.ICSMBC.co.uk HTTP/1.1" 302 131 "http://www.imperialcollegeunion.org/clubs-and-societies/a-to-z/b/boat-medics/" "Mozilla/4.0 (compatible; MSIE 8.0; Windows NT 5.1; Trident/4.0; .NET CLR 1.1.4322; Imperial College; .NET CLR 2.0.50727; .NET CLR 3.0.4506.2152; .NET CLR 3.5.30729; InfoPath.2; Imperial College)"
129.31.101.202 - - [06/Oct/2009:16:12:37 +0000] "GET /clubs-and-societies/a-to-z/b/boat-medics/www.ICSMBC.co.uk HTTP/1.1" 302 131 "http://www.imperialcollegeunion.org/clubs-and-societies/a-to-z/b/boat-medics/" "Mozilla/4.0 (compatible; MSIE 8.0; Windows NT 5.1; Trident/4.0; .NET CLR 1.1.4322; Imperial College; .NET CLR 2.0.50727; .NET CLR 3.0.4506.2152; .NET CLR 3.5.30729; InfoPath.2; Imperial College)"
129.31.101.202 - - [06/Oct/2009:16:12:37 +0000] "GET /clubs-and-societies/a-to-z/b/boat-medics/www.ICSMBC.co.uk HTTP/1.1" 302 131 "http://www.imperialcollegeunion.org/clubs-and-societies/a-to-z/b/boat-medics/" "Mozilla/4.0 (compatible; MSIE 8.0; Windows NT 5.1; Trident/4.0; .NET CLR 1.1.4322; Imperial College; .NET CLR 2.0.50727; .NET CLR 3.0.4506.2152; .NET CLR 3.5.30729; InfoPath.2; Imperial College)"
129.31.101.202 - - [06/Oct/2009:16:12:37 +0000] "GET /clubs-and-societies/a-to-z/b/boat-medics/www.ICSMBC.co.uk HTTP/1.1" 302 131 "http://www.imperialcollegeunion.org/clubs-and-societies/a-to-z/b/boat-medics/" "Mozilla/4.0 (compatible; MSIE 8.0; Windows NT 5.1; Trident/4.0; .NET CLR 1.1.4322; Imperial College; .NET CLR 2.0.50727; .NET CLR 3.0.4506.2152; .NET CLR 3.5.30729; InfoPath.2; Imperial College)"
129.31.101.202 - - [06/Oct/2009:16:12:37 +0000] "GET /clubs-and-societies/a-to-z/b/boat-medics/www.ICSMBC.co.uk HTTP/1.1" 302 131 "http://www.imperialcollegeunion.org/clubs-and-societies/a-to-z/b/boat-medics/" "Mozilla/4.0 (compatible; MSIE 8.0; Windows NT 5.1; Trident/4.0; .NET CLR 1.1.4322; Imperial College; .NET CLR 2.0.50727; .NET CLR 3.0.4506.2152; .NET CLR 3.5.30729; InfoPath.2; Imperial College)"
129.31.101.202 - - [06/Oct/2009:16:12:37 +0000] "GET /clubs-and-societies/a-to-z/b/boat-medics/www.ICSMBC.co.uk HTTP/1.1" 302 131 "http://www.imperialcollegeunion.org/clubs-and-societies/a-to-z/b/boat-medics/" "Mozilla/4.0 (compatible; MSIE 8.0; Windows NT 5.1; Trident/4.0; .NET CLR 1.1.4322; Imperial College; .NET CLR 2.0.50727; .NET CLR 3.0.4506.2152; .NET CLR 3.5.30729; InfoPath.2; Imperial College)"
129.31.101.202 - - [06/Oct/2009:16:12:37 +0000] "GET /clubs-and-societies/a-to-z/b/boat-medics/www.ICSMBC.co.uk HTTP/1.1" 302 131 "http://www.imperialcollegeunion.org/clubs-and-societies/a-to-z/b/boat-medics/" "Mozilla/4.0 (compatible; MSIE 8.0; Windows NT 5.1; Trident/4.0; .NET CLR 1.1.4322; Imperial College; .NET CLR 2.0.50727; .NET CLR 3.0.4506.2152; .NET CLR 3.5.30729; InfoPath.2; Imperial College)"
129.31.101.202 - - [06/Oct/2009:16:12:37 +0000] "GET /clubs-and-societies/a-to-z/b/boat-medics/www.ICSMBC.co.uk HTTP/1.1" 302 131 "http://www.imperialcollegeunion.org/clubs-and-societies/a-to-z/b/boat-medics/" "Mozilla/4.0 (compatible; MSIE 8.0; Windows NT 5.1; Trident/4.0; .NET CLR 1.1.4322; Imperial College; .NET CLR 2.0.50727; .NET CLR 3.0.4506.2152; .NET CLR 3.5.30729; InfoPath.2; Imperial College)"
129.31.101.202 - - [06/Oct/2009:16:12:37 +0000] "GET /clubs-and-societies/a-to-z/b/boat-medics/www.ICSMBC.co.uk HTTP/1.1" 302 131 "http://www.imperialcollegeunion.org/clubs-and-societies/a-to-z/b/boat-medics/" "Mozilla/4.0 (compatible; MSIE 8.0; Windows NT 5.1; Trident/4.0; .NET CLR 1.1.4322; Imperial College; .NET CLR 2.0.50727; .NET CLR 3.0.4506.2152; .NET CLR 3.5.30729; InfoPath.2; Imperial College)"
129.31.101.202 - - [06/Oct/2009:16:12:37 +0000] "GET /clubs-and-societies/a-to-z/b/boat-medics/www.ICSMBC.co.uk HTTP/1.1" 302 131 "http://www.imperialcollegeunion.org/clubs-and-societies/a-to-z/b/boat-medics/" "Mozilla/4.0 (compatible; MSIE 8.0; Windows NT 5.1; Trident/4.0; .NET CLR 1.1.4322; Imperial College; .NET CLR 2.0.50727; .NET CLR 3.0.4506.2152; .NET CLR 3.5.30729; InfoPath.2; Imperial College)"
129.31.101.202 - - [06/Oct/2009:16:12:37 +0000] "GET /clubs-and-societies/a-to-z/b/boat-medics/www.ICSMBC.co.uk HTTP/1.1" 302 131 "http://www.imperialcollegeunion.org/clubs-and-societies/a-to-z/b/boat-medics/" "Mozilla/4.0 (compatible; MSIE 8.0; Windows NT 5.1; Trident/4.0; .NET CLR 1.1.4322; Imperial College; .NET CLR 2.0.50727; .NET CLR 3.0.4506.2152; .NET CLR 3.5.30729; InfoPath.2; Imperial College)"
129.31.101.202 - - [06/Oct/2009:16:12:37 +0000] "GET /clubs-and-societies/a-to-z/b/boat-medics/www.ICSMBC.co.uk HTTP/1.1" 302 131 "http://www.imperialcollegeunion.org/clubs-and-societies/a-to-z/b/boat-medics/" "Mozilla/4.0 (compatible; MSIE 8.0; Windows NT 5.1; Trident/4.0; .NET CLR 1.1.4322; Imperial College; .NET CLR 2.0.50727; .NET CLR 3.0.4506.2152; .NET CLR 3.5.30729; InfoPath.2; Imperial College)"
129.31.101.202 - - [06/Oct/2009:16:12:37 +0000] "GET /clubs-and-societies/a-to-z/b/boat-medics/www.ICSMBC.co.uk HTTP/1.1" 302 131 "http://www.imperialcollegeunion.org/clubs-and-societies/a-to-z/b/boat-medics/" "Mozilla/4.0 (compatible; MSIE 8.0; Windows NT 5.1; Trident/4.0; .NET CLR 1.1.4322; Imperial College; .NET CLR 2.0.50727; .NET CLR 3.0.4506.2152; .NET CLR 3.5.30729; InfoPath.2; Imperial College)"
129.31.101.202 - - [06/Oct/2009:16:12:37 +0000] "GET /clubs-and-societies/a-to-z/b/boat-medics/www.ICSMBC.co.uk HTTP/1.1" 302 131 "http://www.imperialcollegeunion.org/clubs-and-societies/a-to-z/b/boat-medics/" "Mozilla/4.0 (compatible; MSIE 8.0; Windows NT 5.1; Trident/4.0; .NET CLR 1.1.4322; Imperial College; .NET CLR 2.0.50727; .NET CLR 3.0.4506.2152; .NET CLR 3.5.30729; InfoPath.2; Imperial College)"
129.31.101.202 - - [06/Oct/2009:16:12:37 +0000] "GET /clubs-and-societies/a-to-z/b/boat-medics/www.ICSMBC.co.uk HTTP/1.1" 302 131 "http://www.imperialcollegeunion.org/clubs-and-societies/a-to-z/b/boat-medics/" "Mozilla/4.0 (compatible; MSIE 8.0; Windows NT 5.1; Trident/4.0; .NET CLR 1.1.4322; Imperial College; .NET CLR 2.0.50727; .NET CLR 3.0.4506.2152; .NET CLR 3.5.30729; InfoPath.2; Imperial College)"
129.31.101.202 - - [06/Oct/2009:16:12:37 +0000] "GET /clubs-and-societies/a-to-z/b/boat-medics/www.ICSMBC.co.uk HTTP/1.1" 302 131 "http://www.imperialcollegeunion.org/clubs-and-societies/a-to-z/b/boat-medics/" "Mozilla/4.0 (compatible; MSIE 8.0; Windows NT 5.1; Trident/4.0; .NET CLR 1.1.4322; Imperial College; .NET CLR 2.0.50727; .NET CLR 3.0.4506.2152; .NET CLR 3.5.30729; InfoPath.2; Imperial College)"
129.31.101.202 - - [06/Oct/2009:16:12:37 +0000] "GET /clubs-and-societies/a-to-z/b/boat-medics/www.ICSMBC.co.uk HTTP/1.1" 302 131 "http://www.imperialcollegeunion.org/clubs-and-societies/a-to-z/b/boat-medics/" "Mozilla/4.0 (compatible; MSIE 8.0; Windows NT 5.1; Trident/4.0; .NET CLR 1.1.4322; Imperial College; .NET CLR 2.0.50727; .NET CLR 3.0.4506.2152; .NET CLR 3.5.30729; InfoPath.2; Imperial College)"
129.31.101.202 - - [06/Oct/2009:16:12:37 +0000] "GET /clubs-and-societies/a-to-z/b/boat-medics/www.ICSMBC.co.uk HTTP/1.1" 302 131 "http://www.imperialcollegeunion.org/clubs-and-societies/a-to-z/b/boat-medics/" "Mozilla/4.0 (compatible; MSIE 8.0; Windows NT 5.1; Trident/4.0; .NET CLR 1.1.4322; Imperial College; .NET CLR 2.0.50727; .NET CLR 3.0.4506.2152; .NET CLR 3.5.30729; InfoPath.2; Imperial College)"
129.31.101.202 - - [06/Oct/2009:16:12:37 +0000] "GET /clubs-and-societies/a-to-z/b/boat-medics/www.ICSMBC.co.uk HTTP/1.1" 302 131 "http://www.imperialcollegeunion.org/clubs-and-societies/a-to-z/b/boat-medics/" "Mozilla/4.0 (compatible; MSIE 8.0; Windows NT 5.1; Trident/4.0; .NET CLR 1.1.4322; Imperial College; .NET CLR 2.0.50727; .NET CLR 3.0.4506.2152; .NET CLR 3.5.30729; InfoPath.2; Imperial College)"
