155.198.199.216 - - [06/Oct/2009:16:08:26 +0000] "GET /membership.vm?id=com.othercommerce.imperial.shop.model.ProductGroupHandle-L-789 HTTP/1.1" 200 208 "http://www.imperialcollegeunion.org/clubs-and-societies/" "Mozilla/5.0 (Windows; U; Windows NT 6.0; en-GB; rv:1.9.1.3) Gecko/20090824 Firefox/3.5.3 (.NET CLR 3.5.30729)"
129.31.67.39 - - [06/Oct/2009:16:08:27 +0000] "GET /clubs-and-societies/a-to-z/a/afro-caribbean/contact.html?Pcs=com.othermedia.imperial.model.ClubSocietyHandle-L-243 HTTP/1.1" 200 11172 "http://www.imperialcollegeunion.org/clubs-and-societies/a-to-z/a/afro-caribbean/" "Mozilla/4.0 (compatible; MSIE 8.0; Windows NT 6.0; Trident/4.0; SLCC1; .NET CLR 2.0.50727; Media Center PC 5.0; OfficeLiveConnector.1.3; OfficeLivePatch.0.0; .NET CLR 3.5.30729; .NET CLR 3.0.30618)"
155.198.16.55 - - [06/Oct/2009:16:08:28 +0000] "GET / HTTP/1.1" 200 37877 "http://www3.imperial.ac.uk/students" "Mozilla/4.0 (compatible; MSIE 8.0; Windows NT 5.1; Trident/4.0; .NET CLR 1.1.4322; Imperial College; .NET CLR 2.0.50727; .NET CLR 3.0.4506.2152; .NET CLR 3.5.30729; InfoPath.2; Imperial College)"
155.198.16.55 - - [06/Oct/2009:16:08:29 +0000] "GET /unions/home-news.vm?id=com.othermedia.imperial.model.clubsociety.UnionTab-L-1 HTTP/1.1" 200 2053 "http://www.imperialcollegeunion.org/" "Mozilla/4.0 (compatible; MSIE 8.0; Windows NT 5.1; Trident/4.0; .NET CLR 1.1.4322; Imperial College; .NET CLR 2.0.50727; .NET CLR 3.0.4506.2152; .NET CLR 3.5.30729; InfoPath.2; Imperial College)"
66.249.71.72 - - [06/Oct/2009:16:08:29 +0000] "GET /clubs-and-societies/a-to-z/b/bright-futures/ HTTP/1.1" 302 261 "-" "Mozilla/5.0 (compatible; Googlebot/2.1; +http://www.google.com/bot.html)"
129.31.82.53 - - [06/Oct/2009:16:08:30 +0000] "GET /clubs-and-societies/a-to-z/o/outdoor/about.html?Pcs=com.othermedia.imperial.model.ClubSocietyHandle-L-146 HTTP/1.1" 200 10882 "http://www.imperialcollegeunion.org/clubs-and-societies/a-to-z/o/outdoor/" "Mozilla/4.0 (compatible; MSIE 8.0; Windows NT 6.0; Trident/4.0; GTB6; SLCC1; .NET CLR 2.0.50727; Media Center PC 5.0; eSobiSubscriber 2.0.4.16; .NET CLR 3.5.30729; .NET CLR 3.0.30618; InfoPath.2)"
66.249.71.72 - - [06/Oct/2009:16:08:32 +0000] "GET /media-cg-171/wilkinson-hall-union-mingle-1418/product.html HTTP/1.1" 302 261 "-" "Mozilla/5.0 (compatible; Googlebot/2.1; +http://www.google.com/bot.html)"
155.198.16.55 - - [06/Oct/2009:16:08:33 +0000] "GET /clubs-and-societies/ HTTP/1.1" 200 64868 "http://www.imperialcollegeunion.org/" "Mozilla/4.0 (compatible; MSIE 8.0; Windows NT 5.1; Trident/4.0; .NET CLR 1.1.4322; Imperial College; .NET CLR 2.0.50727; .NET CLR 3.0.4506.2152; .NET CLR 3.5.30729; InfoPath.2; Imperial College)"
129.31.82.53 - - [06/Oct/2009:16:08:33 +0000] "GET /clubs-and-societies/a-to-z/o/outdoor/history.html?Pcs=com.othermedia.imperial.model.ClubSocietyHandle-L-146 HTTP/1.1" 200 10900 "http://www.imperialcollegeunion.org/clubs-and-societies/a-to-z/o/outdoor/about.html?Pcs=com.othermedia.imperial.model.ClubSocietyHandle-L-146" "Mozilla/4.0 (compatible; MSIE 8.0; Windows NT 6.0; Trident/4.0; GTB6; SLCC1; .NET CLR 2.0.50727; Media Center PC 5.0; eSobiSubscriber 2.0.4.16; .NET CLR 3.5.30729; .NET CLR 3.0.30618; InfoPath.2)"
155.198.16.55 - - [06/Oct/2009:16:08:33 +0000] "GET /unions/news.vm?id=com.othermedia.imperial.model.clubsociety.UnionTab-L-6 HTTP/1.1" 200 5370 "http://www.imperialcollegeunion.org/clubs-and-societies/" "Mozilla/4.0 (compatible; MSIE 8.0; Windows NT 5.1; Trident/4.0; .NET CLR 1.1.4322; Imperial College; .NET CLR 2.0.50727; .NET CLR 3.0.4506.2152; .NET CLR 3.5.30729; InfoPath.2; Imperial College)"
66.249.71.111 - - [06/Oct/2009:16:08:33 +0000] "GET /clubs-and-societies/a-to-z/m/musical-theatre-tour/?lp=277 HTTP/1.1" 302 268 "-" "Mozilla/5.0 (compatible; Googlebot/2.1; +http://www.google.com/bot.html)"
155.198.16.55 - - [06/Oct/2009:16:08:33 +0000] "GET /membership.vm?id=com.othercommerce.imperial.shop.model.ProductGroupHandle-L-1398 HTTP/1.1" 200 209 "http://www.imperialcollegeunion.org/clubs-and-societies/" "Mozilla/4.0 (compatible; MSIE 8.0; Windows NT 5.1; Trident/4.0; .NET CLR 1.1.4322; Imperial College; .NET CLR 2.0.50727; .NET CLR 3.0.4506.2152; .NET CLR 3.5.30729; InfoPath.2; Imperial College)"
129.31.88.164 - - [06/Oct/2009:16:08:33 +0000] "GET /cgcu-353/cgcu-masquerade-ball-2008-839/product.html HTTP/1.1" 200 12823 "-" "Mozilla/4.0 (compatible; MSIE 8.0; Windows NT 6.0; Trident/4.0; GTB5; SLCC1; .NET CLR 2.0.50727; Media Center PC 5.0; .NET CLR 3.5.30729; .NET CLR 3.0.30618; InfoPath.2)"
129.31.82.53 - - [06/Oct/2009:16:08:35 +0000] "GET /clubs-and-societies/a-to-z/o/outdoor/forms.html?Pcs=com.othermedia.imperial.model.ClubSocietyHandle-L-146 HTTP/1.1" 302 79 "http://www.imperialcollegeunion.org/clubs-and-societies/a-to-z/o/outdoor/history.html?Pcs=com.othermedia.imperial.model.ClubSocietyHandle-L-146" "Mozilla/4.0 (compatible; MSIE 8.0; Windows NT 6.0; Trident/4.0; GTB6; SLCC1; .NET CLR 2.0.50727; Media Center PC 5.0; eSobiSubscriber 2.0.4.16; .NET CLR 3.5.30729; .NET CLR 3.0.30618; InfoPath.2)"
129.31.82.53 - - [06/Oct/2009:16:08:35 +0000] "GET /forms HTTP/1.1" 302 115 "http://www.imperialcollegeunion.org/clubs-and-societies/a-to-z/o/outdoor/history.html?Pcs=com.othermedia.imperial.model.ClubSocietyHandle-L-146" "Mozilla/4.0 (compatible; MSIE 8.0; Windows NT 6.0; Trident/4.0; GTB6; SLCC1; .NET CLR 2.0.50727; Media Center PC 5.0; eSobiSubscriber 2.0.4.16; .NET CLR 3.5.30729; .NET CLR 3.0.30618; InfoPath.2)"
129.31.82.53 - - [06/Oct/2009:16:08:36 +0000] "GET /clubs-and-societies/forms,109,ICUAP.html HTTP/1.1" 200 24525 "http://www.imperialcollegeunion.org/clubs-and-societies/a-to-z/o/outdoor/history.html?Pcs=com.othermedia.imperial.model.ClubSocietyHandle-L-146" "Mozilla/4.0 (compatible; MSIE 8.0; Windows NT 6.0; Trident/4.0; GTB6; SLCC1; .NET CLR 2.0.50727; Media Center PC 5.0; eSobiSubscriber 2.0.4.16; .NET CLR 3.5.30729; .NET CLR 3.0.30618; InfoPath.2)"
155.198.97.230 - - [06/Oct/2009:16:08:36 +0000] "GET /canoe-43/category.html HTTP/1.1" 200 8882 "http://www.union.ic.ac.uk/rcc/canoe/board/index.php?action=vthread&forum=1&topic=191" "Mozilla/4.0 (compatible; MSIE 7.0; Windows NT 5.1; Trident/4.0; .NET CLR 1.1.4322; .NET CLR 2.0.50727; .NET CLR 3.0.4506.2152; .NET CLR 3.5.30729; InfoPath.2; Imperial College)"
155.198.199.216 - - [06/Oct/2009:16:08:38 +0000] "GET /clubs-and-societies/a-to-z/?lp=303 HTTP/1.1" 200 41559 "http://www.imperialcollegeunion.org/clubs-and-societies/" "Mozilla/5.0 (Windows; U; Windows NT 6.0; en-GB; rv:1.9.1.3) Gecko/20090824 Firefox/3.5.3 (.NET CLR 3.5.30729)"
66.249.85.66 - - [06/Oct/2009:16:08:38 +0000] "GET /news.xml?rnd=334 HTTP/1.1" 302 269 "-" "Feedfetcher-Google; (+http://www.google.com/feedfetcher.html; feed-id=2796846790313080258)"
155.198.97.230 - - [06/Oct/2009:16:08:39 +0000] "GET /canoe-43/canoe-membership/product.html HTTP/1.1" 200 11840 "https://www.imperialcollegeunion.org/canoe-43/category.html" "Mozilla/4.0 (compatible; MSIE 8.0; Windows NT 5.1; Trident/4.0; .NET CLR 1.1.4322; .NET CLR 2.0.50727; .NET CLR 3.0.4506.2152; .NET CLR 3.5.30729; InfoPath.2; Imperial College)"
80.254.146.4 - - [06/Oct/2009:16:08:40 +0000] "GET / HTTP/1.0" 302 249 "http://www.union.ic.ac.uk/osc/malaysia/mn2k6/committee.html" "Mozilla/5.0 (Windows; U; Windows NT 5.1; en-US) AppleWebKit/530.5 (KHTML, like Gecko) Chrome/2.0.172.43 Safari/530.5"
129.31.82.53 - - [06/Oct/2009:16:08:40 +0000] "GET /clubs-and-societies/a-to-z/o/outdoor/history.html?Pcs=com.othermedia.imperial.model.ClubSocietyHandle-L-146 HTTP/1.1" 200 10900 "http://www.imperialcollegeunion.org/clubs-and-societies/a-to-z/o/outdoor/about.html?Pcs=com.othermedia.imperial.model.ClubSocietyHandle-L-146" "Mozilla/4.0 (compatible; MSIE 8.0; Windows NT 6.0; Trident/4.0; GTB6; SLCC1; .NET CLR 2.0.50727; Media Center PC 5.0; eSobiSubscriber 2.0.4.16; .NET CLR 3.5.30729; .NET CLR 3.0.30618; InfoPath.2)"
155.198.97.230 - - [06/Oct/2009:16:08:42 +0000] "GET /login.html?requestedUrl=%2Fcanoe-43%2Fcanoe-membership%2Fproduct.html HTTP/1.1" 200 212 "https://www.imperialcollegeunion.org/canoe-43/canoe-membership/product.html" "Mozilla/4.0 (compatible; MSIE 8.0; Windows NT 5.1; Trident/4.0; .NET CLR 1.1.4322; .NET CLR 2.0.50727; .NET CLR 3.0.4506.2152; .NET CLR 3.5.30729; InfoPath.2; Imperial College)"
66.249.71.72 - - [06/Oct/2009:16:08:43 +0000] "GET /clubs-and-societies/a-to-z/m/materials/ HTTP/1.1" 302 261 "-" "Mozilla/5.0 (compatible; Googlebot/2.1; +http://www.google.com/bot.html)"
155.198.57.23 - - [06/Oct/2009:16:08:44 +0000] "GET /events.xml HTTP/1.1" 200 5128 "-" "Java/1.4.2_14"
66.249.85.66 - - [06/Oct/2009:16:08:45 +0000] "GET /news.xml?rnd=98 HTTP/1.1" 302 268 "-" "Feedfetcher-Google; (+http://www.google.com/feedfetcher.html; feed-id=12522587850062128616)"
129.31.68.138 - - [06/Oct/2009:16:08:45 +0000] "GET /clubs-and-societies/a-to-z/f/football-mens-rcs/shop.html?Pcs=com.othermedia.imperial.model.ClubSocietyHandle-L-163 HTTP/1.1" 404 8651 "http://www.imperialcollegeunion.org/clubs-and-societies/a-to-z/index,73,ICUIP.html?f=SPORTS" "Mozilla/5.0 (Macintosh; U; Intel Mac OS X 10_6_1; en-us) AppleWebKit/531.9 (KHTML, like Gecko) Version/4.0.3 Safari/531.9"
155.198.16.51 - - [06/Oct/2009:16:08:45 +0000] "GET / HTTP/1.1" 200 16376 "http://www.google.co.uk/search?q=imperial+college+union&ie=utf-8&oe=utf-8&aq=t&rls=org.mozilla:en-GB:official&client=firefox-a" "Mozilla/5.0 (Windows; U; Windows NT 5.1; en-GB; rv:1.9.1.1) Gecko/20090715 Firefox/3.5.1 (.NET CLR 3.5.30729)"
80.254.146.4 - - [06/Oct/2009:16:08:46 +0000] "GET / HTTP/1.0" 302 249 "http://www.union.ic.ac.uk/osc/malaysia/mn2k6/committee.html" "Mozilla/5.0 (Windows; U; Windows NT 5.1; en-US) AppleWebKit/530.5 (KHTML, like Gecko) Chrome/2.0.172.43 Safari/530.5"
155.198.199.216 - - [06/Oct/2009:16:08:46 +0000] "GET /clubs-and-societies/a-to-z/p/photographic/ HTTP/1.1" 200 11247 "http://www.imperialcollegeunion.org/clubs-and-societies/a-to-z/?lp=303" "Mozilla/5.0 (Windows; U; Windows NT 6.0; en-GB; rv:1.9.1.3) Gecko/20090824 Firefox/3.5.3 (.NET CLR 3.5.30729)"
129.31.82.53 - - [06/Oct/2009:16:08:46 +0000] "GET /events/?Pcs=com.othermedia.imperial.model.ClubSocietyHandle-L-146 HTTP/1.1" 200 10181 "http://www.imperialcollegeunion.org/clubs-and-societies/a-to-z/o/outdoor/history.html?Pcs=com.othermedia.imperial.model.ClubSocietyHandle-L-146" "Mozilla/4.0 (compatible; MSIE 8.0; Windows NT 6.0; Trident/4.0; GTB6; SLCC1; .NET CLR 2.0.50727; Media Center PC 5.0; eSobiSubscriber 2.0.4.16; .NET CLR 3.5.30729; .NET CLR 3.0.30618; InfoPath.2)"
155.198.16.51 - - [06/Oct/2009:16:08:48 +0000] "GET / HTTP/1.1" 200 37887 "http://www.google.co.uk/search?q=imperial+college+union&ie=utf-8&oe=utf-8&aq=t&rls=org.mozilla:en-GB:official&client=firefox-a" "Mozilla/5.0 (Windows; U; Windows NT 5.1; en-GB; rv:1.9.1.1) Gecko/20090715 Firefox/3.5.1 (.NET CLR 3.5.30729)"
155.198.16.51 - - [06/Oct/2009:16:08:48 +0000] "GET /unions/home-news.vm?id=com.othermedia.imperial.model.clubsociety.UnionTab-L-1 HTTP/1.1" 200 2053 "http://www.imperialcollegeunion.org/" "Mozilla/5.0 (Windows; U; Windows NT 5.1; en-GB; rv:1.9.1.1) Gecko/20090715 Firefox/3.5.1 (.NET CLR 3.5.30729)"
89.28.208.5 - - [06/Oct/2009:16:08:48 +0000] "GET /contact-us/ HTTP/1.0" 200 15970 "-" "check_http/v1861 (nagios-plugins 1.4.11)"
129.31.82.53 - - [06/Oct/2009:16:08:48 +0000] "GET /clubs-and-societies/a-to-z/o/outdoor/contact.html?Pcs=com.othermedia.imperial.model.ClubSocietyHandle-L-146 HTTP/1.1" 200 11632 "http://www.imperialcollegeunion.org/events/?Pcs=com.othermedia.imperial.model.ClubSocietyHandle-L-146" "Mozilla/4.0 (compatible; MSIE 8.0; Windows NT 6.0; Trident/4.0; GTB6; SLCC1; .NET CLR 2.0.50727; Media Center PC 5.0; eSobiSubscriber 2.0.4.16; .NET CLR 3.5.30729; .NET CLR 3.0.30618; InfoPath.2)"
129.31.68.138 - - [06/Oct/2009:16:08:49 +0000] "GET /clubs-and-societies/a-to-z/index,73,ICUIP.html?f=SPORTS HTTP/1.1" 200 30808 "http://www.imperialcollegeunion.org/clubs-and-societies/" "Mozilla/5.0 (Macintosh; U; Intel Mac OS X 10_6_1; en-us) AppleWebKit/531.9 (KHTML, like Gecko) Version/4.0.3 Safari/531.9"
155.198.9.103 - - [06/Oct/2009:16:08:50 +0000] "GET /clubs-and-societies/a-to-z/a/archery/forms.html?Pcs=com.othermedia.imperial.model.ClubSocietyHandle-L-36 HTTP/1.1" 302 79 "http://www.imperialcollegeunion.org/clubs-and-societies/a-to-z/a/archery/" "Mozilla/4.0 (compatible; MSIE 8.0; Windows NT 5.1; Trident/4.0; .NET CLR 1.1.4322; Imperial College; .NET CLR 2.0.50727; .NET CLR 3.0.4506.2152; .NET CLR 3.5.30729; InfoPath.2; Imperial College)"
155.198.9.103 - - [06/Oct/2009:16:08:50 +0000] "GET /forms HTTP/1.1" 302 115 "http://www.imperialcollegeunion.org/clubs-and-societies/a-to-z/a/archery/" "Mozilla/4.0 (compatible; MSIE 8.0; Windows NT 5.1; Trident/4.0; .NET CLR 1.1.4322; Imperial College; .NET CLR 2.0.50727; .NET CLR 3.0.4506.2152; .NET CLR 3.5.30729; InfoPath.2; Imperial College)"
129.31.82.53 - - [06/Oct/2009:16:08:50 +0000] "GET /clubs-and-societies/a-to-z/o/outdoor/website.html?Pcs=com.othermedia.imperial.model.ClubSocietyHandle-L-146 HTTP/1.1" 302 81 "http://www.imperialcollegeunion.org/clubs-and-societies/a-to-z/o/outdoor/contact.html?Pcs=com.othermedia.imperial.model.ClubSocietyHandle-L-146" "Mozilla/4.0 (compatible; MSIE 8.0; Windows NT 6.0; Trident/4.0; GTB6; SLCC1; .NET CLR 2.0.50727; Media Center PC 5.0; eSobiSubscriber 2.0.4.16; .NET CLR 3.5.30729; .NET CLR 3.0.30618; InfoPath.2)"
129.31.82.53 - - [06/Oct/2009:16:08:50 +0000] "GET /rcc/outdoor HTTP/1.1" 302 229 "http://www.imperialcollegeunion.org/clubs-and-societies/a-to-z/o/outdoor/contact.html?Pcs=com.othermedia.imperial.model.ClubSocietyHandle-L-146" "Mozilla/4.0 (compatible; MSIE 8.0; Windows NT 6.0; Trident/4.0; GTB6; SLCC1; .NET CLR 2.0.50727; Media Center PC 5.0; eSobiSubscriber 2.0.4.16; .NET CLR 3.5.30729; .NET CLR 3.0.30618; InfoPath.2)"
155.198.9.103 - - [06/Oct/2009:16:08:50 +0000] "GET /clubs-and-societies/forms,109,ICUAP.html HTTP/1.1" 200 24525 "http://www.imperialcollegeunion.org/clubs-and-societies/a-to-z/a/archery/" "Mozilla/4.0 (compatible; MSIE 8.0; Windows NT 5.1; Trident/4.0; .NET CLR 1.1.4322; Imperial College; .NET CLR 2.0.50727; .NET CLR 3.0.4506.2152; .NET CLR 3.5.30729; InfoPath.2; Imperial College)"
155.198.199.216 - - [06/Oct/2009:16:08:51 +0000] "GET /clubs-and-societies/a-to-z/p/photographic/shop.html?Pcs=com.othermedia.imperial.model.ClubSocietyHandle-L-124 HTTP/1.1" 302 104 "http://www.imperialcollegeunion.org/clubs-and-societies/a-to-z/p/photographic/" "Mozilla/5.0 (Windows; U; Windows NT 6.0; en-GB; rv:1.9.1.3) Gecko/20090824 Firefox/3.5.3 (.NET CLR 3.5.30729)"
155.198.199.216 - - [06/Oct/2009:16:08:51 +0000] "GET /photographic-201/category.html HTTP/1.1" 200 8907 "http://www.imperialcollegeunion.org/clubs-and-societies/a-to-z/p/photographic/" "Mozilla/5.0 (Windows; U; Windows NT 6.0; en-GB; rv:1.9.1.3) Gecko/20090824 Firefox/3.5.3 (.NET CLR 3.5.30729)"
129.31.68.138 - - [06/Oct/2009:16:08:51 +0000] "GET /clubs-and-societies/a-to-z/f/football-mens-rsm/shop.html?Pcs=com.othermedia.imperial.model.ClubSocietyHandle-L-167 HTTP/1.1" 302 109 "http://www.imperialcollegeunion.org/clubs-and-societies/a-to-z/index,73,ICUIP.html?f=SPORTS" "Mozilla/5.0 (Macintosh; U; Intel Mac OS X 10_6_1; en-us) AppleWebKit/531.9 (KHTML, like Gecko) Version/4.0.3 Safari/531.9"
155.198.14.113 - - [06/Oct/2009:16:08:51 +0000] "GET /login.html?requestedUrl=%2Fclubs-and-societies%2F HTTP/1.1" 200 212 "https://www.imperialcollegeunion.org/clubs-and-societies/" "Mozilla/4.0 (compatible; MSIE 8.0; Windows NT 5.1; Trident/4.0; .NET CLR 1.1.4322; Imperial College; .NET CLR 2.0.50727; .NET CLR 3.0.4506.2152; .NET CLR 3.5.30729; InfoPath.2; Imperial College)"
129.31.68.138 - - [06/Oct/2009:16:08:51 +0000] "GET /football-mens-rsm-103/category.html HTTP/1.1" 200 8972 "http://www.imperialcollegeunion.org/clubs-and-societies/a-to-z/index,73,ICUIP.html?f=SPORTS" "Mozilla/5.0 (Macintosh; U; Intel Mac OS X 10_6_1; en-us) AppleWebKit/531.9 (KHTML, like Gecko) Version/4.0.3 Safari/531.9"
89.28.208.5 - - [06/Oct/2009:16:08:53 +0000] "GET / HTTP/1.0" 200 37877 "-" "check_http/v1861 (nagios-plugins 1.4.11)"
155.198.9.103 - - [06/Oct/2009:16:08:53 +0000] "GET /clubs-and-societies/a-to-z/a/archery/ HTTP/1.1" 200 11220 "http://www.imperialcollegeunion.org/search.html?q=archery" "Mozilla/4.0 (compatible; MSIE 8.0; Windows NT 5.1; Trident/4.0; .NET CLR 1.1.4322; Imperial College; .NET CLR 2.0.50727; .NET CLR 3.0.4506.2152; .NET CLR 3.5.30729; InfoPath.2; Imperial College)"
66.249.71.72 - - [06/Oct/2009:16:08:56 +0000] "GET /clubs-and-societies/a-to-z/i/italian/ HTTP/1.1" 302 261 "-" "Mozilla/5.0 (compatible; Googlebot/2.1; +http://www.google.com/bot.html)"
155.198.16.51 - - [06/Oct/2009:16:08:56 +0000] "GET /news-events/ HTTP/1.1" 302 87 "http://www.imperialcollegeunion.org/" "Mozilla/5.0 (Windows; U; Windows NT 5.1; en-GB; rv:1.9.1.1) Gecko/20090715 Firefox/3.5.1 (.NET CLR 3.5.30729)"
155.198.16.51 - - [06/Oct/2009:16:08:56 +0000] "GET /news?opt=news HTTP/1.1" 200 20375 "http://www.imperialcollegeunion.org/" "Mozilla/5.0 (Windows; U; Windows NT 5.1; en-GB; rv:1.9.1.1) Gecko/20090715 Firefox/3.5.1 (.NET CLR 3.5.30729)"
155.198.199.216 - - [06/Oct/2009:16:08:58 +0000] "GET /photographic-201/photographic-membership/product.html HTTP/1.1" 200 11934 "http://www.imperialcollegeunion.org/photographic-201/category.html" "Mozilla/5.0 (Windows; U; Windows NT 6.0; en-GB; rv:1.9.1.3) Gecko/20090824 Firefox/3.5.3 (.NET CLR 3.5.30729)"
155.198.14.113 - - [06/Oct/2009:16:08:59 +0000] "GET /news-events/ HTTP/1.1" 302 87 "https://www.imperialcollegeunion.org/clubs-and-societies/" "Mozilla/4.0 (compatible; MSIE 8.0; Windows NT 5.1; Trident/4.0; .NET CLR 1.1.4322; Imperial College; .NET CLR 2.0.50727; .NET CLR 3.0.4506.2152; .NET CLR 3.5.30729; InfoPath.2; Imperial College)"
155.198.14.113 - - [06/Oct/2009:16:08:59 +0000] "GET /news?opt=news HTTP/1.1" 200 20375 "-" "Mozilla/4.0 (compatible; MSIE 8.0; Windows NT 5.1; Trident/4.0; .NET CLR 1.1.4322; Imperial College; .NET CLR 2.0.50727; .NET CLR 3.0.4506.2152; .NET CLR 3.5.30729; InfoPath.2; Imperial College)"
65.55.106.138 - - [06/Oct/2009:16:09:00 +0000] "GET /rcc/caving/sside.php HTTP/1.1" 302 238 "-" "msnbot/2.0b (+http://search.msn.com/msnbot.htm)"
155.198.9.103 - - [06/Oct/2009:16:09:01 +0000] "GET /clubs-and-societies/a-to-z/a/archery/finance.html?Pcs=com.othermedia.imperial.model.ClubSocietyHandle-L-36 HTTP/1.1" 302 98 "http://www.imperialcollegeunion.org/clubs-and-societies/a-to-z/a/archery/" "Mozilla/4.0 (compatible; MSIE 8.0; Windows NT 5.1; Trident/4.0; .NET CLR 1.1.4322; Imperial College; .NET CLR 2.0.50727; .NET CLR 3.0.4506.2152; .NET CLR 3.5.30729; InfoPath.2; Imperial College)"
155.198.97.230 - - [06/Oct/2009:16:09:01 +0000] "GET /login.html?requestedUrl=%2Fcanoe-43%2Fcanoe-membership%2Fproduct.html HTTP/1.1" 200 212 "https://www.imperialcollegeunion.org/canoe-43/canoe-membership/product.html" "Mozilla/4.0 (compatible; MSIE 8.0; Windows NT 5.1; Trident/4.0; .NET CLR 1.1.4322; .NET CLR 2.0.50727; .NET CLR 3.0.4506.2152; .NET CLR 3.5.30729; InfoPath.2; Imperial College)"
155.198.199.216 - - [06/Oct/2009:16:09:02 +0000] "GET /login.html?requestedUrl=%2Fphotographic-201%2Fphotographic-membership%2Fproduct.html HTTP/1.1" 200 212 "http://www.imperialcollegeunion.org/photographic-201/photographic-membership/product.html" "Mozilla/5.0 (Windows; U; Windows NT 6.0; en-GB; rv:1.9.1.3) Gecko/20090824 Firefox/3.5.3 (.NET CLR 3.5.30729)"
155.198.57.23 - - [06/Oct/2009:16:09:02 +0000] "GET /news.xml HTTP/1.1" 200 6406 "-" "Java/1.4.2_14"
155.198.57.38 - - [06/Oct/2009:16:09:04 +0000] "GET /events.xml HTTP/1.1" 200 5128 "-" "Java/1.4.2_14"
129.31.68.138 - - [06/Oct/2009:16:09:05 +0000] "GET /clubs-and-societies/a-to-z/index,73,ICUIP.html?f=SPORTS HTTP/1.1" 200 30808 "http://www.imperialcollegeunion.org/clubs-and-societies/" "Mozilla/5.0 (Macintosh; U; Intel Mac OS X 10_6_1; en-us) AppleWebKit/531.9 (KHTML, like Gecko) Version/4.0.3 Safari/531.9"
155.198.168.63 - - [06/Oct/2009:16:09:05 +0000] "GET /clubs-and-societies/a-to-z/p/photographic/ HTTP/1.1" 200 11257 "http://www.imperialcollegeunion.org/clubs-and-societies/a-to-z/?lp=303" "Mozilla/4.0 (compatible; MSIE 7.0; Windows NT 5.1; .NET CLR 1.1.4322; .NET CLR 2.0.50727; .NET CLR 3.0.04506.648; .NET CLR 3.5.21022; InfoPath.2; Imperial College; Imperial College)"
155.198.16.51 - - [06/Oct/2009:16:09:06 +0000] "GET /clubs-and-societies/ HTTP/1.1" 200 64662 "http://www.imperialcollegeunion.org/news?opt=news" "Mozilla/5.0 (Windows; U; Windows NT 5.1; en-GB; rv:1.9.1.1) Gecko/20090715 Firefox/3.5.1 (.NET CLR 3.5.30729)"
155.198.16.51 - - [06/Oct/2009:16:09:07 +0000] "GET /unions/news.vm?id=com.othermedia.imperial.model.clubsociety.UnionTab-L-6 HTTP/1.1" 200 5370 "http://www.imperialcollegeunion.org/clubs-and-societies/" "Mozilla/5.0 (Windows; U; Windows NT 5.1; en-GB; rv:1.9.1.1) Gecko/20090715 Firefox/3.5.1 (.NET CLR 3.5.30729)"
155.198.16.51 - - [06/Oct/2009:16:09:07 +0000] "GET /membership.vm?id=com.othercommerce.imperial.shop.model.ProductGroupHandle-L-244 HTTP/1.1" 200 211 "http://www.imperialcollegeunion.org/clubs-and-societies/" "Mozilla/5.0 (Windows; U; Windows NT 5.1; en-GB; rv:1.9.1.1) Gecko/20090715 Firefox/3.5.1 (.NET CLR 3.5.30729)"
155.198.14.113 - - [06/Oct/2009:16:09:07 +0000] "GET /news/changes-to-our-freshers-week-line-up,301,ICUNS.html HTTP/1.1" 200 9694 "http://www.imperialcollegeunion.org/news?opt=news" "Mozilla/4.0 (compatible; MSIE 8.0; Windows NT 5.1; Trident/4.0; .NET CLR 1.1.4322; Imperial College; .NET CLR 2.0.50727; .NET CLR 3.0.4506.2152; .NET CLR 3.5.30729; InfoPath.2; Imperial College)"
155.198.55.32 - - [06/Oct/2009:16:09:07 +0000] "GET / HTTP/1.1" 200 37887 "http://www3.imperial.ac.uk/studenthandbook/startterm/freshersfair" "Mozilla/4.0 (compatible; MSIE 8.0; Windows NT 6.0; Trident/4.0; SLCC1; .NET CLR 2.0.50727; .NET CLR 3.0.04506; InfoPath.2; MS-RTC LM 8)"
155.198.55.32 - - [06/Oct/2009:16:09:08 +0000] "GET /unions/home-news.vm?id=com.othermedia.imperial.model.clubsociety.UnionTab-L-1 HTTP/1.1" 200 2053 "http://www.imperialcollegeunion.org/" "Mozilla/4.0 (compatible; MSIE 8.0; Windows NT 6.0; Trident/4.0; SLCC1; .NET CLR 2.0.50727; .NET CLR 3.0.04506; InfoPath.2; MS-RTC LM 8)"
129.31.68.138 - - [06/Oct/2009:16:09:08 +0000] "GET /clubs-and-societies/ HTTP/1.1" 200 64737 "http://www.imperialcollegeunion.org/indian-124/category.html" "Mozilla/5.0 (Macintosh; U; Intel Mac OS X 10_6_1; en-us) AppleWebKit/531.9 (KHTML, like Gecko) Version/4.0.3 Safari/531.9"
129.31.68.138 - - [06/Oct/2009:16:09:08 +0000] "GET /unions/news.vm?id=com.othermedia.imperial.model.clubsociety.UnionTab-L-6 HTTP/1.1" 200 5370 "http://www.imperialcollegeunion.org/clubs-and-societies/" "Mozilla/5.0 (Macintosh; U; Intel Mac OS X 10_6_1; en-us) AppleWebKit/531.9 (KHTML, like Gecko) Version/4.0.3 Safari/531.9"
129.31.68.138 - - [06/Oct/2009:16:09:08 +0000] "GET /membership.vm?id=com.othercommerce.imperial.shop.model.ProductGroupHandle-L-131 HTTP/1.1" 200 211 "http://www.imperialcollegeunion.org/clubs-and-societies/" "Mozilla/5.0 (Macintosh; U; Intel Mac OS X 10_6_1; en-us) AppleWebKit/531.9 (KHTML, like Gecko) Version/4.0.3 Safari/531.9"
155.198.9.103 - - [06/Oct/2009:16:09:09 +0000] "GET /clubs-and-societies/a-to-z/a/archery/ HTTP/1.1" 200 11220 "http://www.imperialcollegeunion.org/search.html?q=archery" "Mozilla/4.0 (compatible; MSIE 8.0; Windows NT 5.1; Trident/4.0; .NET CLR 1.1.4322; Imperial College; .NET CLR 2.0.50727; .NET CLR 3.0.4506.2152; .NET CLR 3.5.30729; InfoPath.2; Imperial College)"
66.249.71.72 - - [06/Oct/2009:16:09:09 +0000] "GET /clubs-and-societies/a-to-z/s/snooker/ HTTP/1.1" 302 261 "-" "Mozilla/5.0 (compatible; Googlebot/2.1; +http://www.google.com/bot.html)"
155.198.97.230 - - [06/Oct/2009:16:09:10 +0000] "GET /login.html?requestedUrl=%2Fcanoe-43%2Fcanoe-membership%2Fproduct.html HTTP/1.1" 200 212 "https://www.imperialcollegeunion.org/canoe-43/canoe-membership/product.html" "Mozilla/4.0 (compatible; MSIE 8.0; Windows NT 5.1; Trident/4.0; .NET CLR 1.1.4322; .NET CLR 2.0.50727; .NET CLR 3.0.4506.2152; .NET CLR 3.5.30729; InfoPath.2; Imperial College)"
129.31.68.138 - - [06/Oct/2009:16:09:10 +0000] "GET /clubs-and-societies/a-to-z/?lp=303 HTTP/1.1" 200 41559 "http://www.imperialcollegeunion.org/clubs-and-societies/" "Mozilla/5.0 (Macintosh; U; Intel Mac OS X 10_6_1; en-us) AppleWebKit/531.9 (KHTML, like Gecko) Version/4.0.3 Safari/531.9"
155.198.55.32 - - [06/Oct/2009:16:09:12 +0000] "GET /events/freshers-fair-2009,489,EV.html HTTP/1.1" 200 10152 "http://www.imperialcollegeunion.org/" "Mozilla/4.0 (compatible; MSIE 8.0; Windows NT 6.0; Trident/4.0; SLCC1; .NET CLR 2.0.50727; .NET CLR 3.0.04506; InfoPath.2; MS-RTC LM 8)"
155.198.14.148 - - [06/Oct/2009:16:09:12 +0000] "GET /clubs-and-societies/a-to-z/?lp=303 HTTP/1.1" 200 41549 "http://imperialcollegeunion.org/clubs-and-societies" "Mozilla/4.0 (compatible; MSIE 8.0; Windows NT 5.1; Trident/4.0; .NET CLR 1.1.4322; Imperial College; .NET CLR 2.0.50727; .NET CLR 3.0.4506.2152; .NET CLR 3.5.30729; InfoPath.2; Imperial College)"
129.31.217.102 - - [06/Oct/2009:16:09:14 +0000] "GET /scc/icsf/intros/images//g_undefined HTTP/1.1" 302 253 "http://www.union.ic.ac.uk/scc/icsf/intros/menu/topmenu.html" "Mozilla/5.0 (Windows; U; Windows NT 6.0; en-GB; rv:1.9.1.3) Gecko/20090824 Firefox/3.5.3"
129.31.217.102 - - [06/Oct/2009:16:09:14 +0000] "GET /scc/icsf/intros/images//undefined HTTP/1.1" 302 251 "http://www.union.ic.ac.uk/scc/icsf/intros/menu/topmenu.html" "Mozilla/5.0 (Windows; U; Windows NT 6.0; en-GB; rv:1.9.1.3) Gecko/20090824 Firefox/3.5.3"
129.31.217.102 - - [06/Oct/2009:16:09:14 +0000] "GET /scc/icsf/php/images//undefined HTTP/1.1" 302 248 "http://www.union.ic.ac.uk/scc/icsf/php/index_front.php" "Mozilla/5.0 (Windows; U; Windows NT 6.0; en-GB; rv:1.9.1.3) Gecko/20090824 Firefox/3.5.3"
129.31.217.102 - - [06/Oct/2009:16:09:14 +0000] "GET /scc/icsf/php/images//g_undefined HTTP/1.1" 302 250 "http://www.union.ic.ac.uk/scc/icsf/php/index_front.php" "Mozilla/5.0 (Windows; U; Windows NT 6.0; en-GB; rv:1.9.1.3) Gecko/20090824 Firefox/3.5.3"
129.31.217.102 - - [06/Oct/2009:16:09:14 +0000] "GET /scc/icsf/intros/images//g_undefined HTTP/1.1" 302 253 "http://www.union.ic.ac.uk/scc/icsf/intros/menu/topmenu.html" "Mozilla/5.0 (Windows; U; Windows NT 6.0; en-GB; rv:1.9.1.3) Gecko/20090824 Firefox/3.5.3"
129.31.217.102 - - [06/Oct/2009:16:09:14 +0000] "GET /scc/icsf/intros/images//undefined HTTP/1.1" 302 251 "http://www.union.ic.ac.uk/scc/icsf/intros/menu/topmenu.html" "Mozilla/5.0 (Windows; U; Windows NT 6.0; en-GB; rv:1.9.1.3) Gecko/20090824 Firefox/3.5.3"
129.31.217.102 - - [06/Oct/2009:16:09:14 +0000] "GET /scc/icsf/php/images//undefined HTTP/1.1" 302 248 "http://www.union.ic.ac.uk/scc/icsf/php/index_front.php" "Mozilla/5.0 (Windows; U; Windows NT 6.0; en-GB; rv:1.9.1.3) Gecko/20090824 Firefox/3.5.3"
129.31.217.102 - - [06/Oct/2009:16:09:14 +0000] "GET /scc/icsf/php/images//g_undefined HTTP/1.1" 302 250 "http://www.union.ic.ac.uk/scc/icsf/php/index_front.php" "Mozilla/5.0 (Windows; U; Windows NT 6.0; en-GB; rv:1.9.1.3) Gecko/20090824 Firefox/3.5.3"
129.31.217.102 - - [06/Oct/2009:16:09:14 +0000] "GET /scc/icsf/intros/images//g_undefined HTTP/1.1" 302 253 "http://www.union.ic.ac.uk/scc/icsf/intros/menu/topmenu.html" "Mozilla/5.0 (Windows; U; Windows NT 6.0; en-GB; rv:1.9.1.3) Gecko/20090824 Firefox/3.5.3"
129.31.217.102 - - [06/Oct/2009:16:09:14 +0000] "GET /scc/icsf/intros/images//undefined HTTP/1.1" 302 251 "http://www.union.ic.ac.uk/scc/icsf/intros/menu/topmenu.html" "Mozilla/5.0 (Windows; U; Windows NT 6.0; en-GB; rv:1.9.1.3) Gecko/20090824 Firefox/3.5.3"
129.31.217.102 - - [06/Oct/2009:16:09:14 +0000] "GET /scc/icsf/php/images//undefined HTTP/1.1" 302 248 "http://www.union.ic.ac.uk/scc/icsf/php/index_front.php" "Mozilla/5.0 (Windows; U; Windows NT 6.0; en-GB; rv:1.9.1.3) Gecko/20090824 Firefox/3.5.3"
129.31.217.102 - - [06/Oct/2009:16:09:14 +0000] "GET /scc/icsf/php/images//g_undefined HTTP/1.1" 302 250 "http://www.union.ic.ac.uk/scc/icsf/php/index_front.php" "Mozilla/5.0 (Windows; U; Windows NT 6.0; en-GB; rv:1.9.1.3) Gecko/20090824 Firefox/3.5.3"
129.31.217.102 - - [06/Oct/2009:16:09:14 +0000] "GET /scc/icsf/intros/images//g_undefined HTTP/1.1" 302 253 "http://www.union.ic.ac.uk/scc/icsf/intros/menu/topmenu.html" "Mozilla/5.0 (Windows; U; Windows NT 6.0; en-GB; rv:1.9.1.3) Gecko/20090824 Firefox/3.5.3"
129.31.217.102 - - [06/Oct/2009:16:09:14 +0000] "GET /scc/icsf/intros/images//undefined HTTP/1.1" 302 251 "http://www.union.ic.ac.uk/scc/icsf/intros/menu/topmenu.html" "Mozilla/5.0 (Windows; U; Windows NT 6.0; en-GB; rv:1.9.1.3) Gecko/20090824 Firefox/3.5.3"
129.31.217.102 - - [06/Oct/2009:16:09:14 +0000] "GET /scc/icsf/php/images//undefined HTTP/1.1" 302 248 "http://www.union.ic.ac.uk/scc/icsf/php/index_front.php" "Mozilla/5.0 (Windows; U; Windows NT 6.0; en-GB; rv:1.9.1.3) Gecko/20090824 Firefox/3.5.3"
129.31.217.102 - - [06/Oct/2009:16:09:14 +0000] "GET /scc/icsf/php/images//g_undefined HTTP/1.1" 302 250 "http://www.union.ic.ac.uk/scc/icsf/php/index_front.php" "Mozilla/5.0 (Windows; U; Windows NT 6.0; en-GB; rv:1.9.1.3) Gecko/20090824 Firefox/3.5.3"
129.31.217.102 - - [06/Oct/2009:16:09:14 +0000] "GET /scc/icsf/intros/images//g_undefined HTTP/1.1" 302 253 "http://www.union.ic.ac.uk/scc/icsf/intros/menu/topmenu.html" "Mozilla/5.0 (Windows; U; Windows NT 6.0; en-GB; rv:1.9.1.3) Gecko/20090824 Firefox/3.5.3"
129.31.217.102 - - [06/Oct/2009:16:09:14 +0000] "GET /scc/icsf/intros/images//undefined HTTP/1.1" 302 251 "http://www.union.ic.ac.uk/scc/icsf/intros/menu/topmenu.html" "Mozilla/5.0 (Windows; U; Windows NT 6.0; en-GB; rv:1.9.1.3) Gecko/20090824 Firefox/3.5.3"
129.31.217.102 - - [06/Oct/2009:16:09:14 +0000] "GET /scc/icsf/php/images//undefined HTTP/1.1" 302 248 "http://www.union.ic.ac.uk/scc/icsf/php/index_front.php" "Mozilla/5.0 (Windows; U; Windows NT 6.0; en-GB; rv:1.9.1.3) Gecko/20090824 Firefox/3.5.3"
129.31.217.102 - - [06/Oct/2009:16:09:14 +0000] "GET /scc/icsf/php/images//g_undefined HTTP/1.1" 302 250 "http://www.union.ic.ac.uk/scc/icsf/php/index_front.php" "Mozilla/5.0 (Windows; U; Windows NT 6.0; en-GB; rv:1.9.1.3) Gecko/20090824 Firefox/3.5.3"
129.31.217.102 - - [06/Oct/2009:16:09:14 +0000] "GET /scc/icsf/intros/images//g_undefined HTTP/1.1" 302 253 "http://www.union.ic.ac.uk/scc/icsf/intros/menu/topmenu.html" "Mozilla/5.0 (Windows; U; Windows NT 6.0; en-GB; rv:1.9.1.3) Gecko/20090824 Firefox/3.5.3"
129.31.217.102 - - [06/Oct/2009:16:09:14 +0000] "GET /scc/icsf/intros/images//undefined HTTP/1.1" 302 251 "http://www.union.ic.ac.uk/scc/icsf/intros/menu/topmenu.html" "Mozilla/5.0 (Windows; U; Windows NT 6.0; en-GB; rv:1.9.1.3) Gecko/20090824 Firefox/3.5.3"
129.31.217.102 - - [06/Oct/2009:16:09:14 +0000] "GET /scc/icsf/php/images//undefined HTTP/1.1" 302 248 "http://www.union.ic.ac.uk/scc/icsf/php/index_front.php" "Mozilla/5.0 (Windows; U; Windows NT 6.0; en-GB; rv:1.9.1.3) Gecko/20090824 Firefox/3.5.3"
129.31.217.102 - - [06/Oct/2009:16:09:14 +0000] "GET /scc/icsf/php/images//g_undefined HTTP/1.1" 302 250 "http://www.union.ic.ac.uk/scc/icsf/php/index_front.php" "Mozilla/5.0 (Windows; U; Windows NT 6.0; en-GB; rv:1.9.1.3) Gecko/20090824 Firefox/3.5.3"
129.31.217.102 - - [06/Oct/2009:16:09:14 +0000] "GET /scc/icsf/intros/images//g_undefined HTTP/1.1" 302 253 "http://www.union.ic.ac.uk/scc/icsf/intros/menu/topmenu.html" "Mozilla/5.0 (Windows; U; Windows NT 6.0; en-GB; rv:1.9.1.3) Gecko/20090824 Firefox/3.5.3"
129.31.217.102 - - [06/Oct/2009:16:09:14 +0000] "GET /scc/icsf/intros/images//undefined HTTP/1.1" 302 251 "http://www.union.ic.ac.uk/scc/icsf/intros/menu/topmenu.html" "Mozilla/5.0 (Windows; U; Windows NT 6.0; en-GB; rv:1.9.1.3) Gecko/20090824 Firefox/3.5.3"
129.31.217.102 - - [06/Oct/2009:16:09:14 +0000] "GET /scc/icsf/php/images//g_undefined HTTP/1.1" 302 250 "http://www.union.ic.ac.uk/scc/icsf/php/index_front.php" "Mozilla/5.0 (Windows; U; Windows NT 6.0; en-GB; rv:1.9.1.3) Gecko/20090824 Firefox/3.5.3"
129.31.217.102 - - [06/Oct/2009:16:09:14 +0000] "GET /scc/icsf/php/images//undefined HTTP/1.1" 302 248 "http://www.union.ic.ac.uk/scc/icsf/php/index_front.php" "Mozilla/5.0 (Windows; U; Windows NT 6.0; en-GB; rv:1.9.1.3) Gecko/20090824 Firefox/3.5.3"
129.31.217.102 - - [06/Oct/2009:16:09:14 +0000] "GET /scc/icsf/intros/images//g_undefined HTTP/1.1" 302 253 "http://www.union.ic.ac.uk/scc/icsf/intros/menu/topmenu.html" "Mozilla/5.0 (Windows; U; Windows NT 6.0; en-GB; rv:1.9.1.3) Gecko/20090824 Firefox/3.5.3"
129.31.217.102 - - [06/Oct/2009:16:09:14 +0000] "GET /scc/icsf/intros/images//undefined HTTP/1.1" 302 251 "http://www.union.ic.ac.uk/scc/icsf/intros/menu/topmenu.html" "Mozilla/5.0 (Windows; U; Windows NT 6.0; en-GB; rv:1.9.1.3) Gecko/20090824 Firefox/3.5.3"
129.31.217.102 - - [06/Oct/2009:16:09:14 +0000] "GET /scc/icsf/php/images//g_undefined HTTP/1.1" 302 250 "http://www.union.ic.ac.uk/scc/icsf/php/index_front.php" "Mozilla/5.0 (Windows; U; Windows NT 6.0; en-GB; rv:1.9.1.3) Gecko/20090824 Firefox/3.5.3"
129.31.217.102 - - [06/Oct/2009:16:09:14 +0000] "GET /scc/icsf/php/images//undefined HTTP/1.1" 302 248 "http://www.union.ic.ac.uk/scc/icsf/php/index_front.php" "Mozilla/5.0 (Windows; U; Windows NT 6.0; en-GB; rv:1.9.1.3) Gecko/20090824 Firefox/3.5.3"
129.31.217.102 - - [06/Oct/2009:16:09:14 +0000] "GET /scc/icsf/intros/images//g_undefined HTTP/1.1" 302 253 "http://www.union.ic.ac.uk/scc/icsf/intros/menu/topmenu.html" "Mozilla/5.0 (Windows; U; Windows NT 6.0; en-GB; rv:1.9.1.3) Gecko/20090824 Firefox/3.5.3"
129.31.217.102 - - [06/Oct/2009:16:09:14 +0000] "GET /scc/icsf/intros/images//undefined HTTP/1.1" 302 251 "http://www.union.ic.ac.uk/scc/icsf/intros/menu/topmenu.html" "Mozilla/5.0 (Windows; U; Windows NT 6.0; en-GB; rv:1.9.1.3) Gecko/20090824 Firefox/3.5.3"
129.31.217.102 - - [06/Oct/2009:16:09:14 +0000] "GET /scc/icsf/php/images//g_undefined HTTP/1.1" 302 250 "http://www.union.ic.ac.uk/scc/icsf/php/index_front.php" "Mozilla/5.0 (Windows; U; Windows NT 6.0; en-GB; rv:1.9.1.3) Gecko/20090824 Firefox/3.5.3"
129.31.217.102 - - [06/Oct/2009:16:09:14 +0000] "GET /scc/icsf/php/images//undefined HTTP/1.1" 302 248 "http://www.union.ic.ac.uk/scc/icsf/php/index_front.php" "Mozilla/5.0 (Windows; U; Windows NT 6.0; en-GB; rv:1.9.1.3) Gecko/20090824 Firefox/3.5.3"
129.31.217.102 - - [06/Oct/2009:16:09:14 +0000] "GET /scc/icsf/intros/images//g_undefined HTTP/1.1" 302 253 "http://www.union.ic.ac.uk/scc/icsf/intros/menu/topmenu.html" "Mozilla/5.0 (Windows; U; Windows NT 6.0; en-GB; rv:1.9.1.3) Gecko/20090824 Firefox/3.5.3"
129.31.217.102 - - [06/Oct/2009:16:09:14 +0000] "GET /scc/icsf/intros/images//undefined HTTP/1.1" 302 251 "http://www.union.ic.ac.uk/scc/icsf/intros/menu/topmenu.html" "Mozilla/5.0 (Windows; U; Windows NT 6.0; en-GB; rv:1.9.1.3) Gecko/20090824 Firefox/3.5.3"
129.31.217.102 - - [06/Oct/2009:16:09:14 +0000] "GET /scc/icsf/php/images//undefined HTTP/1.1" 302 248 "http://www.union.ic.ac.uk/scc/icsf/php/index_front.php" "Mozilla/5.0 (Windows; U; Windows NT 6.0; en-GB; rv:1.9.1.3) Gecko/20090824 Firefox/3.5.3"
129.31.217.102 - - [06/Oct/2009:16:09:14 +0000] "GET /scc/icsf/php/images//g_undefined HTTP/1.1" 302 250 "http://www.union.ic.ac.uk/scc/icsf/php/index_front.php" "Mozilla/5.0 (Windows; U; Windows NT 6.0; en-GB; rv:1.9.1.3) Gecko/20090824 Firefox/3.5.3"
155.198.97.230 - - [06/Oct/2009:16:09:16 +0000] "GET /login.html?requestedUrl=%2Fcanoe-43%2Fcanoe-membership%2Fproduct.html HTTP/1.1" 200 212 "https://www.imperialcollegeunion.org/canoe-43/canoe-membership/product.html" "Mozilla/4.0 (compatible; MSIE 8.0; Windows NT 5.1; Trident/4.0; .NET CLR 1.1.4322; .NET CLR 2.0.50727; .NET CLR 3.0.4506.2152; .NET CLR 3.5.30729; InfoPath.2; Imperial College)"
155.198.14.113 - - [06/Oct/2009:16:09:18 +0000] "GET /news?opt=news HTTP/1.1" 200 20385 "-" "Mozilla/4.0 (compatible; MSIE 8.0; Windows NT 5.1; Trident/4.0; .NET CLR 1.1.4322; Imperial College; .NET CLR 2.0.50727; .NET CLR 3.0.4506.2152; .NET CLR 3.5.30729; InfoPath.2; Imperial College)"
155.198.14.148 - - [06/Oct/2009:16:09:18 +0000] "GET /clubs-and-societies HTTP/1.1" 200 64592 "-" "Mozilla/4.0 (compatible; MSIE 8.0; Windows NT 5.1; Trident/4.0; .NET CLR 1.1.4322; Imperial College; .NET CLR 2.0.50727; .NET CLR 3.0.4506.2152; .NET CLR 3.5.30729; InfoPath.2; Imperial College)"
155.198.57.38 - - [06/Oct/2009:16:09:18 +0000] "GET /news.xml HTTP/1.1" 200 6406 "-" "Java/1.4.2_14"
155.198.14.148 - - [06/Oct/2009:16:09:19 +0000] "GET /membership.vm?id=com.othercommerce.imperial.shop.model.ProductGroupHandle-L-120 HTTP/1.1" 200 214 "http://imperialcollegeunion.org/clubs-and-societies" "Mozilla/4.0 (compatible; MSIE 8.0; Windows NT 5.1; Trident/4.0; .NET CLR 1.1.4322; Imperial College; .NET CLR 2.0.50727; .NET CLR 3.0.4506.2152; .NET CLR 3.5.30729; InfoPath.2; Imperial College)"
155.198.97.230 - - [06/Oct/2009:16:09:19 +0000] "GET /login.html?requestedUrl=%2Fcanoe-43%2Fcanoe-membership%2Fproduct.html HTTP/1.1" 200 212 "https://www.imperialcollegeunion.org/canoe-43/canoe-membership/product.html" "Mozilla/4.0 (compatible; MSIE 8.0; Windows NT 5.1; Trident/4.0; .NET CLR 1.1.4322; .NET CLR 2.0.50727; .NET CLR 3.0.4506.2152; .NET CLR 3.5.30729; InfoPath.2; Imperial College)"
155.198.14.148 - - [06/Oct/2009:16:09:20 +0000] "GET /unions/news.vm?id=com.othermedia.imperial.model.clubsociety.UnionTab-L-6 HTTP/1.1" 200 13044 "http://imperialcollegeunion.org/clubs-and-societies" "Mozilla/4.0 (compatible; MSIE 8.0; Windows NT 5.1; Trident/4.0; .NET CLR 1.1.4322; Imperial College; .NET CLR 2.0.50727; .NET CLR 3.0.4506.2152; .NET CLR 3.5.30729; InfoPath.2; Imperial College)"
66.249.71.26 - - [06/Oct/2009:16:09:21 +0000] "GET /croquet-70/category.html?preference=user-size-medium HTTP/1.1" 302 289 "-" "Mozilla/5.0 (compatible; Googlebot/2.1; +http://www.google.com/bot.html)"
66.249.71.72 - - [06/Oct/2009:16:09:23 +0000] "GET /clubs-and-societies/a-to-z/p/poker/ HTTP/1.1" 302 261 "-" "Mozilla/5.0 (compatible; Googlebot/2.1; +http://www.google.com/bot.html)"
66.249.71.111 - - [06/Oct/2009:16:09:24 +0000] "GET /clubs-and-societies/a-to-z/c/?lp=277 HTTP/1.1" 302 268 "-" "Mozilla/5.0 (compatible; Googlebot/2.1; +http://www.google.com/bot.html)"
155.198.14.148 - - [06/Oct/2009:16:09:26 +0000] "GET /news-events/ HTTP/1.1" 302 87 "http://imperialcollegeunion.org/clubs-and-societies" "Mozilla/4.0 (compatible; MSIE 8.0; Windows NT 5.1; Trident/4.0; .NET CLR 1.1.4322; Imperial College; .NET CLR 2.0.50727; .NET CLR 3.0.4506.2152; .NET CLR 3.5.30729; InfoPath.2; Imperial College)"
155.198.14.148 - - [06/Oct/2009:16:09:26 +0000] "GET /news?opt=news HTTP/1.1" 200 20385 "http://imperialcollegeunion.org/clubs-and-societies" "Mozilla/4.0 (compatible; MSIE 8.0; Windows NT 5.1; Trident/4.0; .NET CLR 1.1.4322; Imperial College; .NET CLR 2.0.50727; .NET CLR 3.0.4506.2152; .NET CLR 3.5.30729; InfoPath.2; Imperial College)"
129.31.77.132 - - [06/Oct/2009:16:09:27 +0000] "GET /clubs-and-societies/a-to-z/e/ HTTP/1.1" 200 12963 "http://www.imperialcollegeunion.org/clubs-and-societies/a-to-z/k/" "Mozilla/4.0 (compatible; MSIE 7.0; Windows NT 6.0; GTB5; SLCC1; .NET CLR 2.0.50727; Media Center PC 5.0; .NET CLR 3.5.30729; .NET CLR 3.0.30618)"
66.249.85.66 - - [06/Oct/2009:16:09:28 +0000] "GET /news.xml?rnd=806 HTTP/1.1" 302 269 "-" "Feedfetcher-Google; (+http://www.google.com/feedfetcher.html; feed-id=7141391937864344705)"
155.198.14.113 - - [06/Oct/2009:16:09:29 +0000] "GET /news/get-your-freshers-week-tickets-now,295,ICUNS.html HTTP/1.1" 200 14758 "http://www.imperialcollegeunion.org/news?opt=news" "Mozilla/4.0 (compatible; MSIE 8.0; Windows NT 5.1; Trident/4.0; .NET CLR 1.1.4322; Imperial College; .NET CLR 2.0.50727; .NET CLR 3.0.4506.2152; .NET CLR 3.5.30729; InfoPath.2; Imperial College)"
155.198.57.23 - - [06/Oct/2009:16:09:30 +0000] "GET /events.xml HTTP/1.1" 200 5128 "-" "Java/1.4.2_14"
155.198.57.23 - - [06/Oct/2009:16:09:30 +0000] "GET /news.xml HTTP/1.1" 200 6406 "-" "Java/1.4.2_14"
129.31.68.138 - - [06/Oct/2009:16:09:30 +0000] "GET /clubs-and-societies/a-to-z/s/singapore/ HTTP/1.1" 200 11471 "http://www.imperialcollegeunion.org/clubs-and-societies/a-to-z/?lp=303" "Mozilla/5.0 (Macintosh; U; Intel Mac OS X 10_6_1; en-us) AppleWebKit/531.9 (KHTML, like Gecko) Version/4.0.3 Safari/531.9"
129.31.101.202 - - [06/Oct/2009:16:09:31 +0000] "GET /clubs-and-societies/a-to-z/?lp=303 HTTP/1.1" 200 41559 "-" "Mozilla/4.0 (compatible; MSIE 8.0; Windows NT 5.1; Trident/4.0; .NET CLR 1.1.4322; Imperial College; .NET CLR 2.0.50727; .NET CLR 3.0.4506.2152; .NET CLR 3.5.30729; InfoPath.2; Imperial College)"
129.31.83.58 - - [06/Oct/2009:16:09:32 +0000] "GET /images-global/zoom/spacer.gif HTTP/1.1" 404 8593 "http://www.union.ic.ac.uk/acc/kungfu/training_costs.php" "Mozilla/5.0 (Windows; U; Windows NT 6.1; en-US) AppleWebKit/532.0 (KHTML, like Gecko) Chrome/3.0.195.24 Safari/532.0"
129.31.83.58 - - [06/Oct/2009:16:09:32 +0000] "GET /images-global/zoom/zoom-spin-1.png HTTP/1.1" 404 8583 "http://www.union.ic.ac.uk/acc/kungfu/training_costs.php" "Mozilla/5.0 (Windows; U; Windows NT 6.1; en-US) AppleWebKit/532.0 (KHTML, like Gecko) Chrome/3.0.195.24 Safari/532.0"
129.31.83.58 - - [06/Oct/2009:16:09:32 +0000] "GET /images-global/zoom/zoom-caption-l.png HTTP/1.1" 404 8583 "http://www.union.ic.ac.uk/acc/kungfu/training_costs.php" "Mozilla/5.0 (Windows; U; Windows NT 6.1; en-US) AppleWebKit/532.0 (KHTML, like Gecko) Chrome/3.0.195.24 Safari/532.0"
129.31.83.58 - - [06/Oct/2009:16:09:32 +0000] "GET /images-global/zoom/closebox.png HTTP/1.1" 404 8593 "http://www.union.ic.ac.uk/acc/kungfu/training_costs.php" "Mozilla/5.0 (Windows; U; Windows NT 6.1; en-US) AppleWebKit/532.0 (KHTML, like Gecko) Chrome/3.0.195.24 Safari/532.0"
129.31.83.58 - - [06/Oct/2009:16:09:32 +0000] "GET /images-global/zoom/zoom-caption-r.png HTTP/1.1" 404 8593 "http://www.union.ic.ac.uk/acc/kungfu/training_costs.php" "Mozilla/5.0 (Windows; U; Windows NT 6.1; en-US) AppleWebKit/532.0 (KHTML, like Gecko) Chrome/3.0.195.24 Safari/532.0"
129.31.83.58 - - [06/Oct/2009:16:09:32 +0000] "GET /images-global/zoom/zoom-caption-fill.png HTTP/1.1" 404 8593 "http://www.union.ic.ac.uk/acc/kungfu/training_costs.php" "Mozilla/5.0 (Windows; U; Windows NT 6.1; en-US) AppleWebKit/532.0 (KHTML, like Gecko) Chrome/3.0.195.24 Safari/532.0"
80.5.152.243 - - [06/Oct/2009:16:09:32 +0000] "GET /information-and-advice/student-adviser/ HTTP/1.1" 302 261 "http://www.google.com/search?client=safari&rls=en&q=student+welfare+advisor+jobs&ie=UTF-8&oe=UTF-8" "Mozilla/5.0 (Macintosh; U; Intel Mac OS X 10_5_8; en-us) AppleWebKit/531.9 (KHTML, like Gecko) Version/4.0.3 Safari/531.9"
155.198.14.148 - - [06/Oct/2009:16:09:33 +0000] "GET /news/change-to-freshers-fair-plans,303,ICUNS.html HTTP/1.1" 200 9948 "http://www.imperialcollegeunion.org/news?opt=news" "Mozilla/4.0 (compatible; MSIE 8.0; Windows NT 5.1; Trident/4.0; .NET CLR 1.1.4322; Imperial College; .NET CLR 2.0.50727; .NET CLR 3.0.4506.2152; .NET CLR 3.5.30729; InfoPath.2; Imperial College)"
129.31.77.132 - - [06/Oct/2009:16:09:34 +0000] "GET /clubs-and-societies/a-to-z/e/erasmus/ HTTP/1.1" 200 11029 "http://www.imperialcollegeunion.org/clubs-and-societies/a-to-z/e/" "Mozilla/4.0 (compatible; MSIE 7.0; Windows NT 6.0; GTB5; SLCC1; .NET CLR 2.0.50727; Media Center PC 5.0; .NET CLR 3.5.30729; .NET CLR 3.0.30618)"
155.198.57.23 - - [06/Oct/2009:16:09:35 +0000] "GET /events.xml HTTP/1.1" 200 5128 "-" "Java/1.4.2_14"
155.198.57.23 - - [06/Oct/2009:16:09:35 +0000] "GET /news.xml HTTP/1.1" 200 6406 "-" "Java/1.4.2_14"
66.249.71.72 - - [06/Oct/2009:16:09:36 +0000] "GET /clubs-and-societies/a-to-z/m/malaysian/ HTTP/1.1" 302 261 "-" "Mozilla/5.0 (compatible; Googlebot/2.1; +http://www.google.com/bot.html)"
129.31.205.48 - - [06/Oct/2009:16:09:37 +0000] "GET /favicon.ico HTTP/1.1" 404 8593 "-" "Mozilla/5.0 (Windows; U; Windows NT 5.1; en-GB; rv:1.9.1.3) Gecko/20090824 Firefox/3.5.3 (.NET CLR 3.5.30729)"
129.31.101.202 - - [06/Oct/2009:16:09:37 +0000] "GET /clubs-and-societies/a-to-z/b/badminton-medics/ HTTP/1.1" 200 14442 "http://www.imperialcollegeunion.org/clubs-and-societies/a-to-z/?lp=303" "Mozilla/4.0 (compatible; MSIE 8.0; Windows NT 5.1; Trident/4.0; .NET CLR 1.1.4322; Imperial College; .NET CLR 2.0.50727; .NET CLR 3.0.4506.2152; .NET CLR 3.5.30729; InfoPath.2; Imperial College)"
82.132.136.165 - - [06/Oct/2009:16:09:38 +0000] "GET / HTTP/1.1" 302 261 "http://www.google.co.uk/search?q=imperial+union&ie=UTF-8&oe=UTF-8&client=safari" "Mozilla/5.0 (iPhone; U; CPU iPhone OS 2_2_1 like Mac OS X; en-us) AppleWebKit/525.18.1 (KHTML, like Gecko) Version/3.1.1 Mobile/5H11 Safari/525.20"
129.31.205.48 - - [06/Oct/2009:16:09:38 +0000] "GET /favicon.ico HTTP/1.1" 404 8593 "-" "Mozilla/5.0 (Windows; U; Windows NT 5.1; en-GB; rv:1.9.1.3) Gecko/20090824 Firefox/3.5.3 (.NET CLR 3.5.30729)"
129.31.68.138 - - [06/Oct/2009:16:09:42 +0000] "GET /clubs-and-societies/a-to-z/?lp=303 HTTP/1.1" 200 41559 "http://www.imperialcollegeunion.org/clubs-and-societies/" "Mozilla/5.0 (Macintosh; U; Intel Mac OS X 10_6_1; en-us) AppleWebKit/531.9 (KHTML, like Gecko) Version/4.0.3 Safari/531.9"
129.31.217.102 - - [06/Oct/2009:16:09:43 +0000] "GET /scc/icsf/library/images/g_undefined HTTP/1.1" 302 253 "http://www.union.ic.ac.uk/scc/icsf/library/menu/topmenu.html" "Mozilla/5.0 (Windows; U; Windows NT 6.0; en-GB; rv:1.9.1.3) Gecko/20090824 Firefox/3.5.3"
129.31.217.102 - - [06/Oct/2009:16:09:43 +0000] "GET /scc/icsf/library/images/undefined HTTP/1.1" 302 251 "http://www.union.ic.ac.uk/scc/icsf/library/menu/topmenu.html" "Mozilla/5.0 (Windows; U; Windows NT 6.0; en-GB; rv:1.9.1.3) Gecko/20090824 Firefox/3.5.3"
129.31.217.102 - - [06/Oct/2009:16:09:43 +0000] "GET /scc/icsf/library/images/g_undefined HTTP/1.1" 302 253 "http://www.union.ic.ac.uk/scc/icsf/library/menu/topmenu.html" "Mozilla/5.0 (Windows; U; Windows NT 6.0; en-GB; rv:1.9.1.3) Gecko/20090824 Firefox/3.5.3"
129.31.217.102 - - [06/Oct/2009:16:09:43 +0000] "GET /scc/icsf/library/images/undefined HTTP/1.1" 302 251 "http://www.union.ic.ac.uk/scc/icsf/library/menu/topmenu.html" "Mozilla/5.0 (Windows; U; Windows NT 6.0; en-GB; rv:1.9.1.3) Gecko/20090824 Firefox/3.5.3"
129.31.217.102 - - [06/Oct/2009:16:09:43 +0000] "GET /scc/icsf/library/images/undefined HTTP/1.1" 302 251 "http://www.union.ic.ac.uk/scc/icsf/library/menu/topmenu.html" "Mozilla/5.0 (Windows; U; Windows NT 6.0; en-GB; rv:1.9.1.3) Gecko/20090824 Firefox/3.5.3"
129.31.217.102 - - [06/Oct/2009:16:09:43 +0000] "GET /scc/icsf/library/images/g_undefined HTTP/1.1" 302 253 "http://www.union.ic.ac.uk/scc/icsf/library/menu/topmenu.html" "Mozilla/5.0 (Windows; U; Windows NT 6.0; en-GB; rv:1.9.1.3) Gecko/20090824 Firefox/3.5.3"
129.31.217.102 - - [06/Oct/2009:16:09:43 +0000] "GET /scc/icsf/library/images/undefined HTTP/1.1" 302 251 "http://www.union.ic.ac.uk/scc/icsf/library/menu/topmenu.html" "Mozilla/5.0 (Windows; U; Windows NT 6.0; en-GB; rv:1.9.1.3) Gecko/20090824 Firefox/3.5.3"
129.31.217.102 - - [06/Oct/2009:16:09:43 +0000] "GET /scc/icsf/library/images/g_undefined HTTP/1.1" 302 253 "http://www.union.ic.ac.uk/scc/icsf/library/menu/topmenu.html" "Mozilla/5.0 (Windows; U; Windows NT 6.0; en-GB; rv:1.9.1.3) Gecko/20090824 Firefox/3.5.3"
129.31.217.102 - - [06/Oct/2009:16:09:43 +0000] "GET /scc/icsf/library/images/undefined HTTP/1.1" 302 251 "http://www.union.ic.ac.uk/scc/icsf/library/menu/topmenu.html" "Mozilla/5.0 (Windows; U; Windows NT 6.0; en-GB; rv:1.9.1.3) Gecko/20090824 Firefox/3.5.3"
129.31.217.102 - - [06/Oct/2009:16:09:43 +0000] "GET /scc/icsf/library/images/g_undefined HTTP/1.1" 302 253 "http://www.union.ic.ac.uk/scc/icsf/library/menu/topmenu.html" "Mozilla/5.0 (Windows; U; Windows NT 6.0; en-GB; rv:1.9.1.3) Gecko/20090824 Firefox/3.5.3"
129.31.217.102 - - [06/Oct/2009:16:09:43 +0000] "GET /scc/icsf/library/images/undefined HTTP/1.1" 302 251 "http://www.union.ic.ac.uk/scc/icsf/library/menu/topmenu.html" "Mozilla/5.0 (Windows; U; Windows NT 6.0; en-GB; rv:1.9.1.3) Gecko/20090824 Firefox/3.5.3"
129.31.217.102 - - [06/Oct/2009:16:09:43 +0000] "GET /scc/icsf/library/images/undefined HTTP/1.1" 302 251 "http://www.union.ic.ac.uk/scc/icsf/library/menu/topmenu.html" "Mozilla/5.0 (Windows; U; Windows NT 6.0; en-GB; rv:1.9.1.3) Gecko/20090824 Firefox/3.5.3"
129.31.217.102 - - [06/Oct/2009:16:09:43 +0000] "GET /scc/icsf/library/images/g_undefined HTTP/1.1" 302 253 "http://www.union.ic.ac.uk/scc/icsf/library/menu/topmenu.html" "Mozilla/5.0 (Windows; U; Windows NT 6.0; en-GB; rv:1.9.1.3) Gecko/20090824 Firefox/3.5.3"
129.31.217.102 - - [06/Oct/2009:16:09:43 +0000] "GET /scc/icsf/library/images/undefined HTTP/1.1" 302 251 "http://www.union.ic.ac.uk/scc/icsf/library/menu/topmenu.html" "Mozilla/5.0 (Windows; U; Windows NT 6.0; en-GB; rv:1.9.1.3) Gecko/20090824 Firefox/3.5.3"
129.31.217.102 - - [06/Oct/2009:16:09:43 +0000] "GET /scc/icsf/library/images/undefined HTTP/1.1" 302 251 "http://www.union.ic.ac.uk/scc/icsf/library/menu/topmenu.html" "Mozilla/5.0 (Windows; U; Windows NT 6.0; en-GB; rv:1.9.1.3) Gecko/20090824 Firefox/3.5.3"
129.31.217.102 - - [06/Oct/2009:16:09:43 +0000] "GET /scc/icsf/library/images/g_undefined HTTP/1.1" 302 253 "http://www.union.ic.ac.uk/scc/icsf/library/menu/topmenu.html" "Mozilla/5.0 (Windows; U; Windows NT 6.0; en-GB; rv:1.9.1.3) Gecko/20090824 Firefox/3.5.3"
129.31.217.102 - - [06/Oct/2009:16:09:43 +0000] "GET /scc/icsf/library/images/undefined HTTP/1.1" 302 251 "http://www.union.ic.ac.uk/scc/icsf/library/menu/topmenu.html" "Mozilla/5.0 (Windows; U; Windows NT 6.0; en-GB; rv:1.9.1.3) Gecko/20090824 Firefox/3.5.3"
129.31.217.102 - - [06/Oct/2009:16:09:43 +0000] "GET /scc/icsf/library/images/g_undefined HTTP/1.1" 302 253 "http://www.union.ic.ac.uk/scc/icsf/library/menu/topmenu.html" "Mozilla/5.0 (Windows; U; Windows NT 6.0; en-GB; rv:1.9.1.3) Gecko/20090824 Firefox/3.5.3"
129.31.217.102 - - [06/Oct/2009:16:09:44 +0000] "GET /scc/icsf/library/images/g_undefined HTTP/1.1" 302 253 "http://www.union.ic.ac.uk/scc/icsf/library/menu/topmenu.html" "Mozilla/5.0 (Windows; U; Windows NT 6.0; en-GB; rv:1.9.1.3) Gecko/20090824 Firefox/3.5.3"
