155.198.57.38 - - [06/Oct/2009:16:06:23 +0000] "GET /news.xml HTTP/1.1" 200 6406 "-" "Java/1.4.2_14"
129.31.68.138 - - [06/Oct/2009:16:06:24 +0000] "GET /clubs-and-societies/a-to-z/i/indian/ HTTP/1.1" 200 12523 "http://www.imperialcollegeunion.org/clubs-and-societies/a-to-z/" "Mozilla/5.0 (Macintosh; U; Intel Mac OS X 10_6_1; en-us) AppleWebKit/531.9 (KHTML, like Gecko) Version/4.0.3 Safari/531.9"
74.6.22.94 - - [06/Oct/2009:16:06:24 +0000] "GET /committee/council,380,MET.html?actionToken=aCoIoVEQiuW_4&action=com.othermedia.webkit.site.UserPreferenceAction&preference=user-size-large HTTP/1.0" 302 365 "-" "Mozilla/5.0 (compatible; Yahoo! Slurp/3.0; http://help.yahoo.com/help/us/ysearch/slurp)"
155.198.168.63 - - [06/Oct/2009:16:06:24 +0000] "GET / HTTP/1.1" 200 37887 "-" "Mozilla/4.0 (compatible; MSIE 7.0; Windows NT 5.1; .NET CLR 1.1.4322; .NET CLR 2.0.50727; .NET CLR 3.0.04506.648; .NET CLR 3.5.21022; InfoPath.2; Imperial College; Imperial College)"
155.198.57.38 - - [06/Oct/2009:16:06:25 +0000] "GET /events.xml HTTP/1.1" 200 5128 "-" "Java/1.4.2_14"
155.198.168.63 - - [06/Oct/2009:16:06:26 +0000] "GET /unions/home-news.vm?id=com.othermedia.imperial.model.clubsociety.UnionTab-L-1 HTTP/1.1" 200 2053 "http://www.imperialcollegeunion.org/" "Mozilla/4.0 (compatible; MSIE 7.0; Windows NT 5.1; .NET CLR 1.1.4322; .NET CLR 2.0.50727; .NET CLR 3.0.04506.648; .NET CLR 3.5.21022; InfoPath.2; Imperial College; Imperial College)"
129.31.40.46 - - [06/Oct/2009:16:06:26 +0000] "GET /icsmsu-352 HTTP/1.1" 200 11737 "http://www.union.ic.ac.uk/medic/cms/content/view/648/251/" "Mozilla/4.0 (compatible; MSIE 8.0; Windows NT 5.1; Trident/4.0; .NET CLR 1.1.4322; Imperial College; .NET CLR 2.0.50727; .NET CLR 3.0.4506.2152; .NET CLR 3.5.30729; InfoPath.2; Imperial College)"
155.198.57.23 - - [06/Oct/2009:16:06:26 +0000] "GET /events.xml HTTP/1.1" 200 5128 "-" "Java/1.4.2_14"
129.31.68.138 - - [06/Oct/2009:16:06:26 +0000] "GET /clubs-and-societies/a-to-z/i/indian/shop.html?Pcs=com.othermedia.imperial.model.ClubSocietyHandle-L-253 HTTP/1.1" 302 98 "http://www.imperialcollegeunion.org/clubs-and-societies/a-to-z/i/indian/" "Mozilla/5.0 (Macintosh; U; Intel Mac OS X 10_6_1; en-us) AppleWebKit/531.9 (KHTML, like Gecko) Version/4.0.3 Safari/531.9"
155.198.57.23 - - [06/Oct/2009:16:06:26 +0000] "GET /news.xml HTTP/1.1" 200 6406 "-" "Java/1.4.2_14"
129.31.68.138 - - [06/Oct/2009:16:06:26 +0000] "GET /indian-124/category.html HTTP/1.1" 200 9237 "http://www.imperialcollegeunion.org/clubs-and-societies/a-to-z/i/indian/" "Mozilla/5.0 (Macintosh; U; Intel Mac OS X 10_6_1; en-us) AppleWebKit/531.9 (KHTML, like Gecko) Version/4.0.3 Safari/531.9"
129.31.67.39 - - [06/Oct/2009:16:06:28 +0000] "GET /clubs-and-societies/a-to-z/b/boxing/Forms.html?Pcs=com.othermedia.imperial.model.ClubSocietyHandle-L-437 HTTP/1.1" 302 79 "http://www.imperialcollegeunion.org/clubs-and-societies/a-to-z/b/boxing/contact.html?Pcs=com.othermedia.imperial.model.ClubSocietyHandle-L-437" "Mozilla/4.0 (compatible; MSIE 8.0; Windows NT 6.0; Trident/4.0; SLCC1; .NET CLR 2.0.50727; Media Center PC 5.0; OfficeLiveConnector.1.3; OfficeLivePatch.0.0; .NET CLR 3.5.30729; .NET CLR 3.0.30618)"
129.31.67.39 - - [06/Oct/2009:16:06:28 +0000] "GET /forms HTTP/1.1" 302 115 "http://www.imperialcollegeunion.org/clubs-and-societies/a-to-z/b/boxing/contact.html?Pcs=com.othermedia.imperial.model.ClubSocietyHandle-L-437" "Mozilla/4.0 (compatible; MSIE 8.0; Windows NT 6.0; Trident/4.0; SLCC1; .NET CLR 2.0.50727; Media Center PC 5.0; OfficeLiveConnector.1.3; OfficeLivePatch.0.0; .NET CLR 3.5.30729; .NET CLR 3.0.30618)"
129.31.67.39 - - [06/Oct/2009:16:06:28 +0000] "GET /clubs-and-societies/forms,109,ICUAP.html HTTP/1.1" 200 24525 "http://www.imperialcollegeunion.org/clubs-and-societies/a-to-z/b/boxing/contact.html?Pcs=com.othermedia.imperial.model.ClubSocietyHandle-L-437" "Mozilla/4.0 (compatible; MSIE 8.0; Windows NT 6.0; Trident/4.0; SLCC1; .NET CLR 2.0.50727; Media Center PC 5.0; OfficeLiveConnector.1.3; OfficeLivePatch.0.0; .NET CLR 3.5.30729; .NET CLR 3.0.30618)"
155.198.168.63 - - [06/Oct/2009:16:06:28 +0000] "GET /clubs-and-societies/ HTTP/1.1" 200 64861 "http://www.imperialcollegeunion.org/" "Mozilla/4.0 (compatible; MSIE 7.0; Windows NT 5.1; .NET CLR 1.1.4322; .NET CLR 2.0.50727; .NET CLR 3.0.04506.648; .NET CLR 3.5.21022; InfoPath.2; Imperial College; Imperial College)"
155.198.57.23 - - [06/Oct/2009:16:06:29 +0000] "GET /events.xml HTTP/1.1" 200 5128 "-" "Java/1.4.2_14"
66.249.71.111 - - [06/Oct/2009:16:06:29 +0000] "GET /robots.txt HTTP/1.1" 302 261 "-" "Mozilla/5.0 (compatible; Googlebot/2.1; +http://www.google.com/bot.html)"
155.198.57.38 - - [06/Oct/2009:16:06:29 +0000] "GET /events.xml HTTP/1.1" 200 5128 "-" "Java/1.4.2_14"
66.249.71.111 - - [06/Oct/2009:16:06:30 +0000] "GET /ice-hockey-122/ice-hockey-eiha-registration-507/product.html HTTP/1.1" 302 261 "-" "Mozilla/5.0 (compatible; Googlebot/2.1; +http://www.google.com/bot.html)"
155.198.168.63 - - [06/Oct/2009:16:06:30 +0000] "GET /unions/news.vm?id=com.othermedia.imperial.model.clubsociety.UnionTab-L-6 HTTP/1.1" 200 5370 "http://www.imperialcollegeunion.org/clubs-and-societies/" "Mozilla/4.0 (compatible; MSIE 7.0; Windows NT 5.1; .NET CLR 1.1.4322; .NET CLR 2.0.50727; .NET CLR 3.0.04506.648; .NET CLR 3.5.21022; InfoPath.2; Imperial College; Imperial College)"
155.198.168.63 - - [06/Oct/2009:16:06:31 +0000] "GET /clubs-and-societies/a-to-z/?lp=303 HTTP/1.1" 200 41559 "http://www.imperialcollegeunion.org/clubs-and-societies/" "Mozilla/4.0 (compatible; MSIE 7.0; Windows NT 5.1; .NET CLR 1.1.4322; .NET CLR 2.0.50727; .NET CLR 3.0.04506.648; .NET CLR 3.5.21022; InfoPath.2; Imperial College; Imperial College)"
155.198.57.38 - - [06/Oct/2009:16:06:32 +0000] "GET /events.xml HTTP/1.1" 200 5128 "-" "Java/1.4.2_14"
129.31.67.39 - - [06/Oct/2009:16:06:33 +0000] "GET /clubs-and-societies/a-to-z/b/boxing/contact.html?Pcs=com.othermedia.imperial.model.ClubSocietyHandle-L-437 HTTP/1.1" 200 10059 "http://www.imperialcollegeunion.org/clubs-and-societies/a-to-z/b/boxing/" "Mozilla/4.0 (compatible; MSIE 8.0; Windows NT 6.0; Trident/4.0; SLCC1; .NET CLR 2.0.50727; Media Center PC 5.0; OfficeLiveConnector.1.3; OfficeLivePatch.0.0; .NET CLR 3.5.30729; .NET CLR 3.0.30618)"
155.198.57.38 - - [06/Oct/2009:16:06:34 +0000] "GET /events.xml HTTP/1.1" 200 5128 "-" "Java/1.4.2_14"
155.198.57.23 - - [06/Oct/2009:16:06:34 +0000] "GET /events.xml HTTP/1.1" 200 5128 "-" "Java/1.4.2_14"
155.198.57.23 - - [06/Oct/2009:16:06:34 +0000] "GET /news.xml HTTP/1.1" 200 6406 "-" "Java/1.4.2_14"
155.198.57.23 - - [06/Oct/2009:16:06:34 +0000] "GET /events.xml HTTP/1.1" 200 5128 "-" "Java/1.4.2_14"
155.198.57.38 - - [06/Oct/2009:16:06:37 +0000] "GET /events.xml HTTP/1.1" 200 5128 "-" "Java/1.4.2_14"
155.198.103.222 - - [06/Oct/2009:16:06:37 +0000] "GET /clubs-and-societies/a-to-z/s/swim-waterpolo/shop.html?Pcs=com.othermedia.imperial.model.ClubSocietyHandle-L-74 HTTP/1.1" 302 106 "http://www.google.com/search?hl=en&rls=com.microsoft%3Aen-US&q=IC+water+contact+polo+site%3Awww.imperialcollegeunion.org&aq=f&oq=&aqi=" "Mozilla/4.0 (compatible; MSIE 8.0; Windows NT 5.1; Trident/4.0; .NET CLR 1.1.4322; .NET CLR 2.0.50727; .NET CLR 3.0.4506.2152; .NET CLR 3.5.30729; InfoPath.2; Imperial College)"
66.249.85.66 - - [06/Oct/2009:16:06:37 +0000] "GET /news.xml?rnd=669 HTTP/1.1" 302 269 "-" "Feedfetcher-Google; (+http://www.google.com/feedfetcher.html; feed-id=11526998837210990793)"
155.198.103.222 - - [06/Oct/2009:16:06:38 +0000] "GET /swim-waterpolo-258/category.html HTTP/1.1" 200 9351 "http://www.google.com/search?hl=en&rls=com.microsoft%3Aen-US&q=IC+water+contact+polo+site%3Awww.imperialcollegeunion.org&aq=f&oq=&aqi=" "Mozilla/4.0 (compatible; MSIE 8.0; Windows NT 5.1; Trident/4.0; .NET CLR 1.1.4322; .NET CLR 2.0.50727; .NET CLR 3.0.4506.2152; .NET CLR 3.5.30729; InfoPath.2; Imperial College)"
155.198.168.63 - - [06/Oct/2009:16:06:38 +0000] "GET /clubs-and-societies/a-to-z/f/fashion/ HTTP/1.1" 200 11462 "http://www.imperialcollegeunion.org/clubs-and-societies/a-to-z/?lp=303" "Mozilla/4.0 (compatible; MSIE 7.0; Windows NT 5.1; .NET CLR 1.1.4322; .NET CLR 2.0.50727; .NET CLR 3.0.04506.648; .NET CLR 3.5.21022; InfoPath.2; Imperial College; Imperial College)"
129.31.217.102 - - [06/Oct/2009:16:06:38 +0000] "GET /scc/icsf/library/images/g_undefined HTTP/1.1" 302 253 "http://www.union.ic.ac.uk/scc/icsf/library/menu/topmenu.html" "Mozilla/5.0 (Windows; U; Windows NT 6.0; en-GB; rv:1.9.1.3) Gecko/20090824 Firefox/3.5.3"
66.249.71.120 - - [06/Oct/2009:16:06:38 +0000] "GET /text-only/events/jazz-big-band-valentines,316,EV.html HTTP/1.1" 302 261 "-" "Mozilla/5.0 (compatible; Googlebot/2.1; +http://www.google.com/bot.html)"
129.31.217.102 - - [06/Oct/2009:16:06:38 +0000] "GET /scc/icsf/library/images/g_undefined HTTP/1.1" 302 253 "http://www.union.ic.ac.uk/scc/icsf/library/menu/topmenu.html" "Mozilla/5.0 (Windows; U; Windows NT 6.0; en-GB; rv:1.9.1.3) Gecko/20090824 Firefox/3.5.3"
129.31.217.102 - - [06/Oct/2009:16:06:38 +0000] "GET /scc/icsf/library/images/g_undefined HTTP/1.1" 302 253 "http://www.union.ic.ac.uk/scc/icsf/library/menu/topmenu.html" "Mozilla/5.0 (Windows; U; Windows NT 6.0; en-GB; rv:1.9.1.3) Gecko/20090824 Firefox/3.5.3"
129.31.217.102 - - [06/Oct/2009:16:06:38 +0000] "GET /scc/icsf/library/images/g_undefined HTTP/1.1" 302 253 "http://www.union.ic.ac.uk/scc/icsf/library/menu/topmenu.html" "Mozilla/5.0 (Windows; U; Windows NT 6.0; en-GB; rv:1.9.1.3) Gecko/20090824 Firefox/3.5.3"
129.31.217.102 - - [06/Oct/2009:16:06:38 +0000] "GET /scc/icsf/library/images/undefined HTTP/1.1" 302 251 "http://www.union.ic.ac.uk/scc/icsf/library/menu/topmenu.html" "Mozilla/5.0 (Windows; U; Windows NT 6.0; en-GB; rv:1.9.1.3) Gecko/20090824 Firefox/3.5.3"
129.31.217.102 - - [06/Oct/2009:16:06:38 +0000] "GET /scc/icsf/library/images/g_undefined HTTP/1.1" 302 253 "http://www.union.ic.ac.uk/scc/icsf/library/menu/topmenu.html" "Mozilla/5.0 (Windows; U; Windows NT 6.0; en-GB; rv:1.9.1.3) Gecko/20090824 Firefox/3.5.3"
129.31.217.102 - - [06/Oct/2009:16:06:38 +0000] "GET /scc/icsf/library/images/g_undefined HTTP/1.1" 302 253 "http://www.union.ic.ac.uk/scc/icsf/library/menu/topmenu.html" "Mozilla/5.0 (Windows; U; Windows NT 6.0; en-GB; rv:1.9.1.3) Gecko/20090824 Firefox/3.5.3"
129.31.217.102 - - [06/Oct/2009:16:06:39 +0000] "GET /scc/icsf/library/images/undefined HTTP/1.1" 302 251 "http://www.union.ic.ac.uk/scc/icsf/library/menu/topmenu.html" "Mozilla/5.0 (Windows; U; Windows NT 6.0; en-GB; rv:1.9.1.3) Gecko/20090824 Firefox/3.5.3"
129.31.217.102 - - [06/Oct/2009:16:06:39 +0000] "GET /scc/icsf/library/images/g_undefined HTTP/1.1" 302 253 "http://www.union.ic.ac.uk/scc/icsf/library/menu/topmenu.html" "Mozilla/5.0 (Windows; U; Windows NT 6.0; en-GB; rv:1.9.1.3) Gecko/20090824 Firefox/3.5.3"
129.31.217.102 - - [06/Oct/2009:16:06:39 +0000] "GET /scc/icsf/library/images/g_undefined HTTP/1.1" 302 253 "http://www.union.ic.ac.uk/scc/icsf/library/menu/topmenu.html" "Mozilla/5.0 (Windows; U; Windows NT 6.0; en-GB; rv:1.9.1.3) Gecko/20090824 Firefox/3.5.3"
129.31.217.102 - - [06/Oct/2009:16:06:39 +0000] "GET /scc/icsf/library/images/undefined HTTP/1.1" 302 251 "http://www.union.ic.ac.uk/scc/icsf/library/menu/topmenu.html" "Mozilla/5.0 (Windows; U; Windows NT 6.0; en-GB; rv:1.9.1.3) Gecko/20090824 Firefox/3.5.3"
129.31.217.102 - - [06/Oct/2009:16:06:39 +0000] "GET /scc/icsf/library/images/g_undefined HTTP/1.1" 302 253 "http://www.union.ic.ac.uk/scc/icsf/library/menu/topmenu.html" "Mozilla/5.0 (Windows; U; Windows NT 6.0; en-GB; rv:1.9.1.3) Gecko/20090824 Firefox/3.5.3"
129.31.217.102 - - [06/Oct/2009:16:06:39 +0000] "GET /scc/icsf/library/images/g_undefined HTTP/1.1" 302 253 "http://www.union.ic.ac.uk/scc/icsf/library/menu/topmenu.html" "Mozilla/5.0 (Windows; U; Windows NT 6.0; en-GB; rv:1.9.1.3) Gecko/20090824 Firefox/3.5.3"
129.31.217.102 - - [06/Oct/2009:16:06:39 +0000] "GET /scc/icsf/library/images/undefined HTTP/1.1" 302 251 "http://www.union.ic.ac.uk/scc/icsf/library/menu/topmenu.html" "Mozilla/5.0 (Windows; U; Windows NT 6.0; en-GB; rv:1.9.1.3) Gecko/20090824 Firefox/3.5.3"
129.31.217.102 - - [06/Oct/2009:16:06:39 +0000] "GET /scc/icsf/library/images/undefined HTTP/1.1" 302 251 "http://www.union.ic.ac.uk/scc/icsf/library/menu/topmenu.html" "Mozilla/5.0 (Windows; U; Windows NT 6.0; en-GB; rv:1.9.1.3) Gecko/20090824 Firefox/3.5.3"
129.31.217.102 - - [06/Oct/2009:16:06:39 +0000] "GET /scc/icsf/library/images/undefined HTTP/1.1" 302 251 "http://www.union.ic.ac.uk/scc/icsf/library/menu/topmenu.html" "Mozilla/5.0 (Windows; U; Windows NT 6.0; en-GB; rv:1.9.1.3) Gecko/20090824 Firefox/3.5.3"
129.31.217.102 - - [06/Oct/2009:16:06:39 +0000] "GET /scc/icsf/library/images/undefined HTTP/1.1" 302 251 "http://www.union.ic.ac.uk/scc/icsf/library/menu/topmenu.html" "Mozilla/5.0 (Windows; U; Windows NT 6.0; en-GB; rv:1.9.1.3) Gecko/20090824 Firefox/3.5.3"
129.31.217.102 - - [06/Oct/2009:16:06:39 +0000] "GET /scc/icsf/library/images/undefined HTTP/1.1" 302 251 "http://www.union.ic.ac.uk/scc/icsf/library/menu/topmenu.html" "Mozilla/5.0 (Windows; U; Windows NT 6.0; en-GB; rv:1.9.1.3) Gecko/20090824 Firefox/3.5.3"
129.31.217.102 - - [06/Oct/2009:16:06:39 +0000] "GET /scc/icsf/library/images/undefined HTTP/1.1" 302 251 "http://www.union.ic.ac.uk/scc/icsf/library/menu/topmenu.html" "Mozilla/5.0 (Windows; U; Windows NT 6.0; en-GB; rv:1.9.1.3) Gecko/20090824 Firefox/3.5.3"
129.31.217.102 - - [06/Oct/2009:16:06:39 +0000] "GET /scc/icsf/library/images/undefined HTTP/1.1" 302 251 "http://www.union.ic.ac.uk/scc/icsf/library/menu/topmenu.html" "Mozilla/5.0 (Windows; U; Windows NT 6.0; en-GB; rv:1.9.1.3) Gecko/20090824 Firefox/3.5.3"
129.31.67.39 - - [06/Oct/2009:16:06:39 +0000] "GET /clubs-and-societies/a-to-z/b/boxing/ HTTP/1.1" 200 9735 "http://www.imperialcollegeunion.org/clubs-and-societies/a-to-z/?lp=303" "Mozilla/4.0 (compatible; MSIE 8.0; Windows NT 6.0; Trident/4.0; SLCC1; .NET CLR 2.0.50727; Media Center PC 5.0; OfficeLiveConnector.1.3; OfficeLivePatch.0.0; .NET CLR 3.5.30729; .NET CLR 3.0.30618)"
91.104.55.108 - - [06/Oct/2009:16:06:40 +0000] "GET /clubs-and-societies/a-to-z/s/snowsports/ HTTP/1.1" 302 261 "-" "Mozilla/5.0 (Macintosh; U; Intel Mac OS X 10_6; en-us) AppleWebKit/531.9 (KHTML, like Gecko) Version/4.0.3 Safari/531.9"
155.198.57.38 - - [06/Oct/2009:16:06:40 +0000] "GET /news.xml HTTP/1.1" 200 6406 "-" "Java/1.4.2_14"
129.31.67.39 - - [06/Oct/2009:16:06:41 +0000] "GET /clubs-and-societies/a-to-z/?lp=303 HTTP/1.1" 200 41559 "http://www.imperialcollegeunion.org/clubs-and-societies/" "Mozilla/4.0 (compatible; MSIE 8.0; Windows NT 6.0; Trident/4.0; SLCC1; .NET CLR 2.0.50727; Media Center PC 5.0; OfficeLiveConnector.1.3; OfficeLivePatch.0.0; .NET CLR 3.5.30729; .NET CLR 3.0.30618)"
129.31.40.46 - - [06/Oct/2009:16:06:41 +0000] "GET /icsmsu-352/icsmsu-scrubs-832/product.html HTTP/1.1" 200 11622 "http://www.imperialcollegeunion.org/icsmsu-352" "Mozilla/4.0 (compatible; MSIE 8.0; Windows NT 5.1; Trident/4.0; .NET CLR 1.1.4322; Imperial College; .NET CLR 2.0.50727; .NET CLR 3.0.4506.2152; .NET CLR 3.5.30729; InfoPath.2; Imperial College)"
66.249.85.66 - - [06/Oct/2009:16:06:42 +0000] "GET /news.xml?rnd=73 HTTP/1.1" 302 268 "-" "Feedfetcher-Google; (+http://www.google.com/feedfetcher.html; feed-id=13284807679472162654)"
66.249.71.72 - - [06/Oct/2009:16:06:42 +0000] "GET /archery-20/archery-ic-archery-t-shirt-2009-1254/product.html HTTP/1.1" 302 261 "-" "Mozilla/5.0 (compatible; Googlebot/2.1; +http://www.google.com/bot.html)"
155.198.57.38 - - [06/Oct/2009:16:06:43 +0000] "GET /events.xml HTTP/1.1" 200 5128 "-" "Java/1.4.2_14"
155.198.103.222 - - [06/Oct/2009:16:06:44 +0000] "GET /clubs-and-societies/ HTTP/1.1" 200 64665 "http://www.imperialcollegeunion.org/swim-waterpolo-258/category.html" "Mozilla/4.0 (compatible; MSIE 8.0; Windows NT 5.1; Trident/4.0; .NET CLR 1.1.4322; .NET CLR 2.0.50727; .NET CLR 3.0.4506.2152; .NET CLR 3.5.30729; InfoPath.2; Imperial College)"
129.31.68.138 - - [06/Oct/2009:16:06:45 +0000] "GET /indian-124/indian-membership/product.html HTTP/1.1" 200 11842 "http://www.imperialcollegeunion.org/indian-124/category.html" "Mozilla/5.0 (Macintosh; U; Intel Mac OS X 10_6_1; en-us) AppleWebKit/531.9 (KHTML, like Gecko) Version/4.0.3 Safari/531.9"
155.198.103.222 - - [06/Oct/2009:16:06:45 +0000] "GET /unions/news.vm?id=com.othermedia.imperial.model.clubsociety.UnionTab-L-6 HTTP/1.1" 200 5370 "http://www.imperialcollegeunion.org/clubs-and-societies/" "Mozilla/4.0 (compatible; MSIE 8.0; Windows NT 5.1; Trident/4.0; .NET CLR 1.1.4322; .NET CLR 2.0.50727; .NET CLR 3.0.4506.2152; .NET CLR 3.5.30729; InfoPath.2; Imperial College)"
155.198.103.222 - - [06/Oct/2009:16:06:45 +0000] "GET /membership.vm?id=com.othercommerce.imperial.shop.model.ProductGroupHandle-L-278 HTTP/1.1" 200 224 "http://www.imperialcollegeunion.org/clubs-and-societies/" "Mozilla/4.0 (compatible; MSIE 8.0; Windows NT 5.1; Trident/4.0; .NET CLR 1.1.4322; .NET CLR 2.0.50727; .NET CLR 3.0.4506.2152; .NET CLR 3.5.30729; InfoPath.2; Imperial College)"
155.198.103.222 - - [06/Oct/2009:16:06:47 +0000] "GET /clubs-and-societies/a-to-z/?lp=303 HTTP/1.1" 200 41549 "http://www.imperialcollegeunion.org/clubs-and-societies/" "Mozilla/4.0 (compatible; MSIE 8.0; Windows NT 5.1; Trident/4.0; .NET CLR 1.1.4322; .NET CLR 2.0.50727; .NET CLR 3.0.4506.2152; .NET CLR 3.5.30729; InfoPath.2; Imperial College)"
155.198.57.23 - - [06/Oct/2009:16:06:48 +0000] "GET /news.xml HTTP/1.1" 200 6406 "-" "Java/1.4.2_14"
155.198.57.23 - - [06/Oct/2009:16:06:48 +0000] "GET /events.xml HTTP/1.1" 200 5128 "-" "Java/1.4.2_14"
89.28.208.5 - - [06/Oct/2009:16:06:48 +0000] "GET /contact-us/ HTTP/1.0" 200 15970 "-" "check_http/v1861 (nagios-plugins 1.4.11)"
129.31.40.46 - - [06/Oct/2009:16:06:50 +0000] "GET /events.xml HTTP/1.1" 200 5128 "http://www.imperialcollegeunion.org/icsmsu-352/icsmsu-scrubs-832/product.html" "Mozilla/4.0 (compatible; MSIE 8.0; Windows NT 5.1; Trident/4.0; .NET CLR 1.1.4322; Imperial College; .NET CLR 2.0.50727; .NET CLR 3.0.4506.2152; .NET CLR 3.5.30729; InfoPath.2; Imperial College)"
129.31.40.46 - - [06/Oct/2009:16:06:50 +0000] "GET /favicon.ico HTTP/1.1" 404 9452 "-" "Mozilla/4.0 (compatible; MSIE 8.0; Windows NT 5.1; Trident/4.0; .NET CLR 1.1.4322; Imperial College; .NET CLR 2.0.50727; .NET CLR 3.0.4506.2152; .NET CLR 3.5.30729; InfoPath.2; Imperial College)"
74.125.16.66 - - [06/Oct/2009:16:06:52 +0000] "GET /news.xml?rnd=887 HTTP/1.1" 302 269 "-" "Feedfetcher-Google; (+http://www.google.com/feedfetcher.html; feed-id=4236249764982139534)"
89.28.208.5 - - [06/Oct/2009:16:06:52 +0000] "GET / HTTP/1.0" 200 37877 "-" "check_http/v1861 (nagios-plugins 1.4.11)"
155.198.57.23 - - [06/Oct/2009:16:06:53 +0000] "GET /events.xml HTTP/1.1" 200 5128 "-" "Java/1.4.2_14"
155.198.57.23 - - [06/Oct/2009:16:06:53 +0000] "GET /news.xml HTTP/1.1" 200 6406 "-" "Java/1.4.2_14"
155.198.243.169 - - [06/Oct/2009:16:06:53 +0000] "GET / HTTP/1.1" 200 37887 "-" "Mozilla/4.0 (compatible; MSIE 7.0; Windows NT 5.1; Trident/4.0; .NET CLR 1.1.4322; .NET CLR 2.0.50727; .NET CLR 3.0.04506.648; .NET CLR 3.5.21022; InfoPath.1; Imperial College; .NET CLR 3.0.4506.2152; .NET CLR 3.5.30729; Imperial College)"
66.249.71.111 - - [06/Oct/2009:16:06:53 +0000] "GET /clubs-and-societies/a-to-z/m/motor-rsm/?lp=258 HTTP/1.1" 302 268 "-" "Mozilla/5.0 (compatible; Googlebot/2.1; +http://www.google.com/bot.html)"
155.198.243.169 - - [06/Oct/2009:16:06:54 +0000] "GET /unions/home-news.vm?id=com.othermedia.imperial.model.clubsociety.UnionTab-L-1 HTTP/1.1" 200 2053 "http://www.imperialcollegeunion.org/" "Mozilla/4.0 (compatible; MSIE 7.0; Windows NT 5.1; Trident/4.0; .NET CLR 1.1.4322; .NET CLR 2.0.50727; .NET CLR 3.0.04506.648; .NET CLR 3.5.21022; InfoPath.1; Imperial College; .NET CLR 3.0.4506.2152; .NET CLR 3.5.30729; Imperial College)"
65.55.207.117 - - [06/Oct/2009:16:06:54 +0000] "GET /clubsocs/scc/icsf/BOOKS/PRIEST/ HTTP/1.1" 302 261 "-" "msnbot/2.0b (+http://search.msn.com/msnbot.htm)"
129.31.68.138 - - [06/Oct/2009:16:06:54 +0000] "GET /login.html?requestedUrl=%2Findian-124%2Findian-membership%2Fproduct.html HTTP/1.1" 200 212 "http://www.imperialcollegeunion.org/indian-124/indian-membership/product.html" "Mozilla/5.0 (Macintosh; U; Intel Mac OS X 10_6_1; en-us) AppleWebKit/531.9 (KHTML, like Gecko) Version/4.0.3 Safari/531.9"
66.249.71.72 - - [06/Oct/2009:16:06:56 +0000] "GET /golf-111/golf-membership-08-09-792/product.html HTTP/1.1" 302 261 "-" "Mozilla/5.0 (compatible; Googlebot/2.1; +http://www.google.com/bot.html)"
155.198.103.222 - - [06/Oct/2009:16:06:56 +0000] "GET /clubs-and-societies/a-to-z/w/waterpolo-medics/ HTTP/1.1" 200 11662 "http://www.imperialcollegeunion.org/clubs-and-societies/a-to-z/?lp=303" "Mozilla/4.0 (compatible; MSIE 8.0; Windows NT 5.1; Trident/4.0; .NET CLR 1.1.4322; .NET CLR 2.0.50727; .NET CLR 3.0.4506.2152; .NET CLR 3.5.30729; InfoPath.2; Imperial College)"
155.198.243.169 - - [06/Oct/2009:16:06:57 +0000] "GET /search.html?q=forms HTTP/1.1" 200 15539 "http://www.imperialcollegeunion.org/" "Mozilla/4.0 (compatible; MSIE 7.0; Windows NT 5.1; Trident/4.0; .NET CLR 1.1.4322; .NET CLR 2.0.50727; .NET CLR 3.0.04506.648; .NET CLR 3.5.21022; InfoPath.1; Imperial College; .NET CLR 3.0.4506.2152; .NET CLR 3.5.30729; Imperial College)"
155.198.57.23 - - [06/Oct/2009:16:06:57 +0000] "GET /events.xml HTTP/1.1" 200 5128 "-" "Java/1.4.2_14"
155.198.243.169 - - [06/Oct/2009:16:06:58 +0000] "GET /clubs-and-societies/club-officers/club-society-forms/ HTTP/1.1" 200 26117 "http://www.imperialcollegeunion.org/search.html?q=forms" "Mozilla/4.0 (compatible; MSIE 7.0; Windows NT 5.1; Trident/4.0; .NET CLR 1.1.4322; .NET CLR 2.0.50727; .NET CLR 3.0.04506.648; .NET CLR 3.5.21022; InfoPath.1; Imperial College; .NET CLR 3.0.4506.2152; .NET CLR 3.5.30729; Imperial College)"
155.198.103.222 - - [06/Oct/2009:16:07:02 +0000] "GET /clubs-and-societies/a-to-z/w/waterpolo-medics/contact.html?Pcs=com.othermedia.imperial.model.ClubSocietyHandle-L-117 HTTP/1.1" 200 11222 "http://www.imperialcollegeunion.org/clubs-and-societies/a-to-z/w/waterpolo-medics/" "Mozilla/4.0 (compatible; MSIE 8.0; Windows NT 5.1; Trident/4.0; .NET CLR 1.1.4322; .NET CLR 2.0.50727; .NET CLR 3.0.4506.2152; .NET CLR 3.5.30729; InfoPath.2; Imperial College)"
155.198.14.12 - - [06/Oct/2009:16:07:03 +0000] "GET /clubs-and-societies/a-to-z/k/kung-fu/ HTTP/1.1" 200 17257 "http://www.imperial.ac.uk/search/results" "Mozilla/4.0 (compatible; MSIE 8.0; Windows NT 5.1; Trident/4.0; .NET CLR 1.1.4322; Imperial College; .NET CLR 2.0.50727; .NET CLR 3.0.4506.2152; .NET CLR 3.5.30729; InfoPath.2; Imperial College)"
129.31.68.138 - - [06/Oct/2009:16:07:03 +0000] "GET /indian-124/category.html HTTP/1.1" 200 9227 "http://www.imperialcollegeunion.org/clubs-and-societies/a-to-z/i/indian/" "Mozilla/5.0 (Macintosh; U; Intel Mac OS X 10_6_1; en-us) AppleWebKit/531.9 (KHTML, like Gecko) Version/4.0.3 Safari/531.9"
129.31.67.39 - - [06/Oct/2009:16:07:03 +0000] "GET /clubs-and-societies/a-to-z/a/athletics/ HTTP/1.1" 200 10284 "http://www.imperialcollegeunion.org/clubs-and-societies/a-to-z/?lp=303" "Mozilla/4.0 (compatible; MSIE 8.0; Windows NT 6.0; Trident/4.0; SLCC1; .NET CLR 2.0.50727; Media Center PC 5.0; OfficeLiveConnector.1.3; OfficeLivePatch.0.0; .NET CLR 3.5.30729; .NET CLR 3.0.30618)"
64.233.173.2 - - [06/Oct/2009:16:07:04 +0000] "GET /news.xml?rnd=188 HTTP/1.1" 302 269 "-" "Feedfetcher-Google; (+http://www.google.com/feedfetcher.html; feed-id=1535957069014863975)"
66.249.71.72 - - [06/Oct/2009:16:07:06 +0000] "GET /icsmsu-352/icsmsu-icsm-sports-hoodie-845/product.html HTTP/1.1" 302 261 "-" "Mozilla/5.0 (compatible; Googlebot/2.1; +http://www.google.com/bot.html)"
64.233.173.2 - - [06/Oct/2009:16:07:08 +0000] "GET /news.xml?rnd=946 HTTP/1.1" 302 269 "-" "Feedfetcher-Google; (+http://www.google.com/feedfetcher.html; feed-id=13299719459821024102)"
66.249.71.72 - - [06/Oct/2009:16:07:09 +0000] "GET /events/jazz-big-band,240,EV.html HTTP/1.1" 302 261 "-" "Mozilla/5.0 (compatible; Googlebot/2.1; +http://www.google.com/bot.html)"
155.198.168.63 - - [06/Oct/2009:16:07:09 +0000] "GET /clubs-and-societies/a-to-z/f/fashion/website.html?Pcs=com.othermedia.imperial.model.ClubSocietyHandle-L-139 HTTP/1.1" 302 82 "http://www.imperialcollegeunion.org/clubs-and-societies/a-to-z/f/fashion/" "Mozilla/4.0 (compatible; MSIE 7.0; Windows NT 5.1; .NET CLR 1.1.4322; .NET CLR 2.0.50727; .NET CLR 3.0.04506.648; .NET CLR 3.5.21022; InfoPath.2; Imperial College; Imperial College)"
155.198.168.63 - - [06/Oct/2009:16:07:09 +0000] "GET /rcc/fashion/ HTTP/1.1" 302 230 "http://www.imperialcollegeunion.org/clubs-and-societies/a-to-z/f/fashion/" "Mozilla/4.0 (compatible; MSIE 7.0; Windows NT 5.1; .NET CLR 1.1.4322; .NET CLR 2.0.50727; .NET CLR 3.0.04506.648; .NET CLR 3.5.21022; InfoPath.2; Imperial College; Imperial College)"
155.198.57.38 - - [06/Oct/2009:16:07:16 +0000] "GET /events.xml HTTP/1.1" 200 5128 "-" "Java/1.4.2_14"
129.31.82.114 - - [06/Oct/2009:16:07:18 +0000] "GET /fellwanderers/ HTTP/1.1" 302 236 "-" "Mozilla/5.0 (Windows; U; Windows NT 5.1; de; rv:1.9.1.3) Gecko/20090824 Firefox/3.5.3 (.NET CLR 3.5.30729)"
78.86.21.135 - - [06/Oct/2009:16:07:19 +0000] "GET / HTTP/1.1" 302 261 "-" "Mozilla/5.0 (Windows; U; Windows NT 6.0; en-US) AppleWebKit/532.0 (KHTML, like Gecko) Chrome/3.0.195.24 Safari/532.0"
129.31.231.229 - - [06/Oct/2009:16:07:19 +0000] "GET /clubs-and-societies/a-to-z/a/assassins-guild/shop.html?Pcs=com.othermedia.imperial.model.ClubSocietyHandle-L-362 HTTP/1.1" 302 94 "http://www.imperialcollegeunion.org/clubs-and-societies/a-to-z/a/assassins-guild/" "Mozilla/5.0 (Windows; U; Windows NT 6.0; en-US; rv:1.9.1.3) Gecko/20090824 Firefox/3.5.3 (.NET CLR 3.5.30729)"
129.31.231.229 - - [06/Oct/2009:16:07:19 +0000] "GET /assassins-guild-341/ HTTP/1.1" 200 8882 "http://www.imperialcollegeunion.org/clubs-and-societies/a-to-z/a/assassins-guild/" "Mozilla/5.0 (Windows; U; Windows NT 6.0; en-US; rv:1.9.1.3) Gecko/20090824 Firefox/3.5.3 (.NET CLR 3.5.30729)"
217.43.191.12 - - [06/Oct/2009:16:07:20 +0000] "GET / HTTP/1.1" 302 261 "-" "Mozilla/5.0 (Windows; U; Windows NT 6.0; en-GB; rv:1.9.1.3) Gecko/20090824 Firefox/3.5.3 (.NET CLR 3.5.30729)"
66.249.71.72 - - [06/Oct/2009:16:07:22 +0000] "GET /forum/1/74/thread.html HTTP/1.1" 302 261 "-" "Mozilla/5.0 (compatible; Googlebot/2.1; +http://www.google.com/bot.html)"
155.198.103.222 - - [06/Oct/2009:16:07:24 +0000] "GET /clubs-and-societies/a-to-z/w/waterski/contact.html HTTP/1.1" 200 18608 "http://www.google.com/search?hl=en&rls=com.microsoft%3Aen-US&q=IC+water+contact+polo+site%3Awww.imperialcollegeunion.org&aq=f&oq=&aqi=" "Mozilla/4.0 (compatible; MSIE 8.0; Windows NT 5.1; Trident/4.0; .NET CLR 1.1.4322; .NET CLR 2.0.50727; .NET CLR 3.0.4506.2152; .NET CLR 3.5.30729; InfoPath.2; Imperial College)"
129.31.68.138 - - [06/Oct/2009:16:07:26 +0000] "GET /clubs-and-societies/ HTTP/1.1" 200 64714 "http://www.imperialcollegeunion.org/indian-124/category.html" "Mozilla/5.0 (Macintosh; U; Intel Mac OS X 10_6_1; en-us) AppleWebKit/531.9 (KHTML, like Gecko) Version/4.0.3 Safari/531.9"
129.31.67.39 - - [06/Oct/2009:16:07:27 +0000] "GET /clubs-and-societies/a-to-z/?lp=303 HTTP/1.1" 200 41559 "http://www.imperialcollegeunion.org/clubs-and-societies/" "Mozilla/4.0 (compatible; MSIE 8.0; Windows NT 6.0; Trident/4.0; SLCC1; .NET CLR 2.0.50727; Media Center PC 5.0; OfficeLiveConnector.1.3; OfficeLivePatch.0.0; .NET CLR 3.5.30729; .NET CLR 3.0.30618)"
129.31.68.138 - - [06/Oct/2009:16:07:27 +0000] "GET /unions/news.vm?id=com.othermedia.imperial.model.clubsociety.UnionTab-L-6 HTTP/1.1" 200 5370 "http://www.imperialcollegeunion.org/clubs-and-societies/" "Mozilla/5.0 (Macintosh; U; Intel Mac OS X 10_6_1; en-us) AppleWebKit/531.9 (KHTML, like Gecko) Version/4.0.3 Safari/531.9"
129.31.68.138 - - [06/Oct/2009:16:07:27 +0000] "GET /membership.vm?id=com.othercommerce.imperial.shop.model.ProductGroupHandle-L-131 HTTP/1.1" 200 211 "http://www.imperialcollegeunion.org/clubs-and-societies/" "Mozilla/5.0 (Macintosh; U; Intel Mac OS X 10_6_1; en-us) AppleWebKit/531.9 (KHTML, like Gecko) Version/4.0.3 Safari/531.9"
155.198.57.21 - - [06/Oct/2009:16:07:30 +0000] "GET /events.xml HTTP/1.1" 200 5128 "-" "Java/1.4.2_14"
129.31.68.138 - - [06/Oct/2009:16:07:32 +0000] "GET /clubs-and-societies/a-to-z/index,73,ICUIP.html?f=SPORTS HTTP/1.1" 200 30808 "http://www.imperialcollegeunion.org/clubs-and-societies/" "Mozilla/5.0 (Macintosh; U; Intel Mac OS X 10_6_1; en-us) AppleWebKit/531.9 (KHTML, like Gecko) Version/4.0.3 Safari/531.9"
155.198.14.42 - - [06/Oct/2009:16:07:32 +0000] "GET /events/first-skate-session,572,EV.html HTTP/1.1" 200 9241 "http://www3.imperial.ac.uk/myimperial" "Mozilla/4.0 (compatible; MSIE 8.0; Windows NT 5.1; Trident/4.0; .NET CLR 1.1.4322; Imperial College; .NET CLR 2.0.50727; .NET CLR 3.0.4506.2152; .NET CLR 3.5.30729; InfoPath.2; Imperial College)"
155.198.103.222 - - [06/Oct/2009:16:07:32 +0000] "GET /clubs-and-societies/a-to-z/ HTTP/1.1" 200 41552 "http://www.imperialcollegeunion.org/clubs-and-societies/a-to-z/w/waterski/contact.html" "Mozilla/4.0 (compatible; MSIE 8.0; Windows NT 5.1; Trident/4.0; .NET CLR 1.1.4322; .NET CLR 2.0.50727; .NET CLR 3.0.4506.2152; .NET CLR 3.5.30729; InfoPath.2; Imperial College)"
129.31.67.39 - - [06/Oct/2009:16:07:32 +0000] "GET /clubs-and-societies/a-to-z/a/afro-caribbean/ HTTP/1.1" 200 13600 "http://www.imperialcollegeunion.org/clubs-and-societies/a-to-z/?lp=303" "Mozilla/4.0 (compatible; MSIE 8.0; Windows NT 6.0; Trident/4.0; SLCC1; .NET CLR 2.0.50727; Media Center PC 5.0; OfficeLiveConnector.1.3; OfficeLivePatch.0.0; .NET CLR 3.5.30729; .NET CLR 3.0.30618)"
78.15.200.233 - - [06/Oct/2009:16:07:32 +0000] "GET /events.xml HTTP/1.1" 302 261 "-" "Mozilla/5.0 (Windows; U; Windows NT 6.0; it; rv:1.8.1.23) Gecko/20090812 Thunderbird/2.0.0.23"
78.15.200.233 - - [06/Oct/2009:16:07:32 +0000] "GET /news.xml HTTP/1.1" 302 261 "-" "Mozilla/5.0 (Windows; U; Windows NT 6.0; it; rv:1.8.1.23) Gecko/20090812 Thunderbird/2.0.0.23"
155.198.57.22 - - [06/Oct/2009:16:07:34 +0000] "GET /news.xml HTTP/1.1" 200 6406 "-" "Java/1.4.2_14"
155.198.57.38 - - [06/Oct/2009:16:07:34 +0000] "GET /events.xml HTTP/1.1" 200 5128 "-" "Java/1.4.2_14"
155.198.103.222 - - [06/Oct/2009:16:07:34 +0000] "GET /clubs-and-societies/a-to-z/x/ HTTP/1.1" 200 12170 "http://www.imperialcollegeunion.org/clubs-and-societies/a-to-z/" "Mozilla/4.0 (compatible; MSIE 8.0; Windows NT 5.1; Trident/4.0; .NET CLR 1.1.4322; .NET CLR 2.0.50727; .NET CLR 3.0.4506.2152; .NET CLR 3.5.30729; InfoPath.2; Imperial College)"
155.198.103.222 - - [06/Oct/2009:16:07:35 +0000] "GET /clubs-and-societies/a-to-z/w/ HTTP/1.1" 200 13220 "http://www.imperialcollegeunion.org/clubs-and-societies/a-to-z/x/" "Mozilla/4.0 (compatible; MSIE 8.0; Windows NT 5.1; Trident/4.0; .NET CLR 1.1.4322; .NET CLR 2.0.50727; .NET CLR 3.0.4506.2152; .NET CLR 3.5.30729; InfoPath.2; Imperial College)"
129.31.231.229 - - [06/Oct/2009:16:07:36 +0000] "GET /assassins-guild-341/assassins-guild-membership-573/product.html HTTP/1.1" 200 12056 "http://www.imperialcollegeunion.org/assassins-guild-341/" "Mozilla/5.0 (Windows; U; Windows NT 6.0; en-US; rv:1.9.1.3) Gecko/20090824 Firefox/3.5.3 (.NET CLR 3.5.30729)"
66.249.85.66 - - [06/Oct/2009:16:07:36 +0000] "GET /news.xml?rnd=931 HTTP/1.1" 302 269 "-" "Feedfetcher-Google; (+http://www.google.com/feedfetcher.html; feed-id=4621312198014097026)"
66.249.71.111 - - [06/Oct/2009:16:07:36 +0000] "GET /union-products-295/sexpression-finale-547/ HTTP/1.1" 302 261 "-" "Mozilla/5.0 (compatible; Googlebot/2.1; +http://www.google.com/bot.html)"
205.200.78.140 - - [06/Oct/2009:16:07:37 +0000] "GET /forum/1/69/thread.html HTTP/1.0" 302 249 "http://www.imperialcollegeunion.org/forum/1/69/thread.html" "Mozilla/4.0 (compatible; MSIE 6.0; Windows NT 5.1; SV1; InfoPath.1)"
155.198.103.222 - - [06/Oct/2009:16:07:37 +0000] "GET /clubs-and-societies/a-to-z/w/waterski/ HTTP/1.1" 200 11503 "http://www.imperialcollegeunion.org/clubs-and-societies/a-to-z/w/" "Mozilla/4.0 (compatible; MSIE 8.0; Windows NT 5.1; Trident/4.0; .NET CLR 1.1.4322; .NET CLR 2.0.50727; .NET CLR 3.0.4506.2152; .NET CLR 3.5.30729; InfoPath.2; Imperial College)"
155.198.57.38 - - [06/Oct/2009:16:07:39 +0000] "GET /news.xml HTTP/1.1" 200 6406 "-" "Java/1.4.2_14"
155.198.103.222 - - [06/Oct/2009:16:07:39 +0000] "GET /clubs-and-societies/a-to-z/w/waterski/contact.html?Pcs=com.othermedia.imperial.model.ClubSocietyHandle-L-160 HTTP/1.1" 200 18676 "http://www.imperialcollegeunion.org/clubs-and-societies/a-to-z/w/waterski/" "Mozilla/4.0 (compatible; MSIE 8.0; Windows NT 5.1; Trident/4.0; .NET CLR 1.1.4322; .NET CLR 2.0.50727; .NET CLR 3.0.4506.2152; .NET CLR 3.5.30729; InfoPath.2; Imperial College)"
155.198.222.98 - - [06/Oct/2009:16:07:42 +0000] "GET /clubs-and-societies/a-to-z/s/snowsports/shop.html?Pcs=com.othermedia.imperial.model.ClubSocietyHandle-L-73 HTTP/1.1" 302 95 "http://www.google.co.uk/search?hl=en&q=imperial+snowsports&meta=" "Mozilla/4.0 (compatible; MSIE 7.0; Windows NT 5.1; Imperial College; InfoPath.1; .NET CLR 1.1.4322; .NET CLR 2.0.50727)"
155.198.222.98 - - [06/Oct/2009:16:07:42 +0000] "GET /ski-243/category.html HTTP/1.1" 200 9210 "http://www.google.co.uk/search?hl=en&q=imperial+snowsports&meta=" "Mozilla/4.0 (compatible; MSIE 7.0; Windows NT 5.1; Imperial College; InfoPath.1; .NET CLR 1.1.4322; .NET CLR 2.0.50727)"
129.31.231.185 - - [06/Oct/2009:16:07:43 +0000] "GET /events.xml HTTP/1.1" 200 5128 "-" "Mozilla/5.0 (Windows; U; Windows NT 6.0; en-GB; rv:1.9.0.14) Gecko/2009082707 Firefox/3.0.14 (.NET CLR 3.5.30729)"
66.249.71.111 - - [06/Oct/2009:16:07:43 +0000] "GET /clubs-and-societies/a-to-z/m/model-united-nations/?lp=258 HTTP/1.1" 302 268 "-" "Mozilla/5.0 (compatible; Googlebot/2.1; +http://www.google.com/bot.html)"
66.249.85.66 - - [06/Oct/2009:16:07:44 +0000] "GET /news.xml?rnd=246 HTTP/1.1" 302 269 "-" "Feedfetcher-Google; (+http://www.google.com/feedfetcher.html; feed-id=7905950712525900335)"
129.31.83.81 - - [06/Oct/2009:16:07:44 +0000] "GET /login.html?requestedUrl=%2Fbadminton-24%2Fbadminton-membership%2Fproduct.html HTTP/1.1" 200 212 "http://www.imperialcollegeunion.org/badminton-24/badminton-membership/product.html" "Mozilla/4.0 (compatible; MSIE 8.0; Windows NT 6.0; Trident/4.0; Mozilla/4.0 (compatible; MSIE 6.0; Windows NT 5.1; SV1) ; SLCC1; .NET CLR 2.0.50727; Media Center PC 5.0; InfoPath.1; .NET CLR 3.5.21022; OfficeLiveConnector.1.3; OfficeLivePatch.0.0; .NET CLR 3.5.30729; CIBA; .NET CLR 3.0.30729)"
129.31.82.53 - - [06/Oct/2009:16:07:45 +0000] "GET /rcc/outdoor/trips/favicon.ico HTTP/1.1" 302 247 "-" "Mozilla/4.0 (compatible; MSIE 8.0; Windows NT 6.0; Trident/4.0; GTB6; SLCC1; .NET CLR 2.0.50727; Media Center PC 5.0; eSobiSubscriber 2.0.4.16; .NET CLR 3.5.30729; .NET CLR 3.0.30618; InfoPath.2)"
129.31.82.53 - - [06/Oct/2009:16:07:45 +0000] "GET /rcc/outdoor/trips/favicon.ico HTTP/1.1" 302 247 "-" "Mozilla/4.0 (compatible; MSIE 8.0; Windows NT 6.0; Trident/4.0; GTB6; SLCC1; .NET CLR 2.0.50727; Media Center PC 5.0; eSobiSubscriber 2.0.4.16; .NET CLR 3.5.30729; .NET CLR 3.0.30618; InfoPath.2)"
129.31.82.53 - - [06/Oct/2009:16:07:45 +0000] "GET /rcc/outdoor/trips/favicon.ico HTTP/1.1" 302 247 "-" "Mozilla/4.0 (compatible; MSIE 8.0; Windows NT 6.0; Trident/4.0; GTB6; SLCC1; .NET CLR 2.0.50727; Media Center PC 5.0; eSobiSubscriber 2.0.4.16; .NET CLR 3.5.30729; .NET CLR 3.0.30618; InfoPath.2)"
129.31.82.53 - - [06/Oct/2009:16:07:45 +0000] "GET /rcc/outdoor/trips/favicon.ico HTTP/1.1" 302 247 "-" "Mozilla/4.0 (compatible; MSIE 8.0; Windows NT 6.0; Trident/4.0; GTB6; SLCC1; .NET CLR 2.0.50727; Media Center PC 5.0; eSobiSubscriber 2.0.4.16; .NET CLR 3.5.30729; .NET CLR 3.0.30618; InfoPath.2)"
129.31.82.53 - - [06/Oct/2009:16:07:45 +0000] "GET /rcc/outdoor/trips/favicon.ico HTTP/1.1" 302 247 "-" "Mozilla/4.0 (compatible; MSIE 8.0; Windows NT 6.0; Trident/4.0; GTB6; SLCC1; .NET CLR 2.0.50727; Media Center PC 5.0; eSobiSubscriber 2.0.4.16; .NET CLR 3.5.30729; .NET CLR 3.0.30618; InfoPath.2)"
64.233.173.2 - - [06/Oct/2009:16:07:47 +0000] "GET /news.xml?rnd=456 HTTP/1.1" 302 269 "-" "Feedfetcher-Google; (+http://www.google.com/feedfetcher.html; feed-id=12535852977259580831)"
89.28.208.5 - - [06/Oct/2009:16:07:48 +0000] "GET /contact-us/ HTTP/1.0" 200 15980 "-" "check_http/v1861 (nagios-plugins 1.4.11)"
66.249.71.72 - - [06/Oct/2009:16:07:49 +0000] "GET /wilkinson-hall-409/wilkinson-hall-coming-up-dinner-halal-menu-1420/product.html HTTP/1.1" 302 261 "-" "Mozilla/5.0 (compatible; Googlebot/2.1; +http://www.google.com/bot.html)"
65.55.106.179 - - [06/Oct/2009:16:07:49 +0000] "GET /medic/debating/forum/index.php?action=search%252525252525252525253badvanced HTTP/1.1" 302 295 "-" "msnbot/2.0b (+http://search.msn.com/msnbot.htm)"
155.198.57.38 - - [06/Oct/2009:16:07:49 +0000] "GET /events.xml HTTP/1.1" 200 5128 "-" "Java/1.4.2_14"
66.249.85.66 - - [06/Oct/2009:16:07:50 +0000] "GET /news.xml?rnd=1000 HTTP/1.1" 302 270 "-" "Feedfetcher-Google; (+http://www.google.com/feedfetcher.html; feed-id=11637646991357075134)"
129.31.83.58 - - [06/Oct/2009:16:07:51 +0000] "GET /images-global/zoom/spacer.gif HTTP/1.1" 404 8593 "http://www.union.ic.ac.uk/acc/kungfu/training_costs.php" "Mozilla/5.0 (Windows; U; Windows NT 6.1; en-US) AppleWebKit/532.0 (KHTML, like Gecko) Chrome/3.0.195.24 Safari/532.0"
129.31.83.58 - - [06/Oct/2009:16:07:51 +0000] "GET /images-global/zoom/zoom-spin-1.png HTTP/1.1" 404 8593 "http://www.union.ic.ac.uk/acc/kungfu/training_costs.php" "Mozilla/5.0 (Windows; U; Windows NT 6.1; en-US) AppleWebKit/532.0 (KHTML, like Gecko) Chrome/3.0.195.24 Safari/532.0"
129.31.83.58 - - [06/Oct/2009:16:07:51 +0000] "GET /images-global/zoom/zoom-caption-l.png HTTP/1.1" 404 8593 "http://www.union.ic.ac.uk/acc/kungfu/training_costs.php" "Mozilla/5.0 (Windows; U; Windows NT 6.1; en-US) AppleWebKit/532.0 (KHTML, like Gecko) Chrome/3.0.195.24 Safari/532.0"
129.31.83.58 - - [06/Oct/2009:16:07:51 +0000] "GET /images-global/zoom/closebox.png HTTP/1.1" 404 8583 "http://www.union.ic.ac.uk/acc/kungfu/training_costs.php" "Mozilla/5.0 (Windows; U; Windows NT 6.1; en-US) AppleWebKit/532.0 (KHTML, like Gecko) Chrome/3.0.195.24 Safari/532.0"
129.31.83.58 - - [06/Oct/2009:16:07:51 +0000] "GET /images-global/zoom/zoom-caption-r.png HTTP/1.1" 404 8593 "http://www.union.ic.ac.uk/acc/kungfu/training_costs.php" "Mozilla/5.0 (Windows; U; Windows NT 6.1; en-US) AppleWebKit/532.0 (KHTML, like Gecko) Chrome/3.0.195.24 Safari/532.0"
129.31.83.58 - - [06/Oct/2009:16:07:51 +0000] "GET /images-global/zoom/zoom-caption-fill.png HTTP/1.1" 404 8583 "http://www.union.ic.ac.uk/acc/kungfu/training_costs.php" "Mozilla/5.0 (Windows; U; Windows NT 6.1; en-US) AppleWebKit/532.0 (KHTML, like Gecko) Chrome/3.0.195.24 Safari/532.0"
129.31.82.114 - - [06/Oct/2009:16:07:52 +0000] "GET /fellwanderers-94/category.html HTTP/1.1" 200 8945 "http://www.union.ic.ac.uk/rcc/fellwanderers/NewMembers" "Mozilla/5.0 (Windows; U; Windows NT 5.1; de; rv:1.9.1.3) Gecko/20090824 Firefox/3.5.3 (.NET CLR 3.5.30729)"
155.198.14.113 - - [06/Oct/2009:16:07:52 +0000] "GET /news/change-to-freshers-fair-plans,303,ICUNS.html HTTP/1.1" 200 9974 "http://www3.imperial.ac.uk/students" "Mozilla/4.0 (compatible; MSIE 8.0; Windows NT 5.1; Trident/4.0; .NET CLR 1.1.4322; Imperial College; .NET CLR 2.0.50727; .NET CLR 3.0.4506.2152; .NET CLR 3.5.30729; InfoPath.2; Imperial College)"
89.28.208.5 - - [06/Oct/2009:16:07:53 +0000] "GET / HTTP/1.0" 200 37877 "-" "check_http/v1861 (nagios-plugins 1.4.11)"
155.198.168.63 - - [06/Oct/2009:16:07:54 +0000] "GET /clubs-and-societies/a-to-z/f/fashion/ HTTP/1.1" 200 11462 "http://www.imperialcollegeunion.org/clubs-and-societies/a-to-z/?lp=303" "Mozilla/4.0 (compatible; MSIE 7.0; Windows NT 5.1; .NET CLR 1.1.4322; .NET CLR 2.0.50727; .NET CLR 3.0.04506.648; .NET CLR 3.5.21022; InfoPath.2; Imperial College; Imperial College)"
155.198.57.38 - - [06/Oct/2009:16:07:56 +0000] "GET /events.xml HTTP/1.1" 200 5128 "-" "Java/1.4.2_14"
155.198.9.103 - - [06/Oct/2009:16:07:59 +0000] "GET /archey HTTP/1.1" 404 9452 "-" "Mozilla/4.0 (compatible; MSIE 8.0; Windows NT 5.1; Trident/4.0; .NET CLR 1.1.4322; Imperial College; .NET CLR 2.0.50727; .NET CLR 3.0.4506.2152; .NET CLR 3.5.30729; InfoPath.2; Imperial College)"
66.249.71.120 - - [06/Oct/2009:16:08:00 +0000] "GET /handheld/events/pimms-in-the-quad,354,EV.html HTTP/1.1" 302 261 "-" "Mozilla/5.0 (compatible; Googlebot/2.1; +http://www.google.com/bot.html)"
155.198.14.113 - - [06/Oct/2009:16:08:00 +0000] "GET /clubs-and-societies/ HTTP/1.1" 200 64713 "https://www.imperialcollegeunion.org/news/change-to-freshers-fair-plans,303,ICUNS.html" "Mozilla/4.0 (compatible; MSIE 8.0; Windows NT 5.1; Trident/4.0; .NET CLR 1.1.4322; Imperial College; .NET CLR 2.0.50727; .NET CLR 3.0.4506.2152; .NET CLR 3.5.30729; InfoPath.2; Imperial College)"
155.198.14.113 - - [06/Oct/2009:16:08:00 +0000] "GET /unions/news.vm?id=com.othermedia.imperial.model.clubsociety.UnionTab-L-6 HTTP/1.1" 200 5377 "https://www.imperialcollegeunion.org/clubs-and-societies/" "Mozilla/4.0 (compatible; MSIE 8.0; Windows NT 5.1; Trident/4.0; .NET CLR 1.1.4322; Imperial College; .NET CLR 2.0.50727; .NET CLR 3.0.4506.2152; .NET CLR 3.5.30729; InfoPath.2; Imperial College)"
155.198.14.113 - - [06/Oct/2009:16:08:01 +0000] "GET /membership.vm?id=com.othercommerce.imperial.shop.model.ProductGroupHandle-L-575 HTTP/1.1" 200 214 "https://www.imperialcollegeunion.org/clubs-and-societies/" "Mozilla/4.0 (compatible; MSIE 8.0; Windows NT 5.1; Trident/4.0; .NET CLR 1.1.4322; Imperial College; .NET CLR 2.0.50727; .NET CLR 3.0.4506.2152; .NET CLR 3.5.30729; InfoPath.2; Imperial College)"
155.198.222.98 - - [06/Oct/2009:16:08:01 +0000] "GET / HTTP/1.1" 200 12792 "http://www.union.ic.ac.uk/acc/ski/" "Mozilla/4.0 (compatible; MSIE 7.0; Windows NT 5.1; Imperial College; InfoPath.1; .NET CLR 1.1.4322; .NET CLR 2.0.50727)"
155.198.57.38 - - [06/Oct/2009:16:08:01 +0000] "GET /events.xml HTTP/1.1" 200 5128 "-" "Java/1.4.2_14"
66.249.71.72 - - [06/Oct/2009:16:08:03 +0000] "GET /events/colin-murray,321,EV.html HTTP/1.1" 302 261 "-" "Mozilla/5.0 (compatible; Googlebot/2.1; +http://www.google.com/bot.html)"
155.198.222.98 - - [06/Oct/2009:16:08:03 +0000] "GET / HTTP/1.1" 200 12792 "http://www.union.ic.ac.uk/acc/ski/Committee" "Mozilla/4.0 (compatible; MSIE 7.0; Windows NT 5.1; Imperial College; InfoPath.1; .NET CLR 1.1.4322; .NET CLR 2.0.50727)"
155.198.57.38 - - [06/Oct/2009:16:08:04 +0000] "GET /news.xml HTTP/1.1" 200 6406 "-" "Java/1.4.2_14"
217.43.191.12 - - [06/Oct/2009:16:08:06 +0000] "GET /med HTTP/1.1" 302 261 "-" "Mozilla/5.0 (Windows; U; Windows NT 6.0; en-GB; rv:1.9.1.3) Gecko/20090824 Firefox/3.5.3 (.NET CLR 3.5.30729)"
155.198.9.103 - - [06/Oct/2009:16:08:06 +0000] "GET /search.html?q=archery HTTP/1.1" 200 9782 "http://www.imperialcollegeunion.org/archey" "Mozilla/4.0 (compatible; MSIE 8.0; Windows NT 5.1; Trident/4.0; .NET CLR 1.1.4322; Imperial College; .NET CLR 2.0.50727; .NET CLR 3.0.4506.2152; .NET CLR 3.5.30729; InfoPath.2; Imperial College)"
155.198.57.23 - - [06/Oct/2009:16:08:06 +0000] "GET /news.xml HTTP/1.1" 200 6406 "-" "Java/1.4.2_14"
155.198.57.23 - - [06/Oct/2009:16:08:07 +0000] "GET /events.xml HTTP/1.1" 200 5128 "-" "Java/1.4.2_14"
155.198.57.23 - - [06/Oct/2009:16:08:07 +0000] "GET /news.xml HTTP/1.1" 200 6406 "-" "Java/1.4.2_14"
66.235.124.15 - - [06/Oct/2009:16:08:08 +0000] "GET /information-and-advice/health-wellbeing/drugs,44,ICUAP.html HTTP/1.1" 302 261 "-" "Mozilla/5.0 (compatible; Ask Jeeves/Teoma; +http://about.ask.com/en/docs/about/webmasters.shtml)"
155.198.57.38 - - [06/Oct/2009:16:08:09 +0000] "GET /news.xml HTTP/1.1" 200 6406 "-" "Java/1.4.2_14"
155.198.57.38 - - [06/Oct/2009:16:08:11 +0000] "GET /events.xml HTTP/1.1" 200 5128 "-" "Java/1.4.2_14"
155.198.57.23 - - [06/Oct/2009:16:08:12 +0000] "GET /events.xml HTTP/1.1" 200 5128 "-" "Java/1.4.2_14"
129.31.82.53 - - [06/Oct/2009:16:08:13 +0000] "GET /clubs-and-societies/a-to-z/o/outdoor/ HTTP/1.1" 200 12173 "http://www.imperialcollegeunion.org/clubs-and-societies/a-to-z/o/" "Mozilla/4.0 (compatible; MSIE 8.0; Windows NT 6.0; Trident/4.0; GTB6; SLCC1; .NET CLR 2.0.50727; Media Center PC 5.0; eSobiSubscriber 2.0.4.16; .NET CLR 3.5.30729; .NET CLR 3.0.30618; InfoPath.2)"
155.198.57.23 - - [06/Oct/2009:16:08:13 +0000] "GET /events.xml HTTP/1.1" 200 5128 "-" "Java/1.4.2_14"
155.198.9.103 - - [06/Oct/2009:16:08:13 +0000] "GET /clubs-and-societies/a-to-z/a/archery/ HTTP/1.1" 200 11210 "http://www.imperialcollegeunion.org/search.html?q=archery" "Mozilla/4.0 (compatible; MSIE 8.0; Windows NT 5.1; Trident/4.0; .NET CLR 1.1.4322; Imperial College; .NET CLR 2.0.50727; .NET CLR 3.0.4506.2152; .NET CLR 3.5.30729; InfoPath.2; Imperial College)"
217.43.191.12 - - [06/Oct/2009:16:08:14 +0000] "GET /med HTTP/1.1" 302 261 "-" "Mozilla/5.0 (Windows; U; Windows NT 6.0; en-GB; rv:1.9.1.3) Gecko/20090824 Firefox/3.5.3 (.NET CLR 3.5.30729)"
155.198.14.148 - - [06/Oct/2009:16:08:14 +0000] "GET /clubs-and-societies HTTP/1.1" 200 64816 "-" "Mozilla/4.0 (compatible; MSIE 8.0; Windows NT 5.1; Trident/4.0; .NET CLR 1.1.4322; Imperial College; .NET CLR 2.0.50727; .NET CLR 3.0.4506.2152; .NET CLR 3.5.30729; InfoPath.2; Imperial College)"
155.198.57.23 - - [06/Oct/2009:16:08:14 +0000] "GET /events.xml HTTP/1.1" 200 5128 "-" "Java/1.4.2_14"
155.198.14.148 - - [06/Oct/2009:16:08:15 +0000] "GET /membership.vm?id=com.othercommerce.imperial.shop.model.ProductGroupHandle-L-75 HTTP/1.1" 200 212 "http://imperialcollegeunion.org/clubs-and-societies" "Mozilla/4.0 (compatible; MSIE 8.0; Windows NT 5.1; Trident/4.0; .NET CLR 1.1.4322; Imperial College; .NET CLR 2.0.50727; .NET CLR 3.0.4506.2152; .NET CLR 3.5.30729; InfoPath.2; Imperial College)"
155.198.14.148 - - [06/Oct/2009:16:08:15 +0000] "GET /unions/news.vm?id=com.othermedia.imperial.model.clubsociety.UnionTab-L-6 HTTP/1.1" 200 13054 "http://imperialcollegeunion.org/clubs-and-societies" "Mozilla/4.0 (compatible; MSIE 8.0; Windows NT 5.1; Trident/4.0; .NET CLR 1.1.4322; Imperial College; .NET CLR 2.0.50727; .NET CLR 3.0.4506.2152; .NET CLR 3.5.30729; InfoPath.2; Imperial College)"
155.198.57.23 - - [06/Oct/2009:16:08:16 +0000] "GET /events.xml HTTP/1.1" 200 5128 "-" "Java/1.4.2_14"
66.249.71.72 - - [06/Oct/2009:16:08:16 +0000] "GET /clubs-and-societies/a-to-z/c/civil-engineering/ HTTP/1.1" 302 261 "-" "Mozilla/5.0 (compatible; Googlebot/2.1; +http://www.google.com/bot.html)"
129.31.68.69 - - [06/Oct/2009:16:08:16 +0000] "GET /login.html?requestedUrl=%2Fevents%2Ffreshers-fair-2009%2C489%2CEV.html HTTP/1.1" 200 212 "http://www.imperialcollegeunion.org/events/freshers-fair-2009,489,EV.html" "Mozilla/4.0 (compatible; MSIE 8.0; Windows NT 6.0; Trident/4.0; SLCC1; .NET CLR 2.0.50727; Media Center PC 5.0; .NET CLR 3.5.30729; .NET CLR 3.0.30618)"
155.198.57.38 - - [06/Oct/2009:16:08:18 +0000] "GET /events.xml HTTP/1.1" 200 5128 "-" "Java/1.4.2_14"
155.198.57.23 - - [06/Oct/2009:16:08:18 +0000] "GET /events.xml HTTP/1.1" 200 5128 "-" "Java/1.4.2_14"
155.198.57.38 - - [06/Oct/2009:16:08:19 +0000] "GET /news.xml HTTP/1.1" 200 6406 "-" "Java/1.4.2_14"
155.198.57.38 - - [06/Oct/2009:16:08:20 +0000] "GET /news.xml HTTP/1.1" 200 6406 "-" "Java/1.4.2_14"
155.198.14.113 - - [06/Oct/2009:16:08:20 +0000] "GET /membership.vm?id=com.othercommerce.imperial.shop.model.ProductGroupHandle-L-104 HTTP/1.1" 200 219 "https://www.imperialcollegeunion.org/clubs-and-societies/" "Mozilla/4.0 (compatible; MSIE 8.0; Windows NT 5.1; Trident/4.0; .NET CLR 1.1.4322; Imperial College; .NET CLR 2.0.50727; .NET CLR 3.0.4506.2152; .NET CLR 3.5.30729; InfoPath.2; Imperial College)"
155.198.57.38 - - [06/Oct/2009:16:08:21 +0000] "GET /events.xml HTTP/1.1" 200 5128 "-" "Java/1.4.2_14"
155.198.57.23 - - [06/Oct/2009:16:08:21 +0000] "GET /events.xml HTTP/1.1" 200 5128 "-" "Java/1.4.2_14"
155.198.57.38 - - [06/Oct/2009:16:08:23 +0000] "GET /news.xml HTTP/1.1" 200 6406 "-" "Java/1.4.2_14"
155.198.103.222 - - [06/Oct/2009:16:08:24 +0000] "GET /clubs-and-societies/a-to-z/b/basketball/ HTTP/1.1" 200 12140 "http://www.google.com/search?hl=en&rls=com.microsoft%3Aen-US&q=basket+ball+site%3Awww.imperialcollegeunion.org&aq=f&oq=&aqi=" "Mozilla/4.0 (compatible; MSIE 8.0; Windows NT 5.1; Trident/4.0; .NET CLR 1.1.4322; .NET CLR 2.0.50727; .NET CLR 3.0.4506.2152; .NET CLR 3.5.30729; InfoPath.2; Imperial College)"
155.198.57.38 - - [06/Oct/2009:16:08:24 +0000] "GET /events.xml HTTP/1.1" 200 5128 "-" "Java/1.4.2_14"
155.198.14.113 - - [06/Oct/2009:16:08:25 +0000] "GET /membership.vm?id=com.othercommerce.imperial.shop.model.ProductGroupHandle-L-90 HTTP/1.1" 200 213 "https://www.imperialcollegeunion.org/clubs-and-societies/" "Mozilla/4.0 (compatible; MSIE 8.0; Windows NT 5.1; Trident/4.0; .NET CLR 1.1.4322; Imperial College; .NET CLR 2.0.50727; .NET CLR 3.0.4506.2152; .NET CLR 3.5.30729; InfoPath.2; Imperial College)"
66.249.85.66 - - [06/Oct/2009:16:08:25 +0000] "GET /news.xml?rnd=396 HTTP/1.1" 302 269 "-" "Feedfetcher-Google; (+http://www.google.com/feedfetcher.html; feed-id=9870355023136638324)"
66.249.85.66 - - [06/Oct/2009:16:08:25 +0000] "GET /news.xml?rnd=154 HTTP/1.1" 302 269 "-" "Feedfetcher-Google; (+http://www.google.com/feedfetcher.html; feed-id=14534291475803600666)"
155.198.199.216 - - [06/Oct/2009:16:08:26 +0000] "GET /clubs-and-societies/ HTTP/1.1" 200 64555 "http://www3.imperial.ac.uk/campus_life" "Mozilla/5.0 (Windows; U; Windows NT 6.0; en-GB; rv:1.9.1.3) Gecko/20090824 Firefox/3.5.3 (.NET CLR 3.5.30729)"
155.198.199.216 - - [06/Oct/2009:16:08:26 +0000] "GET /unions/news.vm?id=com.othermedia.imperial.model.clubsociety.UnionTab-L-6 HTTP/1.1" 200 5370 "http://www.imperialcollegeunion.org/clubs-and-societies/" "Mozilla/5.0 (Windows; U; Windows NT 6.0; en-GB; rv:1.9.1.3) Gecko/20090824 Firefox/3.5.3 (.NET CLR 3.5.30729)"
